---
http_interactions:
- request:
    method: get
    uri: http://localhost:3000/catalogs?name=test
    body:
      encoding: US-ASCII
      string: ''
    headers:
      Accept-Encoding:
      - gzip;q=1.0,deflate;q=0.6,identity;q=0.3
      Accept:
      - ! '*/*'
      User-Agent:
      - Ruby
  response:
    status:
      code: 200
      message: ! 'OK '
    headers:
      Content-Type:
      - application/json; charset=utf-8
      X-Ua-Compatible:
      - IE=Edge,chrome=1
      Etag:
      - ! '"c6c272cda92670c82166314c9718efda"'
      Cache-Control:
      - max-age=0, private, must-revalidate
      X-Request-Id:
      - 193bd7000505873c57d1672bf779a946
      X-Runtime:
      - '0.005438'
      Content-Length:
      - '129'
      Server:
      - WEBrick/1.3.1 (Ruby/1.9.3/2012-04-20)
      Date:
      - Fri, 05 Oct 2012 02:03:10 GMT
      Connection:
      - Keep-Alive
    body:
      encoding: US-ASCII
      string: ! '{"catalogs":[{"created_at":"2012-10-05T02:01:30Z","description":null,"id":65,"name":"test","updated_at":"2012-10-05T02:01:30Z"}]}'
    http_version: 
  recorded_at: Fri, 05 Oct 2012 02:03:10 GMT
- request:
    method: delete
    uri: http://localhost:3000/catalogs/65
    body:
      encoding: US-ASCII
      string: ''
    headers:
      Accept:
      - ! '*/*'
      User-Agent:
      - Ruby
  response:
    status:
      code: 204
      message: ! 'No Content '
    headers:
      X-Ua-Compatible:
      - IE=Edge,chrome=1
      Cache-Control:
      - no-cache
      X-Request-Id:
      - eaf7747abae8e9f022d571acf268a5c1
      X-Runtime:
      - '0.054761'
      Server:
      - WEBrick/1.3.1 (Ruby/1.9.3/2012-04-20)
      Date:
      - Fri, 05 Oct 2012 02:03:10 GMT
      Connection:
      - close
    body:
      encoding: US-ASCII
      string: ''
    http_version: 
  recorded_at: Fri, 05 Oct 2012 02:03:10 GMT
- request:
    method: get
    uri: http://localhost:3000/catalogs
    body:
      encoding: US-ASCII
      string: ''
    headers:
      Accept-Encoding:
      - gzip;q=1.0,deflate;q=0.6,identity;q=0.3
      Accept:
      - ! '*/*'
      User-Agent:
      - Ruby
  response:
    status:
      code: 200
      message: ! 'OK '
    headers:
      Content-Type:
      - application/json; charset=utf-8
      X-Ua-Compatible:
      - IE=Edge,chrome=1
      Etag:
      - ! '"74067ca4c2d1b4167b810bd9a4d6c23b"'
      Cache-Control:
      - max-age=0, private, must-revalidate
      X-Request-Id:
      - 87260d4b821bb84bda8f39ff779a4502
      X-Runtime:
      - '0.004363'
      Content-Length:
      - '265'
      Server:
      - WEBrick/1.3.1 (Ruby/1.9.3/2012-04-20)
      Date:
      - Fri, 05 Oct 2012 02:03:10 GMT
      Connection:
      - Keep-Alive
    body:
      encoding: US-ASCII
      string: ! '{"catalogs":[{"created_at":"2012-10-05T01:20:43Z","description":"GoodGuide
        catalog","id":1,"name":"GoodGuide","updated_at":"2012-10-05T01:20:43Z"},{"created_at":"2012-10-05T01:35:37Z","description":"ESA","id":44,"name":"test2","updated_at":"2012-10-05T01:35:37Z"}]}'
    http_version: 
  recorded_at: Fri, 05 Oct 2012 02:03:10 GMT
recorded_with: VCR 2.2.4
