---
http_interactions:
- request:
    method: get
    uri: http://localhost:3000/v1/catalogs.json?name=test
    body:
      encoding: US-ASCII
      string: ''
    headers:
      Accept-Encoding:
      - gzip;q=1.0,deflate;q=0.6,identity;q=0.3
      Accept:
      - ! '*/*'
      User-Agent:
      - Ruby
  response:
    status:
      code: 200
      message: ! 'OK '
    headers:
      Content-Type:
      - application/json; charset=utf-8
      X-Ua-Compatible:
      - IE=Edge,chrome=1
      Etag:
      - ! '"d751713988987e9331980363e24189ce"'
      Cache-Control:
      - max-age=0, private, must-revalidate
      X-Request-Id:
      - 416539d5e11e098f3d855c22936d7169
      X-Runtime:
      - '0.007540'
      Server:
      - WEBrick/1.3.1 (Ruby/1.9.2/2012-04-20)
      Date:
      - Tue, 12 Feb 2013 22:30:52 GMT
      Content-Length:
      - '2'
      Connection:
      - Keep-Alive
    body:
      encoding: US-ASCII
      string: ! '[]'
    http_version: !!null 
  recorded_at: Tue, 12 Feb 2013 22:30:52 GMT
- request:
    method: get
    uri: http://localhost:3000/v1/catalogs.json?name=test2
    body:
      encoding: US-ASCII
      string: ''
    headers:
      Accept-Encoding:
      - gzip;q=1.0,deflate;q=0.6,identity;q=0.3
      Accept:
      - ! '*/*'
      User-Agent:
      - Ruby
  response:
    status:
      code: 200
      message: ! 'OK '
    headers:
      Content-Type:
      - application/json; charset=utf-8
      X-Ua-Compatible:
      - IE=Edge,chrome=1
      Etag:
      - ! '"d751713988987e9331980363e24189ce"'
      Cache-Control:
      - max-age=0, private, must-revalidate
      X-Request-Id:
      - e3cc513604d44f66f0467bb666d431f6
      X-Runtime:
      - '0.005974'
      Server:
      - WEBrick/1.3.1 (Ruby/1.9.2/2012-04-20)
      Date:
      - Tue, 12 Feb 2013 22:30:52 GMT
      Content-Length:
      - '2'
      Connection:
      - Keep-Alive
    body:
      encoding: US-ASCII
      string: ! '[]'
    http_version: !!null 
  recorded_at: Tue, 12 Feb 2013 22:30:52 GMT
- request:
    method: post
    uri: http://localhost:3000/v1/catalogs
    body:
      encoding: US-ASCII
      string: name=test2&description=NASA
    headers:
      Content-Type:
      - application/x-www-form-urlencoded
      Accept:
      - ! '*/*'
      User-Agent:
      - Ruby
  response:
    status:
      code: 201
      message: ! 'Created '
    headers:
      Location:
      - http://localhost:3000/v1/catalogs/8
      Content-Type:
      - application/json; charset=utf-8
      X-Ua-Compatible:
      - IE=Edge,chrome=1
      Etag:
      - ! '"22c3724a8949a17ddbadb4985b1d5b3f"'
      Cache-Control:
      - max-age=0, private, must-revalidate
      X-Request-Id:
      - b2631f4b67e0d8170cb22dfd4ec9ddee
      X-Runtime:
      - '0.078694'
      Server:
      - WEBrick/1.3.1 (Ruby/1.9.2/2012-04-20)
      Date:
      - Tue, 12 Feb 2013 22:30:52 GMT
      Content-Length:
      - '145'
      Connection:
      - Keep-Alive
    body:
      encoding: US-ASCII
      string: ! '{"created_at":"2013-02-12T22:30:52Z","description":"NASA","id":8,"name":"test2","options":{"image_src":null},"updated_at":"2013-02-12T22:30:52Z"}'
    http_version: !!null 
  recorded_at: Tue, 12 Feb 2013 22:30:52 GMT
- request:
    method: get
    uri: http://localhost:3000/v1/catalogs/8
    body:
      encoding: US-ASCII
      string: ''
    headers:
      Accept-Encoding:
      - gzip;q=1.0,deflate;q=0.6,identity;q=0.3
      Accept:
      - ! '*/*'
      User-Agent:
      - Ruby
  response:
    status:
      code: 200
      message: ! 'OK '
    headers:
      Content-Type:
      - application/json; charset=utf-8
      X-Ua-Compatible:
      - IE=Edge,chrome=1
      Etag:
      - ! '"5771267005405864d996d4fbb27b36eb"'
      Cache-Control:
      - max-age=0, private, must-revalidate
      X-Request-Id:
      - 680be5fc24e7370cf7b85229879f2c75
      X-Runtime:
      - '0.013749'
      Server:
      - WEBrick/1.3.1 (Ruby/1.9.2/2012-04-20)
      Date:
      - Tue, 12 Feb 2013 22:30:52 GMT
      Content-Length:
      - '2332'
      Connection:
      - Keep-Alive
    body:
      encoding: US-ASCII
      string: ! '{"created_at":"2013-02-12T22:30:52Z","description":"NASA","id":8,"name":"test2","options":{"image_src":null},"updated_at":"2013-02-12T22:30:52Z","attrs":[{"catalog_id":8,"created_at":"2013-02-12T22:30:52Z","entity_type":"Brand","id":46,"name":"name","options":{"enum":null,"list":false,"allow_nil":true,"default_value":null,"min_items":null,"max_items":null,"unique_items":null,"referenced_catalog_id":null,"referenced_attr_id":null,"source_attr_id":null,"sort":null,"position":0,"hide":false,"title":"Name","enum_titles":null},"updated_at":"2013-02-12T22:30:52Z","type":"IdentityAttr"},{"catalog_id":8,"created_at":"2013-02-12T22:30:52Z","entity_type":"Category","id":47,"name":"name","options":{"enum":null,"list":false,"allow_nil":true,"default_value":null,"min_items":null,"max_items":null,"unique_items":null,"referenced_catalog_id":null,"referenced_attr_id":null,"source_attr_id":null,"sort":null,"position":0,"hide":false,"title":"Name","enum_titles":null},"updated_at":"2013-02-12T22:30:52Z","type":"IdentityAttr"},{"catalog_id":8,"created_at":"2013-02-12T22:30:52Z","entity_type":"Company","id":48,"name":"name","options":{"enum":null,"list":false,"allow_nil":true,"default_value":null,"min_items":null,"max_items":null,"unique_items":null,"referenced_catalog_id":null,"referenced_attr_id":null,"source_attr_id":null,"sort":null,"position":0,"hide":false,"title":"Name","enum_titles":null},"updated_at":"2013-02-12T22:30:52Z","type":"IdentityAttr"},{"catalog_id":8,"created_at":"2013-02-12T22:30:52Z","entity_type":"Ingredient","id":49,"name":"name","options":{"enum":null,"list":false,"allow_nil":true,"default_value":null,"min_items":null,"max_items":null,"unique_items":null,"referenced_catalog_id":null,"referenced_attr_id":null,"source_attr_id":null,"sort":null,"position":0,"hide":false,"title":"Name","enum_titles":null},"updated_at":"2013-02-12T22:30:52Z","type":"IdentityAttr"},{"catalog_id":8,"created_at":"2013-02-12T22:30:52Z","entity_type":"Product","id":50,"name":"name","options":{"enum":null,"list":false,"allow_nil":true,"default_value":null,"min_items":null,"max_items":null,"unique_items":null,"referenced_catalog_id":null,"referenced_attr_id":null,"source_attr_id":null,"sort":null,"position":0,"hide":false,"title":"Name","enum_titles":null},"updated_at":"2013-02-12T22:30:52Z","type":"IdentityAttr"}]}'
    http_version: !!null 
  recorded_at: Tue, 12 Feb 2013 22:30:52 GMT
- request:
    method: put
    uri: http://localhost:3000/v1/catalogs/8
    body:
      encoding: UTF-8
      string: created_at=2013-02-12T22%3A30%3A52Z&description=ESA&id=8&name=test2&options%5Bimage_src%5D&updated_at=2013-02-12T22%3A30%3A52Z&attrs%5B%5D%5Bcatalog_id%5D=8&attrs%5B%5D%5Bcreated_at%5D=2013-02-12T22%3A30%3A52Z&attrs%5B%5D%5Bentity_type%5D=Brand&attrs%5B%5D%5Bid%5D=46&attrs%5B%5D%5Bname%5D=name&attrs%5B%5D%5Boptions%5D%5Benum%5D&attrs%5B%5D%5Boptions%5D%5Blist%5D=false&attrs%5B%5D%5Boptions%5D%5Ballow_nil%5D=true&attrs%5B%5D%5Boptions%5D%5Bdefault_value%5D&attrs%5B%5D%5Boptions%5D%5Bmin_items%5D&attrs%5B%5D%5Boptions%5D%5Bmax_items%5D&attrs%5B%5D%5Boptions%5D%5Bunique_items%5D&attrs%5B%5D%5Boptions%5D%5Breferenced_catalog_id%5D&attrs%5B%5D%5Boptions%5D%5Breferenced_attr_id%5D&attrs%5B%5D%5Boptions%5D%5Bsource_attr_id%5D&attrs%5B%5D%5Boptions%5D%5Bsort%5D&attrs%5B%5D%5Boptions%5D%5Bposition%5D=0&attrs%5B%5D%5Boptions%5D%5Bhide%5D=false&attrs%5B%5D%5Boptions%5D%5Btitle%5D=Name&attrs%5B%5D%5Boptions%5D%5Benum_titles%5D&attrs%5B%5D%5Bupdated_at%5D=2013-02-12T22%3A30%3A52Z&attrs%5B%5D%5Btype%5D=IdentityAttr&attrs%5B%5D%5Bcatalog_id%5D=8&attrs%5B%5D%5Bcreated_at%5D=2013-02-12T22%3A30%3A52Z&attrs%5B%5D%5Bentity_type%5D=Category&attrs%5B%5D%5Bid%5D=47&attrs%5B%5D%5Bname%5D=name&attrs%5B%5D%5Boptions%5D%5Benum%5D&attrs%5B%5D%5Boptions%5D%5Blist%5D=false&attrs%5B%5D%5Boptions%5D%5Ballow_nil%5D=true&attrs%5B%5D%5Boptions%5D%5Bdefault_value%5D&attrs%5B%5D%5Boptions%5D%5Bmin_items%5D&attrs%5B%5D%5Boptions%5D%5Bmax_items%5D&attrs%5B%5D%5Boptions%5D%5Bunique_items%5D&attrs%5B%5D%5Boptions%5D%5Breferenced_catalog_id%5D&attrs%5B%5D%5Boptions%5D%5Breferenced_attr_id%5D&attrs%5B%5D%5Boptions%5D%5Bsource_attr_id%5D&attrs%5B%5D%5Boptions%5D%5Bsort%5D&attrs%5B%5D%5Boptions%5D%5Bposition%5D=0&attrs%5B%5D%5Boptions%5D%5Bhide%5D=false&attrs%5B%5D%5Boptions%5D%5Btitle%5D=Name&attrs%5B%5D%5Boptions%5D%5Benum_titles%5D&attrs%5B%5D%5Bupdated_at%5D=2013-02-12T22%3A30%3A52Z&attrs%5B%5D%5Btype%5D=IdentityAttr&attrs%5B%5D%5Bcatalog_id%5D=8&attrs%5B%5D%5Bcreated_at%5D=2013-02-12T22%3A30%3A52Z&attrs%5B%5D%5Bentity_type%5D=Company&attrs%5B%5D%5Bid%5D=48&attrs%5B%5D%5Bname%5D=name&attrs%5B%5D%5Boptions%5D%5Benum%5D&attrs%5B%5D%5Boptions%5D%5Blist%5D=false&attrs%5B%5D%5Boptions%5D%5Ballow_nil%5D=true&attrs%5B%5D%5Boptions%5D%5Bdefault_value%5D&attrs%5B%5D%5Boptions%5D%5Bmin_items%5D&attrs%5B%5D%5Boptions%5D%5Bmax_items%5D&attrs%5B%5D%5Boptions%5D%5Bunique_items%5D&attrs%5B%5D%5Boptions%5D%5Breferenced_catalog_id%5D&attrs%5B%5D%5Boptions%5D%5Breferenced_attr_id%5D&attrs%5B%5D%5Boptions%5D%5Bsource_attr_id%5D&attrs%5B%5D%5Boptions%5D%5Bsort%5D&attrs%5B%5D%5Boptions%5D%5Bposition%5D=0&attrs%5B%5D%5Boptions%5D%5Bhide%5D=false&attrs%5B%5D%5Boptions%5D%5Btitle%5D=Name&attrs%5B%5D%5Boptions%5D%5Benum_titles%5D&attrs%5B%5D%5Bupdated_at%5D=2013-02-12T22%3A30%3A52Z&attrs%5B%5D%5Btype%5D=IdentityAttr&attrs%5B%5D%5Bcatalog_id%5D=8&attrs%5B%5D%5Bcreated_at%5D=2013-02-12T22%3A30%3A52Z&attrs%5B%5D%5Bentity_type%5D=Ingredient&attrs%5B%5D%5Bid%5D=49&attrs%5B%5D%5Bname%5D=name&attrs%5B%5D%5Boptions%5D%5Benum%5D&attrs%5B%5D%5Boptions%5D%5Blist%5D=false&attrs%5B%5D%5Boptions%5D%5Ballow_nil%5D=true&attrs%5B%5D%5Boptions%5D%5Bdefault_value%5D&attrs%5B%5D%5Boptions%5D%5Bmin_items%5D&attrs%5B%5D%5Boptions%5D%5Bmax_items%5D&attrs%5B%5D%5Boptions%5D%5Bunique_items%5D&attrs%5B%5D%5Boptions%5D%5Breferenced_catalog_id%5D&attrs%5B%5D%5Boptions%5D%5Breferenced_attr_id%5D&attrs%5B%5D%5Boptions%5D%5Bsource_attr_id%5D&attrs%5B%5D%5Boptions%5D%5Bsort%5D&attrs%5B%5D%5Boptions%5D%5Bposition%5D=0&attrs%5B%5D%5Boptions%5D%5Bhide%5D=false&attrs%5B%5D%5Boptions%5D%5Btitle%5D=Name&attrs%5B%5D%5Boptions%5D%5Benum_titles%5D&attrs%5B%5D%5Bupdated_at%5D=2013-02-12T22%3A30%3A52Z&attrs%5B%5D%5Btype%5D=IdentityAttr&attrs%5B%5D%5Bcatalog_id%5D=8&attrs%5B%5D%5Bcreated_at%5D=2013-02-12T22%3A30%3A52Z&attrs%5B%5D%5Bentity_type%5D=Product&attrs%5B%5D%5Bid%5D=50&attrs%5B%5D%5Bname%5D=name&attrs%5B%5D%5Boptions%5D%5Benum%5D&attrs%5B%5D%5Boptions%5D%5Blist%5D=false&attrs%5B%5D%5Boptions%5D%5Ballow_nil%5D=true&attrs%5B%5D%5Boptions%5D%5Bdefault_value%5D&attrs%5B%5D%5Boptions%5D%5Bmin_items%5D&attrs%5B%5D%5Boptions%5D%5Bmax_items%5D&attrs%5B%5D%5Boptions%5D%5Bunique_items%5D&attrs%5B%5D%5Boptions%5D%5Breferenced_catalog_id%5D&attrs%5B%5D%5Boptions%5D%5Breferenced_attr_id%5D&attrs%5B%5D%5Boptions%5D%5Bsource_attr_id%5D&attrs%5B%5D%5Boptions%5D%5Bsort%5D&attrs%5B%5D%5Boptions%5D%5Bposition%5D=0&attrs%5B%5D%5Boptions%5D%5Bhide%5D=false&attrs%5B%5D%5Boptions%5D%5Btitle%5D=Name&attrs%5B%5D%5Boptions%5D%5Benum_titles%5D&attrs%5B%5D%5Bupdated_at%5D=2013-02-12T22%3A30%3A52Z&attrs%5B%5D%5Btype%5D=IdentityAttr
    headers:
      Content-Type:
      - application/x-www-form-urlencoded
      Accept:
      - ! '*/*'
      User-Agent:
      - Ruby
  response:
    status:
      code: 204
      message: ! 'No Content '
    headers:
      X-Ua-Compatible:
      - IE=Edge,chrome=1
      Cache-Control:
      - no-cache
      X-Request-Id:
      - 1c3a3103e3f7323c553f62ab408988a5
      X-Runtime:
      - '0.016170'
      Server:
      - WEBrick/1.3.1 (Ruby/1.9.2/2012-04-20)
      Date:
      - Tue, 12 Feb 2013 22:30:52 GMT
    body:
      encoding: US-ASCII
      string: ''
    http_version: !!null 
  recorded_at: Tue, 12 Feb 2013 22:30:52 GMT
- request:
    method: get
    uri: http://localhost:3000/v1/catalogs/8
    body:
      encoding: US-ASCII
      string: ''
    headers:
      Accept-Encoding:
      - gzip;q=1.0,deflate;q=0.6,identity;q=0.3
      Accept:
      - ! '*/*'
      User-Agent:
      - Ruby
  response:
    status:
      code: 200
      message: ! 'OK '
    headers:
      Content-Type:
      - application/json; charset=utf-8
      X-Ua-Compatible:
      - IE=Edge,chrome=1
      Etag:
      - ! '"5e9f94071c33b2fdcc951cb9bbeee96e"'
      Cache-Control:
      - max-age=0, private, must-revalidate
      X-Request-Id:
      - 9fc83798b54f52d3fd4ef136fd7089d9
      X-Runtime:
      - '0.014199'
      Server:
      - WEBrick/1.3.1 (Ruby/1.9.2/2012-04-20)
      Date:
      - Tue, 12 Feb 2013 22:30:52 GMT
      Content-Length:
      - '2331'
      Connection:
      - Keep-Alive
    body:
      encoding: US-ASCII
      string: ! '{"created_at":"2013-02-12T22:30:52Z","description":"ESA","id":8,"name":"test2","options":{"image_src":null},"updated_at":"2013-02-12T22:30:52Z","attrs":[{"catalog_id":8,"created_at":"2013-02-12T22:30:52Z","entity_type":"Brand","id":46,"name":"name","options":{"enum":null,"list":false,"allow_nil":true,"default_value":null,"min_items":null,"max_items":null,"unique_items":null,"referenced_catalog_id":null,"referenced_attr_id":null,"source_attr_id":null,"sort":null,"position":0,"hide":false,"title":"Name","enum_titles":null},"updated_at":"2013-02-12T22:30:52Z","type":"IdentityAttr"},{"catalog_id":8,"created_at":"2013-02-12T22:30:52Z","entity_type":"Category","id":47,"name":"name","options":{"enum":null,"list":false,"allow_nil":true,"default_value":null,"min_items":null,"max_items":null,"unique_items":null,"referenced_catalog_id":null,"referenced_attr_id":null,"source_attr_id":null,"sort":null,"position":0,"hide":false,"title":"Name","enum_titles":null},"updated_at":"2013-02-12T22:30:52Z","type":"IdentityAttr"},{"catalog_id":8,"created_at":"2013-02-12T22:30:52Z","entity_type":"Company","id":48,"name":"name","options":{"enum":null,"list":false,"allow_nil":true,"default_value":null,"min_items":null,"max_items":null,"unique_items":null,"referenced_catalog_id":null,"referenced_attr_id":null,"source_attr_id":null,"sort":null,"position":0,"hide":false,"title":"Name","enum_titles":null},"updated_at":"2013-02-12T22:30:52Z","type":"IdentityAttr"},{"catalog_id":8,"created_at":"2013-02-12T22:30:52Z","entity_type":"Ingredient","id":49,"name":"name","options":{"enum":null,"list":false,"allow_nil":true,"default_value":null,"min_items":null,"max_items":null,"unique_items":null,"referenced_catalog_id":null,"referenced_attr_id":null,"source_attr_id":null,"sort":null,"position":0,"hide":false,"title":"Name","enum_titles":null},"updated_at":"2013-02-12T22:30:52Z","type":"IdentityAttr"},{"catalog_id":8,"created_at":"2013-02-12T22:30:52Z","entity_type":"Product","id":50,"name":"name","options":{"enum":null,"list":false,"allow_nil":true,"default_value":null,"min_items":null,"max_items":null,"unique_items":null,"referenced_catalog_id":null,"referenced_attr_id":null,"source_attr_id":null,"sort":null,"position":0,"hide":false,"title":"Name","enum_titles":null},"updated_at":"2013-02-12T22:30:52Z","type":"IdentityAttr"}]}'
    http_version: !!null 
  recorded_at: Tue, 12 Feb 2013 22:30:52 GMT
recorded_with: VCR 2.4.0
