---
http_interactions:
- request:
    method: get
    uri: http://localhost:3000/v1/providers.json?name=test
    body:
      encoding: US-ASCII
      string: ''
    headers:
      Accept-Encoding:
      - gzip;q=1.0,deflate;q=0.6,identity;q=0.3
      Accept:
      - ! '*/*'
      User-Agent:
      - Ruby
  response:
    status:
      code: 200
      message: ! 'OK '
    headers:
      Content-Type:
      - application/json; charset=utf-8
      X-Ua-Compatible:
      - IE=Edge,chrome=1
      Etag:
      - ! '"d751713988987e9331980363e24189ce"'
      Cache-Control:
      - max-age=0, private, must-revalidate
      X-Request-Id:
      - a2de22fc97ac7c513744ce0a09f3e701
      X-Runtime:
      - '0.003725'
      Server:
      - WEBrick/1.3.1 (Ruby/1.9.2/2012-04-20)
      Date:
      - Tue, 12 Feb 2013 22:30:53 GMT
      Content-Length:
      - '2'
      Connection:
      - Keep-Alive
    body:
      encoding: US-ASCII
      string: ! '[]'
    http_version: !!null 
  recorded_at: Tue, 12 Feb 2013 22:30:53 GMT
- request:
    method: post
    uri: http://localhost:3000/v1/providers
    body:
      encoding: US-ASCII
      string: name=test
    headers:
      Content-Type:
      - application/x-www-form-urlencoded
      Accept:
      - ! '*/*'
      User-Agent:
      - Ruby
  response:
    status:
      code: 201
      message: ! 'Created '
    headers:
      Location:
      - http://localhost:3000/v1/providers/2
      Content-Type:
      - application/json; charset=utf-8
      X-Ua-Compatible:
      - IE=Edge,chrome=1
      Etag:
      - ! '"8bc51eeed2a6927e315ba61a45bac053"'
      Cache-Control:
      - max-age=0, private, must-revalidate
      X-Request-Id:
      - 747542445a68714e941a42a3427cfab4
      X-Runtime:
      - '0.028167'
      Server:
      - WEBrick/1.3.1 (Ruby/1.9.2/2012-04-20)
      Date:
      - Tue, 12 Feb 2013 22:30:53 GMT
      Content-Length:
      - '94'
      Connection:
      - Keep-Alive
    body:
      encoding: US-ASCII
      string: ! '{"created_at":"2013-02-12T22:30:53Z","id":2,"name":"test","updated_at":"2013-02-12T22:30:53Z"}'
    http_version: !!null 
  recorded_at: Tue, 12 Feb 2013 22:30:53 GMT
- request:
    method: get
    uri: http://localhost:3000/v1/providers/2
    body:
      encoding: US-ASCII
      string: ''
    headers:
      Accept-Encoding:
      - gzip;q=1.0,deflate;q=0.6,identity;q=0.3
      Accept:
      - ! '*/*'
      User-Agent:
      - Ruby
  response:
    status:
      code: 200
      message: ! 'OK '
    headers:
      Content-Type:
      - application/json; charset=utf-8
      X-Ua-Compatible:
      - IE=Edge,chrome=1
      Etag:
      - ! '"8bc51eeed2a6927e315ba61a45bac053"'
      Cache-Control:
      - max-age=0, private, must-revalidate
      X-Request-Id:
      - 50685056f38896a24ea53c4b389712e2
      X-Runtime:
      - '0.008660'
      Server:
      - WEBrick/1.3.1 (Ruby/1.9.2/2012-04-20)
      Date:
      - Tue, 12 Feb 2013 22:30:53 GMT
      Content-Length:
      - '94'
      Connection:
      - Keep-Alive
    body:
      encoding: US-ASCII
      string: ! '{"created_at":"2013-02-12T22:30:53Z","id":2,"name":"test","updated_at":"2013-02-12T22:30:53Z"}'
    http_version: !!null 
  recorded_at: Tue, 12 Feb 2013 22:30:53 GMT
recorded_with: VCR 2.4.0
