---
http_interactions:
- request:
    method: get
    uri: http://localhost:3000/providers?name=test
    body:
      encoding: US-ASCII
      string: ''
    headers:
      Accept-Encoding:
      - gzip;q=1.0,deflate;q=0.6,identity;q=0.3
      Accept:
      - ! '*/*'
      User-Agent:
      - Ruby
  response:
    status:
      code: 200
      message: ! 'OK '
    headers:
      Content-Type:
      - application/json; charset=utf-8
      X-Ua-Compatible:
      - IE=Edge,chrome=1
      Etag:
      - ! '"18692d3d5419df2c74bab7c127529fa9"'
      Cache-Control:
      - max-age=0, private, must-revalidate
      X-Request-Id:
      - f0680694c5aef0b01b4104bc9c0ea33a
      X-Runtime:
      - '0.003861'
      Content-Length:
      - '16'
      Server:
      - WEBrick/1.3.1 (Ruby/1.9.3/2012-04-20)
      Date:
      - Thu, 23 Aug 2012 07:40:25 GMT
      Connection:
      - Keep-Alive
    body:
      encoding: US-ASCII
      string: ! '{"providers":[]}'
    http_version: 
  recorded_at: Thu, 23 Aug 2012 07:40:25 GMT
- request:
    method: post
    uri: http://localhost:3000/providers
    body:
      encoding: US-ASCII
      string: name=test
    headers:
      Content-Type:
      - application/x-www-form-urlencoded
      Accept:
      - ! '*/*'
      User-Agent:
      - Ruby
  response:
    status:
      code: 201
      message: ! 'Created '
    headers:
      Location:
      - http://localhost:3000/providers/64
      Content-Type:
      - application/json; charset=utf-8
      X-Ua-Compatible:
      - IE=Edge,chrome=1
      Etag:
      - ! '"ad79d78fdd212a10356b31e47642d5d6"'
      Cache-Control:
      - max-age=0, private, must-revalidate
      X-Request-Id:
      - f91ef97bf3ab1049fc273597ebed9b5a
      X-Runtime:
      - '0.013597'
      Content-Length:
      - '95'
      Server:
      - WEBrick/1.3.1 (Ruby/1.9.3/2012-04-20)
      Date:
      - Thu, 23 Aug 2012 07:40:25 GMT
      Connection:
      - Keep-Alive
    body:
      encoding: US-ASCII
      string: ! '{"created_at":"2012-08-23T07:40:25Z","id":64,"name":"test","updated_at":"2012-08-23T07:40:25Z"}'
    http_version: 
  recorded_at: Thu, 23 Aug 2012 07:40:25 GMT
- request:
    method: get
    uri: http://localhost:3000/providers/64
    body:
      encoding: US-ASCII
      string: ''
    headers:
      Accept-Encoding:
      - gzip;q=1.0,deflate;q=0.6,identity;q=0.3
      Accept:
      - ! '*/*'
      User-Agent:
      - Ruby
  response:
    status:
      code: 200
      message: ! 'OK '
    headers:
      Content-Type:
      - application/json; charset=utf-8
      X-Ua-Compatible:
      - IE=Edge,chrome=1
      Etag:
      - ! '"ad79d78fdd212a10356b31e47642d5d6"'
      Cache-Control:
      - max-age=0, private, must-revalidate
      X-Request-Id:
      - 7ae009af8ea173e8a5ba0f7fdd15bf90
      X-Runtime:
      - '0.005526'
      Content-Length:
      - '95'
      Server:
      - WEBrick/1.3.1 (Ruby/1.9.3/2012-04-20)
      Date:
      - Thu, 23 Aug 2012 07:40:25 GMT
      Connection:
      - Keep-Alive
    body:
      encoding: US-ASCII
      string: ! '{"created_at":"2012-08-23T07:40:25Z","id":64,"name":"test","updated_at":"2012-08-23T07:40:25Z"}'
    http_version: 
  recorded_at: Thu, 23 Aug 2012 07:40:25 GMT
recorded_with: VCR 2.2.4
