---
http_interactions:
- request:
    method: get
    uri: http://localhost:3000/providers?name=test
    body:
      encoding: US-ASCII
      string: ''
    headers:
      Accept-Encoding:
      - gzip;q=1.0,deflate;q=0.6,identity;q=0.3
      Accept:
      - ! '*/*'
      User-Agent:
      - Ruby
  response:
    status:
      code: 200
      message: ! 'OK '
    headers:
      Content-Type:
      - application/json; charset=utf-8
      X-Ua-Compatible:
      - IE=Edge,chrome=1
      Etag:
      - ! '"18692d3d5419df2c74bab7c127529fa9"'
      Cache-Control:
      - max-age=0, private, must-revalidate
      X-Request-Id:
      - 69be39a0f43970e59af099c5e701c604
      X-Runtime:
      - '0.004406'
      Content-Length:
      - '16'
      Server:
      - WEBrick/1.3.1 (Ruby/1.9.3/2012-04-20)
      Date:
      - Tue, 21 Aug 2012 18:28:38 GMT
      Connection:
      - Keep-Alive
    body:
      encoding: US-ASCII
      string: ! '{"providers":[]}'
    http_version: 
  recorded_at: Tue, 21 Aug 2012 18:28:38 GMT
- request:
    method: post
    uri: http://localhost:3000/providers
    body:
      encoding: US-ASCII
      string: name=test
    headers:
      Content-Type:
      - application/x-www-form-urlencoded
      Accept:
      - ! '*/*'
      User-Agent:
      - Ruby
  response:
    status:
      code: 201
      message: ! 'Created '
    headers:
      Location:
      - http://localhost:3000/providers/85
      Content-Type:
      - application/json; charset=utf-8
      X-Ua-Compatible:
      - IE=Edge,chrome=1
      Etag:
      - ! '"cee0b1fcc91330603443fd38f398c1ce"'
      Cache-Control:
      - max-age=0, private, must-revalidate
      X-Request-Id:
      - 6d38063966838fb691bdb1d1b5fcd1d2
      X-Runtime:
      - '0.015538'
      Content-Length:
      - '95'
      Server:
      - WEBrick/1.3.1 (Ruby/1.9.3/2012-04-20)
      Date:
      - Tue, 21 Aug 2012 18:28:38 GMT
      Connection:
      - Keep-Alive
    body:
      encoding: US-ASCII
      string: ! '{"created_at":"2012-08-21T18:28:38Z","id":85,"name":"test","updated_at":"2012-08-21T18:28:38Z"}'
    http_version: 
  recorded_at: Tue, 21 Aug 2012 18:28:38 GMT
- request:
    method: get
    uri: http://localhost:3000/providers/85
    body:
      encoding: US-ASCII
      string: ''
    headers:
      Accept-Encoding:
      - gzip;q=1.0,deflate;q=0.6,identity;q=0.3
      Accept:
      - ! '*/*'
      User-Agent:
      - Ruby
  response:
    status:
      code: 200
      message: ! 'OK '
    headers:
      Content-Type:
      - application/json; charset=utf-8
      X-Ua-Compatible:
      - IE=Edge,chrome=1
      Etag:
      - ! '"cee0b1fcc91330603443fd38f398c1ce"'
      Cache-Control:
      - max-age=0, private, must-revalidate
      X-Request-Id:
      - a3ce671d6cb4a313bcacf80bfefb8943
      X-Runtime:
      - '0.004258'
      Content-Length:
      - '95'
      Server:
      - WEBrick/1.3.1 (Ruby/1.9.3/2012-04-20)
      Date:
      - Tue, 21 Aug 2012 18:28:38 GMT
      Connection:
      - Keep-Alive
    body:
      encoding: US-ASCII
      string: ! '{"created_at":"2012-08-21T18:28:38Z","id":85,"name":"test","updated_at":"2012-08-21T18:28:38Z"}'
    http_version: 
  recorded_at: Tue, 21 Aug 2012 18:28:38 GMT
recorded_with: VCR 2.2.4
