---
http_interactions:
- request:
    method: get
    uri: http://localhost:3000/providers?name=test
    body:
      encoding: US-ASCII
      string: ''
    headers:
      Accept-Encoding:
      - gzip;q=1.0,deflate;q=0.6,identity;q=0.3
      Accept:
      - ! '*/*'
      User-Agent:
      - Ruby
  response:
    status:
      code: 200
      message: ! 'OK '
    headers:
      Content-Type:
      - application/json; charset=utf-8
      X-Ua-Compatible:
      - IE=Edge,chrome=1
      Etag:
      - ! '"18692d3d5419df2c74bab7c127529fa9"'
      Cache-Control:
      - max-age=0, private, must-revalidate
      X-Request-Id:
      - e499ba7cd2f87b29a2d9a82f4db8f894
      X-Runtime:
      - '0.003600'
      Content-Length:
      - '16'
      Server:
      - WEBrick/1.3.1 (Ruby/1.9.3/2012-04-20)
      Date:
      - Thu, 23 Aug 2012 07:40:26 GMT
      Connection:
      - Keep-Alive
    body:
      encoding: US-ASCII
      string: ! '{"providers":[]}'
    http_version: 
  recorded_at: Thu, 23 Aug 2012 07:40:26 GMT
- request:
    method: get
    uri: http://localhost:3000/providers?name=test2
    body:
      encoding: US-ASCII
      string: ''
    headers:
      Accept-Encoding:
      - gzip;q=1.0,deflate;q=0.6,identity;q=0.3
      Accept:
      - ! '*/*'
      User-Agent:
      - Ruby
  response:
    status:
      code: 200
      message: ! 'OK '
    headers:
      Content-Type:
      - application/json; charset=utf-8
      X-Ua-Compatible:
      - IE=Edge,chrome=1
      Etag:
      - ! '"56fe3c2cbc2d17827d0a7881dfa4f220"'
      Cache-Control:
      - max-age=0, private, must-revalidate
      X-Request-Id:
      - 1912200dc3cc24459db1015dab7680b0
      X-Runtime:
      - '0.004956'
      Content-Length:
      - '112'
      Server:
      - WEBrick/1.3.1 (Ruby/1.9.3/2012-04-20)
      Date:
      - Thu, 23 Aug 2012 07:40:26 GMT
      Connection:
      - Keep-Alive
    body:
      encoding: US-ASCII
      string: ! '{"providers":[{"created_at":"2012-08-23T07:40:26Z","id":65,"name":"test2","updated_at":"2012-08-23T07:40:26Z"}]}'
    http_version: 
  recorded_at: Thu, 23 Aug 2012 07:40:26 GMT
- request:
    method: delete
    uri: http://localhost:3000/providers/65
    body:
      encoding: US-ASCII
      string: ''
    headers:
      Accept:
      - ! '*/*'
      User-Agent:
      - Ruby
  response:
    status:
      code: 204
      message: ! 'No Content '
    headers:
      X-Ua-Compatible:
      - IE=Edge,chrome=1
      Cache-Control:
      - no-cache
      X-Request-Id:
      - f8754419413a66e597f56d8402101a54
      X-Runtime:
      - '0.011439'
      Server:
      - WEBrick/1.3.1 (Ruby/1.9.3/2012-04-20)
      Date:
      - Thu, 23 Aug 2012 07:40:26 GMT
      Connection:
      - close
    body:
      encoding: US-ASCII
      string: ''
    http_version: 
  recorded_at: Thu, 23 Aug 2012 07:40:26 GMT
- request:
    method: post
    uri: http://localhost:3000/providers
    body:
      encoding: US-ASCII
      string: name=test
    headers:
      Content-Type:
      - application/x-www-form-urlencoded
      Accept:
      - ! '*/*'
      User-Agent:
      - Ruby
  response:
    status:
      code: 201
      message: ! 'Created '
    headers:
      Location:
      - http://localhost:3000/providers/66
      Content-Type:
      - application/json; charset=utf-8
      X-Ua-Compatible:
      - IE=Edge,chrome=1
      Etag:
      - ! '"74a393e85376df61202bb543cc666ba8"'
      Cache-Control:
      - max-age=0, private, must-revalidate
      X-Request-Id:
      - c38492d8aebb79ccd0604102a1f5f166
      X-Runtime:
      - '0.012548'
      Content-Length:
      - '95'
      Server:
      - WEBrick/1.3.1 (Ruby/1.9.3/2012-04-20)
      Date:
      - Thu, 23 Aug 2012 07:40:26 GMT
      Connection:
      - Keep-Alive
    body:
      encoding: US-ASCII
      string: ! '{"created_at":"2012-08-23T07:40:26Z","id":66,"name":"test","updated_at":"2012-08-23T07:40:26Z"}'
    http_version: 
  recorded_at: Thu, 23 Aug 2012 07:40:26 GMT
- request:
    method: post
    uri: http://localhost:3000/providers
    body:
      encoding: US-ASCII
      string: name=test2
    headers:
      Content-Type:
      - application/x-www-form-urlencoded
      Accept:
      - ! '*/*'
      User-Agent:
      - Ruby
  response:
    status:
      code: 201
      message: ! 'Created '
    headers:
      Location:
      - http://localhost:3000/providers/67
      Content-Type:
      - application/json; charset=utf-8
      X-Ua-Compatible:
      - IE=Edge,chrome=1
      Etag:
      - ! '"056a1e931b8429c61c045a2dbc0a2cd0"'
      Cache-Control:
      - max-age=0, private, must-revalidate
      X-Request-Id:
      - 3ae7070c5a8cd4cbe35606c7094f48a5
      X-Runtime:
      - '0.013298'
      Content-Length:
      - '96'
      Server:
      - WEBrick/1.3.1 (Ruby/1.9.3/2012-04-20)
      Date:
      - Thu, 23 Aug 2012 07:40:26 GMT
      Connection:
      - Keep-Alive
    body:
      encoding: US-ASCII
      string: ! '{"created_at":"2012-08-23T07:40:26Z","id":67,"name":"test2","updated_at":"2012-08-23T07:40:26Z"}'
    http_version: 
  recorded_at: Thu, 23 Aug 2012 07:40:26 GMT
- request:
    method: put
    uri: http://localhost:3000/providers/67
    body:
      encoding: UTF-8
      string: created_at=2012-08-23T07%3A40%3A26Z&id=67&name=test&updated_at=2012-08-23T07%3A40%3A26Z
    headers:
      Content-Type:
      - application/x-www-form-urlencoded
      Accept:
      - ! '*/*'
      User-Agent:
      - Ruby
  response:
    status:
      code: 422
      message: ''
    headers:
      Content-Type:
      - application/json; charset=utf-8
      X-Ua-Compatible:
      - IE=Edge,chrome=1
      Cache-Control:
      - no-cache
      X-Request-Id:
      - b7ac4c70144acc6b01bb2302986d44fa
      X-Runtime:
      - '0.007762'
      Content-Length:
      - '77'
      Server:
      - WEBrick/1.3.1 (Ruby/1.9.3/2012-04-20)
      Date:
      - Thu, 23 Aug 2012 07:40:26 GMT
      Connection:
      - Keep-Alive
    body:
      encoding: US-ASCII
      string: ! '{"error":{"name":["has already been taken"]},"status":"unprocessable_entity"}'
    http_version: 
  recorded_at: Thu, 23 Aug 2012 07:40:26 GMT
recorded_with: VCR 2.2.4
