---
http_interactions:
- request:
    method: get
    uri: http://localhost:3000/catalogs?name=test
    body:
      encoding: US-ASCII
      string: ''
    headers:
      Accept-Encoding:
      - gzip;q=1.0,deflate;q=0.6,identity;q=0.3
      Accept:
      - ! '*/*'
      User-Agent:
      - Ruby
  response:
    status:
      code: 200
      message: ! 'OK '
    headers:
      Content-Type:
      - application/json; charset=utf-8
      X-Ua-Compatible:
      - IE=Edge,chrome=1
      Etag:
      - ! '"6c4163db09583b1e543b4eece05733b8"'
      Cache-Control:
      - max-age=0, private, must-revalidate
      X-Request-Id:
      - 301c77447e0b5a2bf97b1f654f9e8fb0
      X-Runtime:
      - '0.005607'
      Content-Length:
      - '130'
      Server:
      - WEBrick/1.3.1 (Ruby/1.9.3/2012-04-20)
      Date:
      - Wed, 05 Sep 2012 18:05:01 GMT
      Connection:
      - Keep-Alive
    body:
      encoding: US-ASCII
      string: ! '{"catalogs":[{"created_at":"2012-09-05T18:04:04Z","description":null,"id":134,"name":"test","updated_at":"2012-09-05T18:04:04Z"}]}'
    http_version: 
  recorded_at: Wed, 05 Sep 2012 18:05:01 GMT
- request:
    method: delete
    uri: http://localhost:3000/catalogs/134
    body:
      encoding: US-ASCII
      string: ''
    headers:
      Accept:
      - ! '*/*'
      User-Agent:
      - Ruby
  response:
    status:
      code: 204
      message: ! 'No Content '
    headers:
      X-Ua-Compatible:
      - IE=Edge,chrome=1
      Cache-Control:
      - no-cache
      X-Request-Id:
      - bad3b43af62d0c5a717d8bfdbb55125b
      X-Runtime:
      - '0.074705'
      Server:
      - WEBrick/1.3.1 (Ruby/1.9.3/2012-04-20)
      Date:
      - Wed, 05 Sep 2012 18:05:01 GMT
      Connection:
      - close
    body:
      encoding: US-ASCII
      string: ''
    http_version: 
  recorded_at: Wed, 05 Sep 2012 18:05:01 GMT
- request:
    method: post
    uri: http://localhost:3000/catalogs
    body:
      encoding: US-ASCII
      string: name=test
    headers:
      Content-Type:
      - application/x-www-form-urlencoded
      Accept:
      - ! '*/*'
      User-Agent:
      - Ruby
  response:
    status:
      code: 201
      message: ! 'Created '
    headers:
      Location:
      - http://localhost:3000/catalogs/135
      Content-Type:
      - application/json; charset=utf-8
      X-Ua-Compatible:
      - IE=Edge,chrome=1
      Etag:
      - ! '"3c5c016fd27d8735f28e1da5ca2dfa21"'
      Cache-Control:
      - max-age=0, private, must-revalidate
      X-Request-Id:
      - 0c0138775a918e1bd45546d2e0b98c6a
      X-Runtime:
      - '0.016391'
      Content-Length:
      - '115'
      Server:
      - WEBrick/1.3.1 (Ruby/1.9.3/2012-04-20)
      Date:
      - Wed, 05 Sep 2012 18:05:01 GMT
      Connection:
      - Keep-Alive
    body:
      encoding: US-ASCII
      string: ! '{"created_at":"2012-09-05T18:05:01Z","description":null,"id":135,"name":"test","updated_at":"2012-09-05T18:05:01Z"}'
    http_version: 
  recorded_at: Wed, 05 Sep 2012 18:05:01 GMT
- request:
    method: get
    uri: http://localhost:3000/providers?name=test
    body:
      encoding: US-ASCII
      string: ''
    headers:
      Accept-Encoding:
      - gzip;q=1.0,deflate;q=0.6,identity;q=0.3
      Accept:
      - ! '*/*'
      User-Agent:
      - Ruby
  response:
    status:
      code: 200
      message: ! 'OK '
    headers:
      Content-Type:
      - application/json; charset=utf-8
      X-Ua-Compatible:
      - IE=Edge,chrome=1
      Etag:
      - ! '"98594198ce90a386b8a4e9f7a3e6917b"'
      Cache-Control:
      - max-age=0, private, must-revalidate
      X-Request-Id:
      - 7c9b0ae61800832c94760b5150603494
      X-Runtime:
      - '0.005019'
      Content-Length:
      - '112'
      Server:
      - WEBrick/1.3.1 (Ruby/1.9.3/2012-04-20)
      Date:
      - Wed, 05 Sep 2012 18:05:01 GMT
      Connection:
      - Keep-Alive
    body:
      encoding: US-ASCII
      string: ! '{"providers":[{"created_at":"2012-09-05T18:04:04Z","id":116,"name":"test","updated_at":"2012-09-05T18:04:04Z"}]}'
    http_version: 
  recorded_at: Wed, 05 Sep 2012 18:05:01 GMT
- request:
    method: delete
    uri: http://localhost:3000/providers/116
    body:
      encoding: US-ASCII
      string: ''
    headers:
      Accept:
      - ! '*/*'
      User-Agent:
      - Ruby
  response:
    status:
      code: 204
      message: ! 'No Content '
    headers:
      X-Ua-Compatible:
      - IE=Edge,chrome=1
      Cache-Control:
      - no-cache
      X-Request-Id:
      - d50c0dd86b3deffec030fb121d6d787b
      X-Runtime:
      - '0.042470'
      Server:
      - WEBrick/1.3.1 (Ruby/1.9.3/2012-04-20)
      Date:
      - Wed, 05 Sep 2012 18:05:01 GMT
      Connection:
      - close
    body:
      encoding: US-ASCII
      string: ''
    http_version: 
  recorded_at: Wed, 05 Sep 2012 18:05:01 GMT
- request:
    method: post
    uri: http://localhost:3000/providers
    body:
      encoding: US-ASCII
      string: name=test
    headers:
      Content-Type:
      - application/x-www-form-urlencoded
      Accept:
      - ! '*/*'
      User-Agent:
      - Ruby
  response:
    status:
      code: 201
      message: ! 'Created '
    headers:
      Location:
      - http://localhost:3000/providers/117
      Content-Type:
      - application/json; charset=utf-8
      X-Ua-Compatible:
      - IE=Edge,chrome=1
      Etag:
      - ! '"ebf5d009ecf1995a25957182afc9530a"'
      Cache-Control:
      - max-age=0, private, must-revalidate
      X-Request-Id:
      - 7c9b00dc4dbd373ce5a397ae770c33da
      X-Runtime:
      - '0.013301'
      Content-Length:
      - '96'
      Server:
      - WEBrick/1.3.1 (Ruby/1.9.3/2012-04-20)
      Date:
      - Wed, 05 Sep 2012 18:05:01 GMT
      Connection:
      - Keep-Alive
    body:
      encoding: US-ASCII
      string: ! '{"created_at":"2012-09-05T18:05:01Z","id":117,"name":"test","updated_at":"2012-09-05T18:05:01Z"}'
    http_version: 
  recorded_at: Wed, 05 Sep 2012 18:05:01 GMT
- request:
    method: post
    uri: http://localhost:3000/attrs
    body:
      encoding: US-ASCII
      string: name=attr1&entity_type=Product&type=IntegerAttr&catalog_id=135
    headers:
      Content-Type:
      - application/x-www-form-urlencoded
      Accept:
      - ! '*/*'
      User-Agent:
      - Ruby
  response:
    status:
      code: 201
      message: ! 'Created '
    headers:
      Location:
      - http://localhost:3000/attrs/218
      Content-Type:
      - application/json; charset=utf-8
      X-Ua-Compatible:
      - IE=Edge,chrome=1
      Etag:
      - ! '"0279a8e691e08cba56c2dbf46f338b56"'
      Cache-Control:
      - max-age=0, private, must-revalidate
      X-Request-Id:
      - d3a675715a14614bff669c3cfeda873c
      X-Runtime:
      - '0.027281'
      Content-Length:
      - '222'
      Server:
      - WEBrick/1.3.1 (Ruby/1.9.3/2012-04-20)
      Date:
      - Wed, 05 Sep 2012 18:05:01 GMT
      Connection:
      - Keep-Alive
    body:
      encoding: US-ASCII
      string: ! '{"catalog_id":135,"created_at":"2012-09-05T18:05:01Z","entity_type":"Product","id":218,"name":"attr1","options":{"list":false,"allow_nil":true,"default_value":null},"updated_at":"2012-09-05T18:05:01Z","type":"IntegerAttr"}'
    http_version: 
  recorded_at: Wed, 05 Sep 2012 18:05:01 GMT
- request:
    method: post
    uri: http://localhost:3000/entities
    body:
      encoding: US-ASCII
      string: catalog_id=135&type=Product
    headers:
      Content-Type:
      - application/x-www-form-urlencoded
      Accept:
      - ! '*/*'
      User-Agent:
      - Ruby
  response:
    status:
      code: 201
      message: ! 'Created '
    headers:
      Location:
      - http://localhost:3000/entities/349
      Content-Type:
      - application/json; charset=utf-8
      X-Ua-Compatible:
      - IE=Edge,chrome=1
      Etag:
      - ! '"ba24b36299c6992dd1448cd76929df0c"'
      Cache-Control:
      - max-age=0, private, must-revalidate
      X-Request-Id:
      - 596bb734964e016d60175bd63ef92d15
      X-Runtime:
      - '0.014905'
      Content-Length:
      - '116'
      Server:
      - WEBrick/1.3.1 (Ruby/1.9.3/2012-04-20)
      Date:
      - Wed, 05 Sep 2012 18:05:01 GMT
      Connection:
      - Keep-Alive
    body:
      encoding: US-ASCII
      string: ! '{"catalog_id":135,"created_at":"2012-09-05T18:05:01Z","id":349,"updated_at":"2012-09-05T18:05:01Z","type":"Product"}'
    http_version: 
  recorded_at: Wed, 05 Sep 2012 18:05:01 GMT
- request:
    method: post
    uri: http://localhost:3000/attr_values
    body:
      encoding: US-ASCII
      string: entity_id=349&attr_id=218&provider_id=117
    headers:
      Content-Type:
      - application/x-www-form-urlencoded
      Accept:
      - ! '*/*'
      User-Agent:
      - Ruby
  response:
    status:
      code: 201
      message: ! 'Created '
    headers:
      Location:
      - http://localhost:3000/attr_values/90
      Content-Type:
      - application/json; charset=utf-8
      X-Ua-Compatible:
      - IE=Edge,chrome=1
      Etag:
      - ! '"2738344f022a359876939f9ebbd84abe"'
      Cache-Control:
      - max-age=0, private, must-revalidate
      X-Request-Id:
      - cd74ce83d773cc1f205f210f6c49b27b
      X-Runtime:
      - '0.070892'
      Content-Length:
      - '157'
      Server:
      - WEBrick/1.3.1 (Ruby/1.9.3/2012-04-20)
      Date:
      - Wed, 05 Sep 2012 18:05:01 GMT
      Connection:
      - Keep-Alive
    body:
      encoding: US-ASCII
      string: ! '{"attr_id":218,"created_at":"2012-09-05T18:05:01Z","entity_id":349,"id":90,"provider_id":117,"updated_at":"2012-09-05T18:05:01Z","value":null,"name":"attr1"}'
    http_version: 
  recorded_at: Wed, 05 Sep 2012 18:05:01 GMT
- request:
    method: get
    uri: http://localhost:3000/entities/349
    body:
      encoding: US-ASCII
      string: ''
    headers:
      Accept-Encoding:
      - gzip;q=1.0,deflate;q=0.6,identity;q=0.3
      Accept:
      - ! '*/*'
      User-Agent:
      - Ruby
  response:
    status:
      code: 200
      message: ! 'OK '
    headers:
      Content-Type:
      - application/json; charset=utf-8
      X-Ua-Compatible:
      - IE=Edge,chrome=1
      Etag:
      - ! '"ba24b36299c6992dd1448cd76929df0c"'
      Cache-Control:
      - max-age=0, private, must-revalidate
      X-Request-Id:
      - bebd80644977f1dfcff3f32015500179
      X-Runtime:
      - '0.005460'
      Content-Length:
      - '116'
      Server:
      - WEBrick/1.3.1 (Ruby/1.9.3/2012-04-20)
      Date:
      - Wed, 05 Sep 2012 18:05:01 GMT
      Connection:
      - Keep-Alive
    body:
      encoding: US-ASCII
      string: ! '{"catalog_id":135,"created_at":"2012-09-05T18:05:01Z","id":349,"updated_at":"2012-09-05T18:05:01Z","type":"Product"}'
    http_version: 
  recorded_at: Wed, 05 Sep 2012 18:05:01 GMT
- request:
    method: get
    uri: http://localhost:3000/attr_values?entity_id=349
    body:
      encoding: US-ASCII
      string: ''
    headers:
      Accept-Encoding:
      - gzip;q=1.0,deflate;q=0.6,identity;q=0.3
      Accept:
      - ! '*/*'
      User-Agent:
      - Ruby
  response:
    status:
      code: 200
      message: ! 'OK '
    headers:
      Content-Type:
      - application/json; charset=utf-8
      X-Ua-Compatible:
      - IE=Edge,chrome=1
      Etag:
      - ! '"2e4cec7c3c6bf9a61edb7217125bfde2"'
      Cache-Control:
      - max-age=0, private, must-revalidate
      X-Request-Id:
      - bcd048bad1a7d98b5a146f8820750b8f
      X-Runtime:
      - '0.014583'
      Content-Length:
      - '175'
      Server:
      - WEBrick/1.3.1 (Ruby/1.9.3/2012-04-20)
      Date:
      - Wed, 05 Sep 2012 18:05:01 GMT
      Connection:
      - Keep-Alive
    body:
      encoding: US-ASCII
      string: ! '{"attr_values":[{"attr_id":218,"created_at":"2012-09-05T18:05:01Z","entity_id":349,"id":90,"provider_id":117,"updated_at":"2012-09-05T18:05:01Z","value":null,"name":"attr1"}]}'
    http_version: 
  recorded_at: Wed, 05 Sep 2012 18:05:01 GMT
recorded_with: VCR 2.2.4
