---
http_interactions:
- request:
    method: get
    uri: http://localhost:3000/catalogs?name=test
    body:
      encoding: US-ASCII
      string: ''
    headers:
      Accept-Encoding:
      - gzip;q=1.0,deflate;q=0.6,identity;q=0.3
      Accept:
      - ! '*/*'
      User-Agent:
      - Ruby
  response:
    status:
      code: 200
      message: ! 'OK '
    headers:
      Content-Type:
      - application/json; charset=utf-8
      X-Ua-Compatible:
      - IE=Edge,chrome=1
      Etag:
      - ! '"c71c80842aa45595550864feda0df031"'
      Cache-Control:
      - max-age=0, private, must-revalidate
      X-Request-Id:
      - 1a433c22b431c169793c9cabf505abdf
      X-Runtime:
      - '0.005422'
      Content-Length:
      - '15'
      Server:
      - WEBrick/1.3.1 (Ruby/1.9.3/2012-04-20)
      Date:
      - Thu, 30 Aug 2012 16:55:08 GMT
      Connection:
      - Keep-Alive
    body:
      encoding: US-ASCII
      string: ! '{"catalogs":[]}'
    http_version: 
  recorded_at: Thu, 30 Aug 2012 16:55:08 GMT
- request:
    method: post
    uri: http://localhost:3000/catalogs
    body:
      encoding: US-ASCII
      string: name=test
    headers:
      Content-Type:
      - application/x-www-form-urlencoded
      Accept:
      - ! '*/*'
      User-Agent:
      - Ruby
  response:
    status:
      code: 201
      message: ! 'Created '
    headers:
      Location:
      - http://localhost:3000/catalogs/2140
      Content-Type:
      - application/json; charset=utf-8
      X-Ua-Compatible:
      - IE=Edge,chrome=1
      Etag:
      - ! '"88c053d012d1b112b815617897037c09"'
      Cache-Control:
      - max-age=0, private, must-revalidate
      X-Request-Id:
      - 34a31f929875a93e0c7714df49823bd3
      X-Runtime:
      - '0.014628'
      Content-Length:
      - '116'
      Server:
      - WEBrick/1.3.1 (Ruby/1.9.3/2012-04-20)
      Date:
      - Thu, 30 Aug 2012 16:55:08 GMT
      Connection:
      - Keep-Alive
    body:
      encoding: US-ASCII
      string: ! '{"created_at":"2012-08-30T16:55:08Z","description":null,"id":2140,"name":"test","updated_at":"2012-08-30T16:55:08Z"}'
    http_version: 
  recorded_at: Thu, 30 Aug 2012 16:55:08 GMT
- request:
    method: get
    uri: http://localhost:3000/providers?name=test
    body:
      encoding: US-ASCII
      string: ''
    headers:
      Accept-Encoding:
      - gzip;q=1.0,deflate;q=0.6,identity;q=0.3
      Accept:
      - ! '*/*'
      User-Agent:
      - Ruby
  response:
    status:
      code: 200
      message: ! 'OK '
    headers:
      Content-Type:
      - application/json; charset=utf-8
      X-Ua-Compatible:
      - IE=Edge,chrome=1
      Etag:
      - ! '"18692d3d5419df2c74bab7c127529fa9"'
      Cache-Control:
      - max-age=0, private, must-revalidate
      X-Request-Id:
      - 98893aefbc9aaedfaaf219aa02e04ccb
      X-Runtime:
      - '0.007027'
      Content-Length:
      - '16'
      Server:
      - WEBrick/1.3.1 (Ruby/1.9.3/2012-04-20)
      Date:
      - Thu, 30 Aug 2012 16:55:08 GMT
      Connection:
      - Keep-Alive
    body:
      encoding: US-ASCII
      string: ! '{"providers":[]}'
    http_version: 
  recorded_at: Thu, 30 Aug 2012 16:55:08 GMT
- request:
    method: post
    uri: http://localhost:3000/providers
    body:
      encoding: US-ASCII
      string: name=test
    headers:
      Content-Type:
      - application/x-www-form-urlencoded
      Accept:
      - ! '*/*'
      User-Agent:
      - Ruby
  response:
    status:
      code: 201
      message: ! 'Created '
    headers:
      Location:
      - http://localhost:3000/providers/1011
      Content-Type:
      - application/json; charset=utf-8
      X-Ua-Compatible:
      - IE=Edge,chrome=1
      Etag:
      - ! '"364f06d54795f68c22b1c935a69c75f0"'
      Cache-Control:
      - max-age=0, private, must-revalidate
      X-Request-Id:
      - bbd187ca31c0a9cd7b648c228a7f9e27
      X-Runtime:
      - '0.014333'
      Content-Length:
      - '97'
      Server:
      - WEBrick/1.3.1 (Ruby/1.9.3/2012-04-20)
      Date:
      - Thu, 30 Aug 2012 16:55:08 GMT
      Connection:
      - Keep-Alive
    body:
      encoding: US-ASCII
      string: ! '{"created_at":"2012-08-30T16:55:08Z","id":1011,"name":"test","updated_at":"2012-08-30T16:55:08Z"}'
    http_version: 
  recorded_at: Thu, 30 Aug 2012 16:55:08 GMT
- request:
    method: post
    uri: http://localhost:3000/attrs
    body:
      encoding: US-ASCII
      string: name=attr1&entity_type=Product&type=IntegerAttr&catalog_id=2140
    headers:
      Content-Type:
      - application/x-www-form-urlencoded
      Accept:
      - ! '*/*'
      User-Agent:
      - Ruby
  response:
    status:
      code: 201
      message: ! 'Created '
    headers:
      Location:
      - http://localhost:3000/attrs/1513
      Content-Type:
      - application/json; charset=utf-8
      X-Ua-Compatible:
      - IE=Edge,chrome=1
      Etag:
      - ! '"9dfa7ea3a3a963af5f7be9327b8407f6"'
      Cache-Control:
      - max-age=0, private, must-revalidate
      X-Request-Id:
      - 35c6d40542fdb07932db0299a250c554
      X-Runtime:
      - '0.027347'
      Content-Length:
      - '224'
      Server:
      - WEBrick/1.3.1 (Ruby/1.9.3/2012-04-20)
      Date:
      - Thu, 30 Aug 2012 16:55:08 GMT
      Connection:
      - Keep-Alive
    body:
      encoding: US-ASCII
      string: ! '{"catalog_id":2140,"created_at":"2012-08-30T16:55:08Z","entity_type":"Product","id":1513,"name":"attr1","options":{"list":false,"allow_nil":true,"default_value":null},"updated_at":"2012-08-30T16:55:08Z","type":"IntegerAttr"}'
    http_version: 
  recorded_at: Thu, 30 Aug 2012 16:55:08 GMT
- request:
    method: post
    uri: http://localhost:3000/entities
    body:
      encoding: US-ASCII
      string: catalog_id=2140&type=Product
    headers:
      Content-Type:
      - application/x-www-form-urlencoded
      Accept:
      - ! '*/*'
      User-Agent:
      - Ruby
  response:
    status:
      code: 201
      message: ! 'Created '
    headers:
      Location:
      - http://localhost:3000/entities/1514
      Content-Type:
      - application/json; charset=utf-8
      X-Ua-Compatible:
      - IE=Edge,chrome=1
      Etag:
      - ! '"85e8b99272812ba0a93a6646dc4b5bb8"'
      Cache-Control:
      - max-age=0, private, must-revalidate
      X-Request-Id:
      - 514d189dc0c4eb62a27556808b4dac57
      X-Runtime:
      - '0.012700'
      Content-Length:
      - '118'
      Server:
      - WEBrick/1.3.1 (Ruby/1.9.3/2012-04-20)
      Date:
      - Thu, 30 Aug 2012 16:55:08 GMT
      Connection:
      - Keep-Alive
    body:
      encoding: US-ASCII
      string: ! '{"catalog_id":2140,"created_at":"2012-08-30T16:55:08Z","id":1514,"updated_at":"2012-08-30T16:55:08Z","type":"Product"}'
    http_version: 
  recorded_at: Thu, 30 Aug 2012 16:55:08 GMT
- request:
    method: post
    uri: http://localhost:3000/attr_values
    body:
      encoding: US-ASCII
      string: entity_id=1514&attr_id=1513&provider_id=1011&value=42
    headers:
      Content-Type:
      - application/x-www-form-urlencoded
      Accept:
      - ! '*/*'
      User-Agent:
      - Ruby
  response:
    status:
      code: 201
      message: ! 'Created '
    headers:
      Location:
      - http://localhost:3000/attr_values/629
      Content-Type:
      - application/json; charset=utf-8
      X-Ua-Compatible:
      - IE=Edge,chrome=1
      Etag:
      - ! '"ed62119e420c37be23816cc026f3b31f"'
      Cache-Control:
      - max-age=0, private, must-revalidate
      X-Request-Id:
      - d3c834306b070c1702ac081f80ec804f
      X-Runtime:
      - '0.058291'
      Content-Length:
      - '159'
      Server:
      - WEBrick/1.3.1 (Ruby/1.9.3/2012-04-20)
      Date:
      - Thu, 30 Aug 2012 16:55:09 GMT
      Connection:
      - Keep-Alive
    body:
      encoding: US-ASCII
      string: ! '{"attr_id":1513,"created_at":"2012-08-30T16:55:09Z","entity_id":1514,"id":629,"provider_id":1011,"updated_at":"2012-08-30T16:55:09Z","value":42,"name":"attr1"}'
    http_version: 
  recorded_at: Thu, 30 Aug 2012 16:55:09 GMT
- request:
    method: get
    uri: http://localhost:3000/attr_values/629
    body:
      encoding: US-ASCII
      string: ''
    headers:
      Accept-Encoding:
      - gzip;q=1.0,deflate;q=0.6,identity;q=0.3
      Accept:
      - ! '*/*'
      User-Agent:
      - Ruby
  response:
    status:
      code: 200
      message: ! 'OK '
    headers:
      Content-Type:
      - application/json; charset=utf-8
      X-Ua-Compatible:
      - IE=Edge,chrome=1
      Etag:
      - ! '"ed62119e420c37be23816cc026f3b31f"'
      Cache-Control:
      - max-age=0, private, must-revalidate
      X-Request-Id:
      - a5f869021db853db4a9a6749994b0259
      X-Runtime:
      - '0.017815'
      Content-Length:
      - '159'
      Server:
      - WEBrick/1.3.1 (Ruby/1.9.3/2012-04-20)
      Date:
      - Thu, 30 Aug 2012 16:55:09 GMT
      Connection:
      - Keep-Alive
    body:
      encoding: US-ASCII
      string: ! '{"attr_id":1513,"created_at":"2012-08-30T16:55:09Z","entity_id":1514,"id":629,"provider_id":1011,"updated_at":"2012-08-30T16:55:09Z","value":42,"name":"attr1"}'
    http_version: 
  recorded_at: Thu, 30 Aug 2012 16:55:09 GMT
recorded_with: VCR 2.2.4
