---
http_interactions:
- request:
    method: get
    uri: http://localhost:3000/attrs?name=attr2
    body:
      encoding: US-ASCII
      string: ''
    headers:
      Accept-Encoding:
      - gzip;q=1.0,deflate;q=0.6,identity;q=0.3
      Accept:
      - ! '*/*'
      User-Agent:
      - Ruby
  response:
    status:
      code: 200
      message: ! 'OK '
    headers:
      Content-Type:
      - application/json; charset=utf-8
      X-Ua-Compatible:
      - IE=Edge,chrome=1
      Etag:
      - ! '"c88ad624e2172a4b311780ec900e6f40"'
      Cache-Control:
      - max-age=0, private, must-revalidate
      X-Request-Id:
      - a8d18b053b705f38c8668d2da2f56941
      X-Runtime:
      - '0.008246'
      Content-Length:
      - '236'
      Server:
      - WEBrick/1.3.1 (Ruby/1.9.3/2012-04-20)
      Date:
      - Thu, 23 Aug 2012 07:58:35 GMT
      Connection:
      - Keep-Alive
    body:
      encoding: US-ASCII
      string: ! '{"attrs":[{"catalog_id":147,"created_at":"2012-08-23T07:58:35Z","entity_type":"Product","id":123,"name":"attr2","options":{"list":false,"allow_nil":true,"default_value":"taoit"},"updated_at":"2012-08-23T07:58:35Z","type":"StringAttr"}]}'
    http_version: 
  recorded_at: Thu, 23 Aug 2012 07:58:35 GMT
- request:
    method: delete
    uri: http://localhost:3000/attrs/123
    body:
      encoding: US-ASCII
      string: ''
    headers:
      Accept:
      - ! '*/*'
      User-Agent:
      - Ruby
  response:
    status:
      code: 204
      message: ! 'No Content '
    headers:
      X-Ua-Compatible:
      - IE=Edge,chrome=1
      Cache-Control:
      - no-cache
      X-Request-Id:
      - 393d6f8d68dc9fb14586d1207db9b593
      X-Runtime:
      - '0.015282'
      Server:
      - WEBrick/1.3.1 (Ruby/1.9.3/2012-04-20)
      Date:
      - Thu, 23 Aug 2012 07:58:35 GMT
      Connection:
      - close
    body:
      encoding: US-ASCII
      string: ''
    http_version: 
  recorded_at: Thu, 23 Aug 2012 07:58:35 GMT
- request:
    method: post
    uri: http://localhost:3000/attrs
    body:
      encoding: US-ASCII
      string: name=attr2&entity_type=Product&type=IntegerAttr&catalog_id=147&options%5Blist%5D=true&options%5Ballow_nil%5D=true&options%5Bdefault_value%5D
    headers:
      Content-Type:
      - application/x-www-form-urlencoded
      Accept:
      - ! '*/*'
      User-Agent:
      - Ruby
  response:
    status:
      code: 201
      message: ! 'Created '
    headers:
      Location:
      - http://localhost:3000/attrs/124
      Content-Type:
      - application/json; charset=utf-8
      X-Ua-Compatible:
      - IE=Edge,chrome=1
      Etag:
      - ! '"edd2ecaf5514ad6d05cf950bc83a54c1"'
      Cache-Control:
      - max-age=0, private, must-revalidate
      X-Request-Id:
      - f0eed3c658b11eab9721451467638dcb
      X-Runtime:
      - '0.018474'
      Content-Length:
      - '225'
      Server:
      - WEBrick/1.3.1 (Ruby/1.9.3/2012-04-20)
      Date:
      - Thu, 23 Aug 2012 07:58:35 GMT
      Connection:
      - Keep-Alive
    body:
      encoding: US-ASCII
      string: ! '{"catalog_id":147,"created_at":"2012-08-23T07:58:35Z","entity_type":"Product","id":124,"name":"attr2","options":{"list":"true","allow_nil":"true","default_value":null},"updated_at":"2012-08-23T07:58:35Z","type":"IntegerAttr"}'
    http_version: 
  recorded_at: Thu, 23 Aug 2012 07:58:35 GMT
- request:
    method: post
    uri: http://localhost:3000/attr_values
    body:
      encoding: US-ASCII
      string: entity_id=93&attr_id=124&provider_id=1
    headers:
      Content-Type:
      - application/x-www-form-urlencoded
      Accept:
      - ! '*/*'
      User-Agent:
      - Ruby
  response:
    status:
      code: 201
      message: ! 'Created '
    headers:
      Location:
      - http://localhost:3000/attr_values/45
      Content-Type:
      - application/json; charset=utf-8
      X-Ua-Compatible:
      - IE=Edge,chrome=1
      Etag:
      - ! '"c01595e3b9087b6c2acfef733e52e05f"'
      Cache-Control:
      - max-age=0, private, must-revalidate
      X-Request-Id:
      - ae32815eefa4bd775314dd476d6445bf
      X-Runtime:
      - '0.022338'
      Content-Length:
      - '139'
      Server:
      - WEBrick/1.3.1 (Ruby/1.9.3/2012-04-20)
      Date:
      - Thu, 23 Aug 2012 07:58:35 GMT
      Connection:
      - Keep-Alive
    body:
      encoding: US-ASCII
      string: ! '{"attr_id":124,"created_at":"2012-08-23T07:58:35Z","entity_id":93,"id":45,"provider_id":1,"updated_at":"2012-08-23T07:58:35Z","value":null}'
    http_version: 
  recorded_at: Thu, 23 Aug 2012 07:58:35 GMT
- request:
    method: get
    uri: http://localhost:3000/attr_values/45
    body:
      encoding: US-ASCII
      string: ''
    headers:
      Accept-Encoding:
      - gzip;q=1.0,deflate;q=0.6,identity;q=0.3
      Accept:
      - ! '*/*'
      User-Agent:
      - Ruby
  response:
    status:
      code: 200
      message: ! 'OK '
    headers:
      Content-Type:
      - application/json; charset=utf-8
      X-Ua-Compatible:
      - IE=Edge,chrome=1
      Etag:
      - ! '"c01595e3b9087b6c2acfef733e52e05f"'
      Cache-Control:
      - max-age=0, private, must-revalidate
      X-Request-Id:
      - 24a75737132cb83f60484e6581064beb
      X-Runtime:
      - '0.004252'
      Content-Length:
      - '139'
      Server:
      - WEBrick/1.3.1 (Ruby/1.9.3/2012-04-20)
      Date:
      - Thu, 23 Aug 2012 07:58:35 GMT
      Connection:
      - Keep-Alive
    body:
      encoding: US-ASCII
      string: ! '{"attr_id":124,"created_at":"2012-08-23T07:58:35Z","entity_id":93,"id":45,"provider_id":1,"updated_at":"2012-08-23T07:58:35Z","value":null}'
    http_version: 
  recorded_at: Thu, 23 Aug 2012 07:58:35 GMT
- request:
    method: put
    uri: http://localhost:3000/attr_values/45
    body:
      encoding: UTF-8
      string: attr_id=124&created_at=2012-08-23T07%3A58%3A35Z&entity_id=93&id=45&provider_id=1&updated_at=2012-08-23T07%3A58%3A35Z&value%5B%5D=42
    headers:
      Content-Type:
      - application/x-www-form-urlencoded
      Accept:
      - ! '*/*'
      User-Agent:
      - Ruby
  response:
    status:
      code: 204
      message: ! 'No Content '
    headers:
      X-Ua-Compatible:
      - IE=Edge,chrome=1
      Cache-Control:
      - no-cache
      X-Request-Id:
      - 8ee8503d5818f6f8a531b7b54120773f
      X-Runtime:
      - '0.066898'
      Server:
      - WEBrick/1.3.1 (Ruby/1.9.3/2012-04-20)
      Date:
      - Thu, 23 Aug 2012 07:58:35 GMT
      Connection:
      - close
    body:
      encoding: US-ASCII
      string: ''
    http_version: 
  recorded_at: Thu, 23 Aug 2012 07:58:35 GMT
- request:
    method: get
    uri: http://localhost:3000/attr_values/45
    body:
      encoding: US-ASCII
      string: ''
    headers:
      Accept-Encoding:
      - gzip;q=1.0,deflate;q=0.6,identity;q=0.3
      Accept:
      - ! '*/*'
      User-Agent:
      - Ruby
  response:
    status:
      code: 200
      message: ! 'OK '
    headers:
      Content-Type:
      - application/json; charset=utf-8
      X-Ua-Compatible:
      - IE=Edge,chrome=1
      Etag:
      - ! '"3fac7224f830e6063ee16e1880bd41e0"'
      Cache-Control:
      - max-age=0, private, must-revalidate
      X-Request-Id:
      - 59f60c3209a9ef0df4fe9e114f099d54
      X-Runtime:
      - '0.006312'
      Content-Length:
      - '139'
      Server:
      - WEBrick/1.3.1 (Ruby/1.9.3/2012-04-20)
      Date:
      - Thu, 23 Aug 2012 07:58:35 GMT
      Connection:
      - Keep-Alive
    body:
      encoding: US-ASCII
      string: ! '{"attr_id":124,"created_at":"2012-08-23T07:58:35Z","entity_id":93,"id":45,"provider_id":1,"updated_at":"2012-08-23T07:58:35Z","value":[42]}'
    http_version: 
  recorded_at: Thu, 23 Aug 2012 07:58:35 GMT
recorded_with: VCR 2.2.4
