---
http_interactions:
- request:
    method: get
    uri: http://localhost:3000/catalogs?name=test
    body:
      encoding: US-ASCII
      string: ''
    headers:
      Accept-Encoding:
      - gzip;q=1.0,deflate;q=0.6,identity;q=0.3
      Accept:
      - ! '*/*'
      User-Agent:
      - Ruby
  response:
    status:
      code: 200
      message: ! 'OK '
    headers:
      Content-Type:
      - application/json; charset=utf-8
      X-Ua-Compatible:
      - IE=Edge,chrome=1
      Etag:
      - ! '"dfa9bb80d43489a8d0d5f86779af7adf"'
      Cache-Control:
      - max-age=0, private, must-revalidate
      X-Request-Id:
      - eea46c7ad97ab857b461b1e46cf330dd
      X-Runtime:
      - '0.004649'
      Content-Length:
      - '129'
      Server:
      - WEBrick/1.3.1 (Ruby/1.9.3/2012-04-20)
      Date:
      - Thu, 23 Aug 2012 17:54:31 GMT
      Connection:
      - Keep-Alive
    body:
      encoding: US-ASCII
      string: ! '{"catalogs":[{"created_at":"2012-08-23T17:54:31Z","description":null,"id":29,"name":"test","updated_at":"2012-08-23T17:54:31Z"}]}'
    http_version: 
  recorded_at: Thu, 23 Aug 2012 17:54:31 GMT
- request:
    method: delete
    uri: http://localhost:3000/catalogs/29
    body:
      encoding: US-ASCII
      string: ''
    headers:
      Accept:
      - ! '*/*'
      User-Agent:
      - Ruby
  response:
    status:
      code: 204
      message: ! 'No Content '
    headers:
      X-Ua-Compatible:
      - IE=Edge,chrome=1
      Cache-Control:
      - no-cache
      X-Request-Id:
      - a965ce3a68ef01872dabc7ea65f7c005
      X-Runtime:
      - '0.039325'
      Server:
      - WEBrick/1.3.1 (Ruby/1.9.3/2012-04-20)
      Date:
      - Thu, 23 Aug 2012 17:54:31 GMT
      Connection:
      - close
    body:
      encoding: US-ASCII
      string: ''
    http_version: 
  recorded_at: Thu, 23 Aug 2012 17:54:31 GMT
- request:
    method: post
    uri: http://localhost:3000/catalogs
    body:
      encoding: US-ASCII
      string: name=test
    headers:
      Content-Type:
      - application/x-www-form-urlencoded
      Accept:
      - ! '*/*'
      User-Agent:
      - Ruby
  response:
    status:
      code: 201
      message: ! 'Created '
    headers:
      Location:
      - http://localhost:3000/catalogs/30
      Content-Type:
      - application/json; charset=utf-8
      X-Ua-Compatible:
      - IE=Edge,chrome=1
      Etag:
      - ! '"f2c47d112972d21432f4b23b28f2bfd9"'
      Cache-Control:
      - max-age=0, private, must-revalidate
      X-Request-Id:
      - 8cc2617f69291b0691f5e80210a951c2
      X-Runtime:
      - '0.016081'
      Content-Length:
      - '114'
      Server:
      - WEBrick/1.3.1 (Ruby/1.9.3/2012-04-20)
      Date:
      - Thu, 23 Aug 2012 17:54:31 GMT
      Connection:
      - Keep-Alive
    body:
      encoding: US-ASCII
      string: ! '{"created_at":"2012-08-23T17:54:31Z","description":null,"id":30,"name":"test","updated_at":"2012-08-23T17:54:31Z"}'
    http_version: 
  recorded_at: Thu, 23 Aug 2012 17:54:31 GMT
- request:
    method: get
    uri: http://localhost:3000/providers?name=test
    body:
      encoding: US-ASCII
      string: ''
    headers:
      Accept-Encoding:
      - gzip;q=1.0,deflate;q=0.6,identity;q=0.3
      Accept:
      - ! '*/*'
      User-Agent:
      - Ruby
  response:
    status:
      code: 200
      message: ! 'OK '
    headers:
      Content-Type:
      - application/json; charset=utf-8
      X-Ua-Compatible:
      - IE=Edge,chrome=1
      Etag:
      - ! '"0e03af453b4d52eff76d30a116b5bbd1"'
      Cache-Control:
      - max-age=0, private, must-revalidate
      X-Request-Id:
      - a39555a2975dbb1bdc847a1dbdc36eb5
      X-Runtime:
      - '0.004569'
      Content-Length:
      - '111'
      Server:
      - WEBrick/1.3.1 (Ruby/1.9.3/2012-04-20)
      Date:
      - Thu, 23 Aug 2012 17:54:31 GMT
      Connection:
      - Keep-Alive
    body:
      encoding: US-ASCII
      string: ! '{"providers":[{"created_at":"2012-08-23T17:54:31Z","id":30,"name":"test","updated_at":"2012-08-23T17:54:31Z"}]}'
    http_version: 
  recorded_at: Thu, 23 Aug 2012 17:54:31 GMT
- request:
    method: delete
    uri: http://localhost:3000/providers/30
    body:
      encoding: US-ASCII
      string: ''
    headers:
      Accept:
      - ! '*/*'
      User-Agent:
      - Ruby
  response:
    status:
      code: 204
      message: ! 'No Content '
    headers:
      X-Ua-Compatible:
      - IE=Edge,chrome=1
      Cache-Control:
      - no-cache
      X-Request-Id:
      - 93e7b2a1a2c46e9b8224fb07a7f38299
      X-Runtime:
      - '0.037141'
      Server:
      - WEBrick/1.3.1 (Ruby/1.9.3/2012-04-20)
      Date:
      - Thu, 23 Aug 2012 17:54:31 GMT
      Connection:
      - close
    body:
      encoding: US-ASCII
      string: ''
    http_version: 
  recorded_at: Thu, 23 Aug 2012 17:54:31 GMT
- request:
    method: post
    uri: http://localhost:3000/providers
    body:
      encoding: US-ASCII
      string: name=test
    headers:
      Content-Type:
      - application/x-www-form-urlencoded
      Accept:
      - ! '*/*'
      User-Agent:
      - Ruby
  response:
    status:
      code: 201
      message: ! 'Created '
    headers:
      Location:
      - http://localhost:3000/providers/31
      Content-Type:
      - application/json; charset=utf-8
      X-Ua-Compatible:
      - IE=Edge,chrome=1
      Etag:
      - ! '"843658e16eb95d430de2b0edc5314bb4"'
      Cache-Control:
      - max-age=0, private, must-revalidate
      X-Request-Id:
      - 0434ad846ebd0736c04b3a6e4dd97724
      X-Runtime:
      - '0.011697'
      Content-Length:
      - '95'
      Server:
      - WEBrick/1.3.1 (Ruby/1.9.3/2012-04-20)
      Date:
      - Thu, 23 Aug 2012 17:54:31 GMT
      Connection:
      - Keep-Alive
    body:
      encoding: US-ASCII
      string: ! '{"created_at":"2012-08-23T17:54:31Z","id":31,"name":"test","updated_at":"2012-08-23T17:54:31Z"}'
    http_version: 
  recorded_at: Thu, 23 Aug 2012 17:54:31 GMT
- request:
    method: post
    uri: http://localhost:3000/attrs
    body:
      encoding: US-ASCII
      string: name=attr1&entity_type=Product&type=IntegerAttr&catalog_id=30
    headers:
      Content-Type:
      - application/x-www-form-urlencoded
      Accept:
      - ! '*/*'
      User-Agent:
      - Ruby
  response:
    status:
      code: 201
      message: ! 'Created '
    headers:
      Location:
      - http://localhost:3000/attrs/52
      Content-Type:
      - application/json; charset=utf-8
      X-Ua-Compatible:
      - IE=Edge,chrome=1
      Etag:
      - ! '"02ea2d50ea287883303c41aec5a8cfe2"'
      Cache-Control:
      - max-age=0, private, must-revalidate
      X-Request-Id:
      - 3aad895101cbf84826679d75355c9787
      X-Runtime:
      - '0.024413'
      Content-Length:
      - '220'
      Server:
      - WEBrick/1.3.1 (Ruby/1.9.3/2012-04-20)
      Date:
      - Thu, 23 Aug 2012 17:54:32 GMT
      Connection:
      - Keep-Alive
    body:
      encoding: US-ASCII
      string: ! '{"catalog_id":30,"created_at":"2012-08-23T17:54:32Z","entity_type":"Product","id":52,"name":"attr1","options":{"list":false,"allow_nil":true,"default_value":null},"updated_at":"2012-08-23T17:54:32Z","type":"IntegerAttr"}'
    http_version: 
  recorded_at: Thu, 23 Aug 2012 17:54:32 GMT
- request:
    method: post
    uri: http://localhost:3000/entities
    body:
      encoding: US-ASCII
      string: catalog_id=30&type=Product
    headers:
      Content-Type:
      - application/x-www-form-urlencoded
      Accept:
      - ! '*/*'
      User-Agent:
      - Ruby
  response:
    status:
      code: 201
      message: ! 'Created '
    headers:
      Location:
      - http://localhost:3000/entities/30
      Content-Type:
      - application/json; charset=utf-8
      X-Ua-Compatible:
      - IE=Edge,chrome=1
      Etag:
      - ! '"e662381126d93093cb48f6cc99372291"'
      Cache-Control:
      - max-age=0, private, must-revalidate
      X-Request-Id:
      - 611de0f02787916aaf41a09eca3803ba
      X-Runtime:
      - '0.011076'
      Content-Length:
      - '114'
      Server:
      - WEBrick/1.3.1 (Ruby/1.9.3/2012-04-20)
      Date:
      - Thu, 23 Aug 2012 17:54:32 GMT
      Connection:
      - Keep-Alive
    body:
      encoding: US-ASCII
      string: ! '{"catalog_id":30,"created_at":"2012-08-23T17:54:32Z","id":30,"updated_at":"2012-08-23T17:54:32Z","type":"Product"}'
    http_version: 
  recorded_at: Thu, 23 Aug 2012 17:54:32 GMT
- request:
    method: get
    uri: http://localhost:3000/attrs?name=attr2
    body:
      encoding: US-ASCII
      string: ''
    headers:
      Accept-Encoding:
      - gzip;q=1.0,deflate;q=0.6,identity;q=0.3
      Accept:
      - ! '*/*'
      User-Agent:
      - Ruby
  response:
    status:
      code: 200
      message: ! 'OK '
    headers:
      Content-Type:
      - application/json; charset=utf-8
      X-Ua-Compatible:
      - IE=Edge,chrome=1
      Etag:
      - ! '"308935acf8b376bbce7e14cd1371b33e"'
      Cache-Control:
      - max-age=0, private, must-revalidate
      X-Request-Id:
      - 4c1f7992da8b105623522edde43d5161
      X-Runtime:
      - '0.004108'
      Content-Length:
      - '12'
      Server:
      - WEBrick/1.3.1 (Ruby/1.9.3/2012-04-20)
      Date:
      - Thu, 23 Aug 2012 17:54:32 GMT
      Connection:
      - Keep-Alive
    body:
      encoding: US-ASCII
      string: ! '{"attrs":[]}'
    http_version: 
  recorded_at: Thu, 23 Aug 2012 17:54:32 GMT
- request:
    method: post
    uri: http://localhost:3000/attrs
    body:
      encoding: US-ASCII
      string: name=attr2&entity_type=Product&type=StringAttr&options%5Bdefault_value%5D=taoit&catalog_id=30
    headers:
      Content-Type:
      - application/x-www-form-urlencoded
      Accept:
      - ! '*/*'
      User-Agent:
      - Ruby
  response:
    status:
      code: 201
      message: ! 'Created '
    headers:
      Location:
      - http://localhost:3000/attrs/53
      Content-Type:
      - application/json; charset=utf-8
      X-Ua-Compatible:
      - IE=Edge,chrome=1
      Etag:
      - ! '"cfd03bab8df24d98ef7bb8322038826b"'
      Cache-Control:
      - max-age=0, private, must-revalidate
      X-Request-Id:
      - e7efc69215eb6e88725fa08fd270b880
      X-Runtime:
      - '0.019655'
      Content-Length:
      - '222'
      Server:
      - WEBrick/1.3.1 (Ruby/1.9.3/2012-04-20)
      Date:
      - Thu, 23 Aug 2012 17:54:32 GMT
      Connection:
      - Keep-Alive
    body:
      encoding: US-ASCII
      string: ! '{"catalog_id":30,"created_at":"2012-08-23T17:54:32Z","entity_type":"Product","id":53,"name":"attr2","options":{"list":false,"allow_nil":true,"default_value":"taoit"},"updated_at":"2012-08-23T17:54:32Z","type":"StringAttr"}'
    http_version: 
  recorded_at: Thu, 23 Aug 2012 17:54:32 GMT
- request:
    method: post
    uri: http://localhost:3000/attr_values
    body:
      encoding: US-ASCII
      string: entity_id=30&attr_id=53&provider_id=31
    headers:
      Content-Type:
      - application/x-www-form-urlencoded
      Accept:
      - ! '*/*'
      User-Agent:
      - Ruby
  response:
    status:
      code: 201
      message: ! 'Created '
    headers:
      Location:
      - http://localhost:3000/attr_values/33
      Content-Type:
      - application/json; charset=utf-8
      X-Ua-Compatible:
      - IE=Edge,chrome=1
      Etag:
      - ! '"56a2dcac2eb8c53a69316c7a3e094421"'
      Cache-Control:
      - max-age=0, private, must-revalidate
      X-Request-Id:
      - 92cb6855e240326d7ccdcd94b879a063
      X-Runtime:
      - '0.026201'
      Content-Length:
      - '142'
      Server:
      - WEBrick/1.3.1 (Ruby/1.9.3/2012-04-20)
      Date:
      - Thu, 23 Aug 2012 17:54:32 GMT
      Connection:
      - Keep-Alive
    body:
      encoding: US-ASCII
      string: ! '{"attr_id":53,"created_at":"2012-08-23T17:54:32Z","entity_id":30,"id":33,"provider_id":31,"updated_at":"2012-08-23T17:54:32Z","value":"taoit"}'
    http_version: 
  recorded_at: Thu, 23 Aug 2012 17:54:32 GMT
- request:
    method: get
    uri: http://localhost:3000/attr_values/33
    body:
      encoding: US-ASCII
      string: ''
    headers:
      Accept-Encoding:
      - gzip;q=1.0,deflate;q=0.6,identity;q=0.3
      Accept:
      - ! '*/*'
      User-Agent:
      - Ruby
  response:
    status:
      code: 200
      message: ! 'OK '
    headers:
      Content-Type:
      - application/json; charset=utf-8
      X-Ua-Compatible:
      - IE=Edge,chrome=1
      Etag:
      - ! '"56a2dcac2eb8c53a69316c7a3e094421"'
      Cache-Control:
      - max-age=0, private, must-revalidate
      X-Request-Id:
      - 2dc64025e3b13884e8bb8745924f419c
      X-Runtime:
      - '0.004521'
      Content-Length:
      - '142'
      Server:
      - WEBrick/1.3.1 (Ruby/1.9.3/2012-04-20)
      Date:
      - Thu, 23 Aug 2012 17:54:32 GMT
      Connection:
      - Keep-Alive
    body:
      encoding: US-ASCII
      string: ! '{"attr_id":53,"created_at":"2012-08-23T17:54:32Z","entity_id":30,"id":33,"provider_id":31,"updated_at":"2012-08-23T17:54:32Z","value":"taoit"}'
    http_version: 
  recorded_at: Thu, 23 Aug 2012 17:54:32 GMT
recorded_with: VCR 2.2.4
