---
http_interactions:
- request:
    method: get
    uri: http://localhost:3000/catalogs?name=test
    body:
      encoding: US-ASCII
      string: ''
    headers:
      Accept-Encoding:
      - gzip;q=1.0,deflate;q=0.6,identity;q=0.3
      Accept:
      - ! '*/*'
      User-Agent:
      - Ruby
  response:
    status:
      code: 200
      message: ! 'OK '
    headers:
      Content-Type:
      - application/json; charset=utf-8
      X-Ua-Compatible:
      - IE=Edge,chrome=1
      Etag:
      - ! '"995b0747f8cf223d99424bbd993141fa"'
      Cache-Control:
      - max-age=0, private, must-revalidate
      X-Request-Id:
      - 1b35c96a748b5f96d33eadd6c1aa8d48
      X-Runtime:
      - '0.004972'
      Content-Length:
      - '129'
      Server:
      - WEBrick/1.3.1 (Ruby/1.9.3/2012-04-20)
      Date:
      - Fri, 05 Oct 2012 02:03:13 GMT
      Connection:
      - Keep-Alive
    body:
      encoding: US-ASCII
      string: ! '{"catalogs":[{"created_at":"2012-10-05T02:03:12Z","description":null,"id":69,"name":"test","updated_at":"2012-10-05T02:03:12Z"}]}'
    http_version: 
  recorded_at: Fri, 05 Oct 2012 02:03:13 GMT
- request:
    method: delete
    uri: http://localhost:3000/catalogs/69
    body:
      encoding: US-ASCII
      string: ''
    headers:
      Accept:
      - ! '*/*'
      User-Agent:
      - Ruby
  response:
    status:
      code: 204
      message: ! 'No Content '
    headers:
      X-Ua-Compatible:
      - IE=Edge,chrome=1
      Cache-Control:
      - no-cache
      X-Request-Id:
      - d50fe9bd781502c17247de525a000042
      X-Runtime:
      - '0.024195'
      Server:
      - WEBrick/1.3.1 (Ruby/1.9.3/2012-04-20)
      Date:
      - Fri, 05 Oct 2012 02:03:13 GMT
      Connection:
      - close
    body:
      encoding: US-ASCII
      string: ''
    http_version: 
  recorded_at: Fri, 05 Oct 2012 02:03:13 GMT
- request:
    method: post
    uri: http://localhost:3000/catalogs
    body:
      encoding: US-ASCII
      string: name=test
    headers:
      Content-Type:
      - application/x-www-form-urlencoded
      Accept:
      - ! '*/*'
      User-Agent:
      - Ruby
  response:
    status:
      code: 201
      message: ! 'Created '
    headers:
      Location:
      - http://localhost:3000/catalogs/70
      Content-Type:
      - application/json; charset=utf-8
      X-Ua-Compatible:
      - IE=Edge,chrome=1
      Etag:
      - ! '"9ce4b31975d82248c62722ab34e8bfb4"'
      Cache-Control:
      - max-age=0, private, must-revalidate
      X-Request-Id:
      - a5d05e93a9c2fdf3ec6e6ee38cdec130
      X-Runtime:
      - '0.012440'
      Content-Length:
      - '114'
      Server:
      - WEBrick/1.3.1 (Ruby/1.9.3/2012-04-20)
      Date:
      - Fri, 05 Oct 2012 02:03:13 GMT
      Connection:
      - Keep-Alive
    body:
      encoding: US-ASCII
      string: ! '{"created_at":"2012-10-05T02:03:13Z","description":null,"id":70,"name":"test","updated_at":"2012-10-05T02:03:13Z"}'
    http_version: 
  recorded_at: Fri, 05 Oct 2012 02:03:13 GMT
- request:
    method: get
    uri: http://localhost:3000/providers?name=test
    body:
      encoding: US-ASCII
      string: ''
    headers:
      Accept-Encoding:
      - gzip;q=1.0,deflate;q=0.6,identity;q=0.3
      Accept:
      - ! '*/*'
      User-Agent:
      - Ruby
  response:
    status:
      code: 200
      message: ! 'OK '
    headers:
      Content-Type:
      - application/json; charset=utf-8
      X-Ua-Compatible:
      - IE=Edge,chrome=1
      Etag:
      - ! '"2c44562757116083105e249fc43bdd23"'
      Cache-Control:
      - max-age=0, private, must-revalidate
      X-Request-Id:
      - f4b5f2f2090e1bf49a79a63e7936a471
      X-Runtime:
      - '0.004715'
      Content-Length:
      - '111'
      Server:
      - WEBrick/1.3.1 (Ruby/1.9.3/2012-04-20)
      Date:
      - Fri, 05 Oct 2012 02:03:13 GMT
      Connection:
      - Keep-Alive
    body:
      encoding: US-ASCII
      string: ! '{"providers":[{"created_at":"2012-10-05T02:03:13Z","id":58,"name":"test","updated_at":"2012-10-05T02:03:13Z"}]}'
    http_version: 
  recorded_at: Fri, 05 Oct 2012 02:03:13 GMT
- request:
    method: delete
    uri: http://localhost:3000/providers/58
    body:
      encoding: US-ASCII
      string: ''
    headers:
      Accept:
      - ! '*/*'
      User-Agent:
      - Ruby
  response:
    status:
      code: 204
      message: ! 'No Content '
    headers:
      X-Ua-Compatible:
      - IE=Edge,chrome=1
      Cache-Control:
      - no-cache
      X-Request-Id:
      - ddba0fb5c2dd8e26474ce02f6e58047d
      X-Runtime:
      - '0.011155'
      Server:
      - WEBrick/1.3.1 (Ruby/1.9.3/2012-04-20)
      Date:
      - Fri, 05 Oct 2012 02:03:13 GMT
      Connection:
      - close
    body:
      encoding: US-ASCII
      string: ''
    http_version: 
  recorded_at: Fri, 05 Oct 2012 02:03:13 GMT
- request:
    method: post
    uri: http://localhost:3000/providers
    body:
      encoding: US-ASCII
      string: name=test
    headers:
      Content-Type:
      - application/x-www-form-urlencoded
      Accept:
      - ! '*/*'
      User-Agent:
      - Ruby
  response:
    status:
      code: 201
      message: ! 'Created '
    headers:
      Location:
      - http://localhost:3000/providers/59
      Content-Type:
      - application/json; charset=utf-8
      X-Ua-Compatible:
      - IE=Edge,chrome=1
      Etag:
      - ! '"d531d85428c23a38ecb51ad5a515c161"'
      Cache-Control:
      - max-age=0, private, must-revalidate
      X-Request-Id:
      - c729442066a219119759fedb8c7c413b
      X-Runtime:
      - '0.011977'
      Content-Length:
      - '95'
      Server:
      - WEBrick/1.3.1 (Ruby/1.9.3/2012-04-20)
      Date:
      - Fri, 05 Oct 2012 02:03:13 GMT
      Connection:
      - Keep-Alive
    body:
      encoding: US-ASCII
      string: ! '{"created_at":"2012-10-05T02:03:13Z","id":59,"name":"test","updated_at":"2012-10-05T02:03:13Z"}'
    http_version: 
  recorded_at: Fri, 05 Oct 2012 02:03:13 GMT
- request:
    method: post
    uri: http://localhost:3000/attrs
    body:
      encoding: US-ASCII
      string: name=attr1&entity_type=Product&type=IntegerAttr&catalog_id=70
    headers:
      Content-Type:
      - application/x-www-form-urlencoded
      Accept:
      - ! '*/*'
      User-Agent:
      - Ruby
  response:
    status:
      code: 201
      message: ! 'Created '
    headers:
      Location:
      - http://localhost:3000/attrs/116
      Content-Type:
      - application/json; charset=utf-8
      X-Ua-Compatible:
      - IE=Edge,chrome=1
      Etag:
      - ! '"5749686403b49a8e7aefb3d46be5b3a3"'
      Cache-Control:
      - max-age=0, private, must-revalidate
      X-Request-Id:
      - f8ab5bb998ee96280ee98ea1af97e9b6
      X-Runtime:
      - '0.020472'
      Content-Length:
      - '221'
      Server:
      - WEBrick/1.3.1 (Ruby/1.9.3/2012-04-20)
      Date:
      - Fri, 05 Oct 2012 02:03:13 GMT
      Connection:
      - Keep-Alive
    body:
      encoding: US-ASCII
      string: ! '{"catalog_id":70,"created_at":"2012-10-05T02:03:13Z","entity_type":"Product","id":116,"name":"attr1","options":{"list":false,"allow_nil":true,"default_value":null},"updated_at":"2012-10-05T02:03:13Z","type":"IntegerAttr"}'
    http_version: 
  recorded_at: Fri, 05 Oct 2012 02:03:13 GMT
- request:
    method: post
    uri: http://localhost:3000/entities
    body:
      encoding: US-ASCII
      string: catalog_id=70&type=Product
    headers:
      Content-Type:
      - application/x-www-form-urlencoded
      Accept:
      - ! '*/*'
      User-Agent:
      - Ruby
  response:
    status:
      code: 201
      message: ! 'Created '
    headers:
      Location:
      - http://localhost:3000/entities/174
      Content-Type:
      - application/json; charset=utf-8
      X-Ua-Compatible:
      - IE=Edge,chrome=1
      Etag:
      - ! '"1c4316420bf58e967997e3f00557b876"'
      Cache-Control:
      - max-age=0, private, must-revalidate
      X-Request-Id:
      - 238c0a5527c38d4a3f8e2f2138fbfb2c
      X-Runtime:
      - '0.011816'
      Content-Length:
      - '115'
      Server:
      - WEBrick/1.3.1 (Ruby/1.9.3/2012-04-20)
      Date:
      - Fri, 05 Oct 2012 02:03:13 GMT
      Connection:
      - Keep-Alive
    body:
      encoding: US-ASCII
      string: ! '{"catalog_id":70,"created_at":"2012-10-05T02:03:13Z","id":174,"updated_at":"2012-10-05T02:03:13Z","type":"Product"}'
    http_version: 
  recorded_at: Fri, 05 Oct 2012 02:03:13 GMT
- request:
    method: get
    uri: http://localhost:3000/attrs?name=attr2&schema=true
    body:
      encoding: US-ASCII
      string: ''
    headers:
      Accept-Encoding:
      - gzip;q=1.0,deflate;q=0.6,identity;q=0.3
      Accept:
      - ! '*/*'
      User-Agent:
      - Ruby
  response:
    status:
      code: 200
      message: ! 'OK '
    headers:
      Content-Type:
      - application/json; charset=utf-8
      X-Ua-Compatible:
      - IE=Edge,chrome=1
      Etag:
      - ! '"308935acf8b376bbce7e14cd1371b33e"'
      Cache-Control:
      - max-age=0, private, must-revalidate
      X-Request-Id:
      - 5538e30f10925c671cfcd021da70363a
      X-Runtime:
      - '0.004058'
      Content-Length:
      - '12'
      Server:
      - WEBrick/1.3.1 (Ruby/1.9.3/2012-04-20)
      Date:
      - Fri, 05 Oct 2012 02:03:13 GMT
      Connection:
      - Keep-Alive
    body:
      encoding: US-ASCII
      string: ! '{"attrs":[]}'
    http_version: 
  recorded_at: Fri, 05 Oct 2012 02:03:13 GMT
- request:
    method: post
    uri: http://localhost:3000/attrs
    body:
      encoding: US-ASCII
      string: name=attr2&entity_type=Product&type=StringAttr&options%5Bdefault_value%5D=taoit&catalog_id=70
    headers:
      Content-Type:
      - application/x-www-form-urlencoded
      Accept:
      - ! '*/*'
      User-Agent:
      - Ruby
  response:
    status:
      code: 201
      message: ! 'Created '
    headers:
      Location:
      - http://localhost:3000/attrs/117
      Content-Type:
      - application/json; charset=utf-8
      X-Ua-Compatible:
      - IE=Edge,chrome=1
      Etag:
      - ! '"9d8c9de561e991b54345bb1e8163edca"'
      Cache-Control:
      - max-age=0, private, must-revalidate
      X-Request-Id:
      - 3aec290594659f3edfe8491826a01d01
      X-Runtime:
      - '0.066889'
      Content-Length:
      - '223'
      Server:
      - WEBrick/1.3.1 (Ruby/1.9.3/2012-04-20)
      Date:
      - Fri, 05 Oct 2012 02:03:13 GMT
      Connection:
      - Keep-Alive
    body:
      encoding: US-ASCII
      string: ! '{"catalog_id":70,"created_at":"2012-10-05T02:03:13Z","entity_type":"Product","id":117,"name":"attr2","options":{"list":false,"allow_nil":true,"default_value":"taoit"},"updated_at":"2012-10-05T02:03:13Z","type":"StringAttr"}'
    http_version: 
  recorded_at: Fri, 05 Oct 2012 02:03:13 GMT
- request:
    method: post
    uri: http://localhost:3000/attr_values
    body:
      encoding: US-ASCII
      string: entity_id=174&attr_id=117&provider_id=59
    headers:
      Content-Type:
      - application/x-www-form-urlencoded
      Accept:
      - ! '*/*'
      User-Agent:
      - Ruby
  response:
    status:
      code: 201
      message: ! 'Created '
    headers:
      Location:
      - http://localhost:3000/attr_values/41
      Content-Type:
      - application/json; charset=utf-8
      X-Ua-Compatible:
      - IE=Edge,chrome=1
      Etag:
      - ! '"7d92637f473d3721a64e3ea7b7888d16"'
      Cache-Control:
      - max-age=0, private, must-revalidate
      X-Request-Id:
      - 040fad9c008c733a54346101b37dc161
      X-Runtime:
      - '0.024515'
      Content-Length:
      - '159'
      Server:
      - WEBrick/1.3.1 (Ruby/1.9.3/2012-04-20)
      Date:
      - Fri, 05 Oct 2012 02:03:13 GMT
      Connection:
      - Keep-Alive
    body:
      encoding: US-ASCII
      string: ! '{"attr_id":117,"created_at":"2012-10-05T02:03:13Z","entity_id":174,"id":41,"provider_id":59,"updated_at":"2012-10-05T02:03:13Z","value":"taoit","name":"attr2"}'
    http_version: 
  recorded_at: Fri, 05 Oct 2012 02:03:13 GMT
- request:
    method: get
    uri: http://localhost:3000/attr_values/41
    body:
      encoding: US-ASCII
      string: ''
    headers:
      Accept-Encoding:
      - gzip;q=1.0,deflate;q=0.6,identity;q=0.3
      Accept:
      - ! '*/*'
      User-Agent:
      - Ruby
  response:
    status:
      code: 200
      message: ! 'OK '
    headers:
      Content-Type:
      - application/json; charset=utf-8
      X-Ua-Compatible:
      - IE=Edge,chrome=1
      Etag:
      - ! '"7d92637f473d3721a64e3ea7b7888d16"'
      Cache-Control:
      - max-age=0, private, must-revalidate
      X-Request-Id:
      - 1366a417982fd8ee5989a4ea911c10ad
      X-Runtime:
      - '0.010200'
      Content-Length:
      - '159'
      Server:
      - WEBrick/1.3.1 (Ruby/1.9.3/2012-04-20)
      Date:
      - Fri, 05 Oct 2012 02:03:13 GMT
      Connection:
      - Keep-Alive
    body:
      encoding: US-ASCII
      string: ! '{"attr_id":117,"created_at":"2012-10-05T02:03:13Z","entity_id":174,"id":41,"provider_id":59,"updated_at":"2012-10-05T02:03:13Z","value":"taoit","name":"attr2"}'
    http_version: 
  recorded_at: Fri, 05 Oct 2012 02:03:13 GMT
recorded_with: VCR 2.2.4
