---
http_interactions:
- request:
    method: get
    uri: http://localhost:3000/catalogs?name=test
    body:
      encoding: US-ASCII
      string: ''
    headers:
      Accept-Encoding:
      - gzip;q=1.0,deflate;q=0.6,identity;q=0.3
      Accept:
      - ! '*/*'
      User-Agent:
      - Ruby
  response:
    status:
      code: 200
      message: ! 'OK '
    headers:
      Content-Type:
      - application/json; charset=utf-8
      X-Ua-Compatible:
      - IE=Edge,chrome=1
      Etag:
      - ! '"deb46359b8c8769125d8aead854e8d5e"'
      Cache-Control:
      - max-age=0, private, must-revalidate
      X-Request-Id:
      - 7454416a2a0151333671695387ba3cad
      X-Runtime:
      - '0.005047'
      Content-Length:
      - '131'
      Server:
      - WEBrick/1.3.1 (Ruby/1.9.3/2012-04-20)
      Date:
      - Thu, 30 Aug 2012 16:55:10 GMT
      Connection:
      - Keep-Alive
    body:
      encoding: US-ASCII
      string: ! '{"catalogs":[{"created_at":"2012-08-30T16:55:10Z","description":null,"id":2144,"name":"test","updated_at":"2012-08-30T16:55:10Z"}]}'
    http_version: 
  recorded_at: Thu, 30 Aug 2012 16:55:10 GMT
- request:
    method: delete
    uri: http://localhost:3000/catalogs/2144
    body:
      encoding: US-ASCII
      string: ''
    headers:
      Accept:
      - ! '*/*'
      User-Agent:
      - Ruby
  response:
    status:
      code: 204
      message: ! 'No Content '
    headers:
      X-Ua-Compatible:
      - IE=Edge,chrome=1
      Cache-Control:
      - no-cache
      X-Request-Id:
      - cc0e280ff2ba67b580cbac2c03b93dd3
      X-Runtime:
      - '0.075478'
      Server:
      - WEBrick/1.3.1 (Ruby/1.9.3/2012-04-20)
      Date:
      - Thu, 30 Aug 2012 16:55:10 GMT
      Connection:
      - close
    body:
      encoding: US-ASCII
      string: ''
    http_version: 
  recorded_at: Thu, 30 Aug 2012 16:55:10 GMT
- request:
    method: post
    uri: http://localhost:3000/catalogs
    body:
      encoding: US-ASCII
      string: name=test
    headers:
      Content-Type:
      - application/x-www-form-urlencoded
      Accept:
      - ! '*/*'
      User-Agent:
      - Ruby
  response:
    status:
      code: 201
      message: ! 'Created '
    headers:
      Location:
      - http://localhost:3000/catalogs/2145
      Content-Type:
      - application/json; charset=utf-8
      X-Ua-Compatible:
      - IE=Edge,chrome=1
      Etag:
      - ! '"41b6b1d4fd084df86c77f9279da04b54"'
      Cache-Control:
      - max-age=0, private, must-revalidate
      X-Request-Id:
      - bf86b22838280a7946934f7ad4532eae
      X-Runtime:
      - '0.015362'
      Content-Length:
      - '116'
      Server:
      - WEBrick/1.3.1 (Ruby/1.9.3/2012-04-20)
      Date:
      - Thu, 30 Aug 2012 16:55:11 GMT
      Connection:
      - Keep-Alive
    body:
      encoding: US-ASCII
      string: ! '{"created_at":"2012-08-30T16:55:10Z","description":null,"id":2145,"name":"test","updated_at":"2012-08-30T16:55:10Z"}'
    http_version: 
  recorded_at: Thu, 30 Aug 2012 16:55:11 GMT
- request:
    method: get
    uri: http://localhost:3000/providers?name=test
    body:
      encoding: US-ASCII
      string: ''
    headers:
      Accept-Encoding:
      - gzip;q=1.0,deflate;q=0.6,identity;q=0.3
      Accept:
      - ! '*/*'
      User-Agent:
      - Ruby
  response:
    status:
      code: 200
      message: ! 'OK '
    headers:
      Content-Type:
      - application/json; charset=utf-8
      X-Ua-Compatible:
      - IE=Edge,chrome=1
      Etag:
      - ! '"d1317fb713af719a4137d993f7fe25e0"'
      Cache-Control:
      - max-age=0, private, must-revalidate
      X-Request-Id:
      - 0551e26f4a15f155fbab260cdb6dc592
      X-Runtime:
      - '0.007920'
      Content-Length:
      - '113'
      Server:
      - WEBrick/1.3.1 (Ruby/1.9.3/2012-04-20)
      Date:
      - Thu, 30 Aug 2012 16:55:11 GMT
      Connection:
      - Keep-Alive
    body:
      encoding: US-ASCII
      string: ! '{"providers":[{"created_at":"2012-08-30T16:55:10Z","id":1015,"name":"test","updated_at":"2012-08-30T16:55:10Z"}]}'
    http_version: 
  recorded_at: Thu, 30 Aug 2012 16:55:11 GMT
- request:
    method: delete
    uri: http://localhost:3000/providers/1015
    body:
      encoding: US-ASCII
      string: ''
    headers:
      Accept:
      - ! '*/*'
      User-Agent:
      - Ruby
  response:
    status:
      code: 204
      message: ! 'No Content '
    headers:
      X-Ua-Compatible:
      - IE=Edge,chrome=1
      Cache-Control:
      - no-cache
      X-Request-Id:
      - 67fa2d40726bee79b6a2fa581f627328
      X-Runtime:
      - '0.015101'
      Server:
      - WEBrick/1.3.1 (Ruby/1.9.3/2012-04-20)
      Date:
      - Thu, 30 Aug 2012 16:55:11 GMT
      Connection:
      - close
    body:
      encoding: US-ASCII
      string: ''
    http_version: 
  recorded_at: Thu, 30 Aug 2012 16:55:11 GMT
- request:
    method: post
    uri: http://localhost:3000/providers
    body:
      encoding: US-ASCII
      string: name=test
    headers:
      Content-Type:
      - application/x-www-form-urlencoded
      Accept:
      - ! '*/*'
      User-Agent:
      - Ruby
  response:
    status:
      code: 201
      message: ! 'Created '
    headers:
      Location:
      - http://localhost:3000/providers/1016
      Content-Type:
      - application/json; charset=utf-8
      X-Ua-Compatible:
      - IE=Edge,chrome=1
      Etag:
      - ! '"19ed62a5be5c5584f4bf27ca4000b2b9"'
      Cache-Control:
      - max-age=0, private, must-revalidate
      X-Request-Id:
      - b5875ad823438d5abab72d223bdad14f
      X-Runtime:
      - '0.017767'
      Content-Length:
      - '97'
      Server:
      - WEBrick/1.3.1 (Ruby/1.9.3/2012-04-20)
      Date:
      - Thu, 30 Aug 2012 16:55:11 GMT
      Connection:
      - Keep-Alive
    body:
      encoding: US-ASCII
      string: ! '{"created_at":"2012-08-30T16:55:11Z","id":1016,"name":"test","updated_at":"2012-08-30T16:55:11Z"}'
    http_version: 
  recorded_at: Thu, 30 Aug 2012 16:55:11 GMT
- request:
    method: post
    uri: http://localhost:3000/attrs
    body:
      encoding: US-ASCII
      string: name=attr1&entity_type=Product&type=IntegerAttr&catalog_id=2145
    headers:
      Content-Type:
      - application/x-www-form-urlencoded
      Accept:
      - ! '*/*'
      User-Agent:
      - Ruby
  response:
    status:
      code: 201
      message: ! 'Created '
    headers:
      Location:
      - http://localhost:3000/attrs/1520
      Content-Type:
      - application/json; charset=utf-8
      X-Ua-Compatible:
      - IE=Edge,chrome=1
      Etag:
      - ! '"81858a86ccf0bbeae5ed2bab6f7919c3"'
      Cache-Control:
      - max-age=0, private, must-revalidate
      X-Request-Id:
      - 76120de11284f394948efc0a61d0429a
      X-Runtime:
      - '0.029810'
      Content-Length:
      - '224'
      Server:
      - WEBrick/1.3.1 (Ruby/1.9.3/2012-04-20)
      Date:
      - Thu, 30 Aug 2012 16:55:11 GMT
      Connection:
      - Keep-Alive
    body:
      encoding: US-ASCII
      string: ! '{"catalog_id":2145,"created_at":"2012-08-30T16:55:11Z","entity_type":"Product","id":1520,"name":"attr1","options":{"list":false,"allow_nil":true,"default_value":null},"updated_at":"2012-08-30T16:55:11Z","type":"IntegerAttr"}'
    http_version: 
  recorded_at: Thu, 30 Aug 2012 16:55:11 GMT
- request:
    method: post
    uri: http://localhost:3000/entities
    body:
      encoding: US-ASCII
      string: catalog_id=2145&type=Product
    headers:
      Content-Type:
      - application/x-www-form-urlencoded
      Accept:
      - ! '*/*'
      User-Agent:
      - Ruby
  response:
    status:
      code: 201
      message: ! 'Created '
    headers:
      Location:
      - http://localhost:3000/entities/1519
      Content-Type:
      - application/json; charset=utf-8
      X-Ua-Compatible:
      - IE=Edge,chrome=1
      Etag:
      - ! '"9311a617eaef846352b0010392655295"'
      Cache-Control:
      - max-age=0, private, must-revalidate
      X-Request-Id:
      - 7b0f6a8d0284e3f1fd36d28384800e91
      X-Runtime:
      - '0.012997'
      Content-Length:
      - '118'
      Server:
      - WEBrick/1.3.1 (Ruby/1.9.3/2012-04-20)
      Date:
      - Thu, 30 Aug 2012 16:55:11 GMT
      Connection:
      - Keep-Alive
    body:
      encoding: US-ASCII
      string: ! '{"catalog_id":2145,"created_at":"2012-08-30T16:55:11Z","id":1519,"updated_at":"2012-08-30T16:55:11Z","type":"Product"}'
    http_version: 
  recorded_at: Thu, 30 Aug 2012 16:55:11 GMT
- request:
    method: put
    uri: http://localhost:3000/entities/1519
    body:
      encoding: US-ASCII
      string: id=1519&attr_values_attributes%5B%5D%5Battr_id%5D=1520&attr_values_attributes%5B%5D%5Bprovider_id%5D=1016&attr_values_attributes%5B%5D%5Bvalue%5D=1
    headers:
      Content-Type:
      - application/x-www-form-urlencoded
      Accept:
      - ! '*/*'
      User-Agent:
      - Ruby
  response:
    status:
      code: 204
      message: ! 'No Content '
    headers:
      X-Ua-Compatible:
      - IE=Edge,chrome=1
      Cache-Control:
      - no-cache
      X-Request-Id:
      - 2713b77db4cdd7adc8de0729a14f4399
      X-Runtime:
      - '0.048274'
      Server:
      - WEBrick/1.3.1 (Ruby/1.9.3/2012-04-20)
      Date:
      - Thu, 30 Aug 2012 16:55:11 GMT
      Connection:
      - close
    body:
      encoding: US-ASCII
      string: ''
    http_version: 
  recorded_at: Thu, 30 Aug 2012 16:55:11 GMT
- request:
    method: get
    uri: http://localhost:3000/entities/1519
    body:
      encoding: US-ASCII
      string: ''
    headers:
      Accept-Encoding:
      - gzip;q=1.0,deflate;q=0.6,identity;q=0.3
      Accept:
      - ! '*/*'
      User-Agent:
      - Ruby
  response:
    status:
      code: 200
      message: ! 'OK '
    headers:
      Content-Type:
      - application/json; charset=utf-8
      X-Ua-Compatible:
      - IE=Edge,chrome=1
      Etag:
      - ! '"91c9c3da41fe10512e906337cd3eba41"'
      Cache-Control:
      - max-age=0, private, must-revalidate
      X-Request-Id:
      - 8e100912e2b0955d4a5fea296590a351
      X-Runtime:
      - '0.009530'
      Content-Length:
      - '278'
      Server:
      - WEBrick/1.3.1 (Ruby/1.9.3/2012-04-20)
      Date:
      - Thu, 30 Aug 2012 16:55:11 GMT
      Connection:
      - Keep-Alive
    body:
      encoding: US-ASCII
      string: ! '{"catalog_id":2145,"created_at":"2012-08-30T16:55:11Z","id":1519,"updated_at":"2012-08-30T16:55:11Z","attr_values":[{"attr_id":1520,"created_at":"2012-08-30T16:55:11Z","entity_id":1519,"id":634,"provider_id":1016,"updated_at":"2012-08-30T16:55:11Z","value":1}],"type":"Product"}'
    http_version: 
  recorded_at: Thu, 30 Aug 2012 16:55:11 GMT
- request:
    method: get
    uri: http://localhost:3000/attr_values?entity_id=1519
    body:
      encoding: US-ASCII
      string: ''
    headers:
      Accept-Encoding:
      - gzip;q=1.0,deflate;q=0.6,identity;q=0.3
      Accept:
      - ! '*/*'
      User-Agent:
      - Ruby
  response:
    status:
      code: 200
      message: ! 'OK '
    headers:
      Content-Type:
      - application/json; charset=utf-8
      X-Ua-Compatible:
      - IE=Edge,chrome=1
      Etag:
      - ! '"c6b38d093f798cbc97343e9c2861b7c8"'
      Cache-Control:
      - max-age=0, private, must-revalidate
      X-Request-Id:
      - 044421196b7f23feafcae6e9a550ad42
      X-Runtime:
      - '0.019086'
      Content-Length:
      - '176'
      Server:
      - WEBrick/1.3.1 (Ruby/1.9.3/2012-04-20)
      Date:
      - Thu, 30 Aug 2012 16:55:11 GMT
      Connection:
      - Keep-Alive
    body:
      encoding: US-ASCII
      string: ! '{"attr_values":[{"attr_id":1520,"created_at":"2012-08-30T16:55:11Z","entity_id":1519,"id":634,"provider_id":1016,"updated_at":"2012-08-30T16:55:11Z","value":1,"name":"attr1"}]}'
    http_version: 
  recorded_at: Thu, 30 Aug 2012 16:55:11 GMT
- request:
    method: put
    uri: http://localhost:3000/entities/1519
    body:
      encoding: US-ASCII
      string: id=1519&attr_values_attributes%5B%5D%5Bid%5D=634&attr_values_attributes%5B%5D%5Bvalue%5D=2
    headers:
      Content-Type:
      - application/x-www-form-urlencoded
      Accept:
      - ! '*/*'
      User-Agent:
      - Ruby
  response:
    status:
      code: 204
      message: ! 'No Content '
    headers:
      X-Ua-Compatible:
      - IE=Edge,chrome=1
      Cache-Control:
      - no-cache
      X-Request-Id:
      - 89494529e494452731c0f7835441de66
      X-Runtime:
      - '0.045578'
      Server:
      - WEBrick/1.3.1 (Ruby/1.9.3/2012-04-20)
      Date:
      - Thu, 30 Aug 2012 16:55:11 GMT
      Connection:
      - close
    body:
      encoding: US-ASCII
      string: ''
    http_version: 
  recorded_at: Thu, 30 Aug 2012 16:55:11 GMT
- request:
    method: get
    uri: http://localhost:3000/entities/1519
    body:
      encoding: US-ASCII
      string: ''
    headers:
      Accept-Encoding:
      - gzip;q=1.0,deflate;q=0.6,identity;q=0.3
      Accept:
      - ! '*/*'
      User-Agent:
      - Ruby
  response:
    status:
      code: 200
      message: ! 'OK '
    headers:
      Content-Type:
      - application/json; charset=utf-8
      X-Ua-Compatible:
      - IE=Edge,chrome=1
      Etag:
      - ! '"8f98cb51b2c3be1adeecc777ecce6fd2"'
      Cache-Control:
      - max-age=0, private, must-revalidate
      X-Request-Id:
      - 16607ef761fbee159f376fe327778bc8
      X-Runtime:
      - '0.008915'
      Content-Length:
      - '278'
      Server:
      - WEBrick/1.3.1 (Ruby/1.9.3/2012-04-20)
      Date:
      - Thu, 30 Aug 2012 16:55:11 GMT
      Connection:
      - Keep-Alive
    body:
      encoding: US-ASCII
      string: ! '{"catalog_id":2145,"created_at":"2012-08-30T16:55:11Z","id":1519,"updated_at":"2012-08-30T16:55:11Z","attr_values":[{"attr_id":1520,"created_at":"2012-08-30T16:55:11Z","entity_id":1519,"id":634,"provider_id":1016,"updated_at":"2012-08-30T16:55:11Z","value":2}],"type":"Product"}'
    http_version: 
  recorded_at: Thu, 30 Aug 2012 16:55:11 GMT
- request:
    method: get
    uri: http://localhost:3000/attr_values?entity_id=1519
    body:
      encoding: US-ASCII
      string: ''
    headers:
      Accept-Encoding:
      - gzip;q=1.0,deflate;q=0.6,identity;q=0.3
      Accept:
      - ! '*/*'
      User-Agent:
      - Ruby
  response:
    status:
      code: 200
      message: ! 'OK '
    headers:
      Content-Type:
      - application/json; charset=utf-8
      X-Ua-Compatible:
      - IE=Edge,chrome=1
      Etag:
      - ! '"bc646cb5e8f9eb3e752b7427d23a9b9b"'
      Cache-Control:
      - max-age=0, private, must-revalidate
      X-Request-Id:
      - c82edf38a9a301186ccd4446c9093d7e
      X-Runtime:
      - '0.017364'
      Content-Length:
      - '176'
      Server:
      - WEBrick/1.3.1 (Ruby/1.9.3/2012-04-20)
      Date:
      - Thu, 30 Aug 2012 16:55:11 GMT
      Connection:
      - Keep-Alive
    body:
      encoding: US-ASCII
      string: ! '{"attr_values":[{"attr_id":1520,"created_at":"2012-08-30T16:55:11Z","entity_id":1519,"id":634,"provider_id":1016,"updated_at":"2012-08-30T16:55:11Z","value":2,"name":"attr1"}]}'
    http_version: 
  recorded_at: Thu, 30 Aug 2012 16:55:11 GMT
recorded_with: VCR 2.2.4
