---
http_interactions:
- request:
    method: get
    uri: http://localhost:3000/catalogs?name=test
    body:
      encoding: US-ASCII
      string: ''
    headers:
      Accept-Encoding:
      - gzip;q=1.0,deflate;q=0.6,identity;q=0.3
      Accept:
      - ! '*/*'
      User-Agent:
      - Ruby
  response:
    status:
      code: 200
      message: ! 'OK '
    headers:
      Content-Type:
      - application/json; charset=utf-8
      X-Ua-Compatible:
      - IE=Edge,chrome=1
      Etag:
      - ! '"6a5ce350ae95aa7e1f631c9a4300160f"'
      Cache-Control:
      - max-age=0, private, must-revalidate
      X-Request-Id:
      - f1bcf4c5e7bd59fd00c3b3e346290ef4
      X-Runtime:
      - '0.004679'
      Content-Length:
      - '131'
      Server:
      - WEBrick/1.3.1 (Ruby/1.9.3/2012-04-20)
      Date:
      - Thu, 30 Aug 2012 16:55:13 GMT
      Connection:
      - Keep-Alive
    body:
      encoding: US-ASCII
      string: ! '{"catalogs":[{"created_at":"2012-08-30T16:55:12Z","description":null,"id":2149,"name":"test","updated_at":"2012-08-30T16:55:12Z"}]}'
    http_version: 
  recorded_at: Thu, 30 Aug 2012 16:55:13 GMT
- request:
    method: delete
    uri: http://localhost:3000/catalogs/2149
    body:
      encoding: US-ASCII
      string: ''
    headers:
      Accept:
      - ! '*/*'
      User-Agent:
      - Ruby
  response:
    status:
      code: 204
      message: ! 'No Content '
    headers:
      X-Ua-Compatible:
      - IE=Edge,chrome=1
      Cache-Control:
      - no-cache
      X-Request-Id:
      - 0da80b4bd13a834916f8cb712e523adb
      X-Runtime:
      - '0.278098'
      Server:
      - WEBrick/1.3.1 (Ruby/1.9.3/2012-04-20)
      Date:
      - Thu, 30 Aug 2012 16:55:13 GMT
      Connection:
      - close
    body:
      encoding: US-ASCII
      string: ''
    http_version: 
  recorded_at: Thu, 30 Aug 2012 16:55:13 GMT
- request:
    method: post
    uri: http://localhost:3000/catalogs
    body:
      encoding: US-ASCII
      string: name=test
    headers:
      Content-Type:
      - application/x-www-form-urlencoded
      Accept:
      - ! '*/*'
      User-Agent:
      - Ruby
  response:
    status:
      code: 201
      message: ! 'Created '
    headers:
      Location:
      - http://localhost:3000/catalogs/2150
      Content-Type:
      - application/json; charset=utf-8
      X-Ua-Compatible:
      - IE=Edge,chrome=1
      Etag:
      - ! '"3133a32df4991f631220d3960e22a6be"'
      Cache-Control:
      - max-age=0, private, must-revalidate
      X-Request-Id:
      - 5bd8741248d793309bb2c62c12965019
      X-Runtime:
      - '0.050982'
      Content-Length:
      - '116'
      Server:
      - WEBrick/1.3.1 (Ruby/1.9.3/2012-04-20)
      Date:
      - Thu, 30 Aug 2012 16:55:13 GMT
      Connection:
      - Keep-Alive
    body:
      encoding: US-ASCII
      string: ! '{"created_at":"2012-08-30T16:55:13Z","description":null,"id":2150,"name":"test","updated_at":"2012-08-30T16:55:13Z"}'
    http_version: 
  recorded_at: Thu, 30 Aug 2012 16:55:13 GMT
- request:
    method: get
    uri: http://localhost:3000/providers?name=test
    body:
      encoding: US-ASCII
      string: ''
    headers:
      Accept-Encoding:
      - gzip;q=1.0,deflate;q=0.6,identity;q=0.3
      Accept:
      - ! '*/*'
      User-Agent:
      - Ruby
  response:
    status:
      code: 200
      message: ! 'OK '
    headers:
      Content-Type:
      - application/json; charset=utf-8
      X-Ua-Compatible:
      - IE=Edge,chrome=1
      Etag:
      - ! '"482474f3de68b30708736088bdf588a3"'
      Cache-Control:
      - max-age=0, private, must-revalidate
      X-Request-Id:
      - 6004f130112e0cddab7824cb45adee33
      X-Runtime:
      - '0.007706'
      Content-Length:
      - '113'
      Server:
      - WEBrick/1.3.1 (Ruby/1.9.3/2012-04-20)
      Date:
      - Thu, 30 Aug 2012 16:55:13 GMT
      Connection:
      - Keep-Alive
    body:
      encoding: US-ASCII
      string: ! '{"providers":[{"created_at":"2012-08-30T16:55:12Z","id":1020,"name":"test","updated_at":"2012-08-30T16:55:12Z"}]}'
    http_version: 
  recorded_at: Thu, 30 Aug 2012 16:55:13 GMT
- request:
    method: delete
    uri: http://localhost:3000/providers/1020
    body:
      encoding: US-ASCII
      string: ''
    headers:
      Accept:
      - ! '*/*'
      User-Agent:
      - Ruby
  response:
    status:
      code: 204
      message: ! 'No Content '
    headers:
      X-Ua-Compatible:
      - IE=Edge,chrome=1
      Cache-Control:
      - no-cache
      X-Request-Id:
      - 27391a542a34d02a0c2608a31b6d248a
      X-Runtime:
      - '0.017138'
      Server:
      - WEBrick/1.3.1 (Ruby/1.9.3/2012-04-20)
      Date:
      - Thu, 30 Aug 2012 16:55:13 GMT
      Connection:
      - close
    body:
      encoding: US-ASCII
      string: ''
    http_version: 
  recorded_at: Thu, 30 Aug 2012 16:55:13 GMT
- request:
    method: post
    uri: http://localhost:3000/providers
    body:
      encoding: US-ASCII
      string: name=test
    headers:
      Content-Type:
      - application/x-www-form-urlencoded
      Accept:
      - ! '*/*'
      User-Agent:
      - Ruby
  response:
    status:
      code: 201
      message: ! 'Created '
    headers:
      Location:
      - http://localhost:3000/providers/1021
      Content-Type:
      - application/json; charset=utf-8
      X-Ua-Compatible:
      - IE=Edge,chrome=1
      Etag:
      - ! '"1e98fa2a52975b29e68a33a6e96652db"'
      Cache-Control:
      - max-age=0, private, must-revalidate
      X-Request-Id:
      - 4ab0ed881976319291ceb0d460bf1798
      X-Runtime:
      - '0.017504'
      Content-Length:
      - '97'
      Server:
      - WEBrick/1.3.1 (Ruby/1.9.3/2012-04-20)
      Date:
      - Thu, 30 Aug 2012 16:55:13 GMT
      Connection:
      - Keep-Alive
    body:
      encoding: US-ASCII
      string: ! '{"created_at":"2012-08-30T16:55:13Z","id":1021,"name":"test","updated_at":"2012-08-30T16:55:13Z"}'
    http_version: 
  recorded_at: Thu, 30 Aug 2012 16:55:13 GMT
- request:
    method: post
    uri: http://localhost:3000/attrs
    body:
      encoding: US-ASCII
      string: name=attr1&entity_type=Product&type=IntegerAttr&catalog_id=2150
    headers:
      Content-Type:
      - application/x-www-form-urlencoded
      Accept:
      - ! '*/*'
      User-Agent:
      - Ruby
  response:
    status:
      code: 201
      message: ! 'Created '
    headers:
      Location:
      - http://localhost:3000/attrs/1528
      Content-Type:
      - application/json; charset=utf-8
      X-Ua-Compatible:
      - IE=Edge,chrome=1
      Etag:
      - ! '"5efbf0bf0fe9d3dca8135f37bacd5852"'
      Cache-Control:
      - max-age=0, private, must-revalidate
      X-Request-Id:
      - 6dbbec4ab72f11fdb8fffd72164172ba
      X-Runtime:
      - '0.024471'
      Content-Length:
      - '224'
      Server:
      - WEBrick/1.3.1 (Ruby/1.9.3/2012-04-20)
      Date:
      - Thu, 30 Aug 2012 16:55:13 GMT
      Connection:
      - Keep-Alive
    body:
      encoding: US-ASCII
      string: ! '{"catalog_id":2150,"created_at":"2012-08-30T16:55:13Z","entity_type":"Product","id":1528,"name":"attr1","options":{"list":false,"allow_nil":true,"default_value":null},"updated_at":"2012-08-30T16:55:13Z","type":"IntegerAttr"}'
    http_version: 
  recorded_at: Thu, 30 Aug 2012 16:55:13 GMT
- request:
    method: post
    uri: http://localhost:3000/entities
    body:
      encoding: US-ASCII
      string: catalog_id=2150&type=Product
    headers:
      Content-Type:
      - application/x-www-form-urlencoded
      Accept:
      - ! '*/*'
      User-Agent:
      - Ruby
  response:
    status:
      code: 201
      message: ! 'Created '
    headers:
      Location:
      - http://localhost:3000/entities/1524
      Content-Type:
      - application/json; charset=utf-8
      X-Ua-Compatible:
      - IE=Edge,chrome=1
      Etag:
      - ! '"1888e5b965a0a46cb315d163d305757d"'
      Cache-Control:
      - max-age=0, private, must-revalidate
      X-Request-Id:
      - 535da16175074f7229134bf3c5ff9505
      X-Runtime:
      - '0.015274'
      Content-Length:
      - '118'
      Server:
      - WEBrick/1.3.1 (Ruby/1.9.3/2012-04-20)
      Date:
      - Thu, 30 Aug 2012 16:55:13 GMT
      Connection:
      - Keep-Alive
    body:
      encoding: US-ASCII
      string: ! '{"catalog_id":2150,"created_at":"2012-08-30T16:55:13Z","id":1524,"updated_at":"2012-08-30T16:55:13Z","type":"Product"}'
    http_version: 
  recorded_at: Thu, 30 Aug 2012 16:55:13 GMT
- request:
    method: put
    uri: http://localhost:3000/entities/1524
    body:
      encoding: US-ASCII
      string: id=1524&attr_values_attributes%5B%5D%5Battr_id%5D=1528&attr_values_attributes%5B%5D%5Bprovider_id%5D=1021&attr_values_attributes%5B%5D%5Bvalue%5D=1
    headers:
      Content-Type:
      - application/x-www-form-urlencoded
      Accept:
      - ! '*/*'
      User-Agent:
      - Ruby
  response:
    status:
      code: 204
      message: ! 'No Content '
    headers:
      X-Ua-Compatible:
      - IE=Edge,chrome=1
      Cache-Control:
      - no-cache
      X-Request-Id:
      - 7f943b4a38e4faa2d9f8fce6f5491ed8
      X-Runtime:
      - '0.039140'
      Server:
      - WEBrick/1.3.1 (Ruby/1.9.3/2012-04-20)
      Date:
      - Thu, 30 Aug 2012 16:55:13 GMT
      Connection:
      - close
    body:
      encoding: US-ASCII
      string: ''
    http_version: 
  recorded_at: Thu, 30 Aug 2012 16:55:13 GMT
- request:
    method: get
    uri: http://localhost:3000/entities/1524
    body:
      encoding: US-ASCII
      string: ''
    headers:
      Accept-Encoding:
      - gzip;q=1.0,deflate;q=0.6,identity;q=0.3
      Accept:
      - ! '*/*'
      User-Agent:
      - Ruby
  response:
    status:
      code: 200
      message: ! 'OK '
    headers:
      Content-Type:
      - application/json; charset=utf-8
      X-Ua-Compatible:
      - IE=Edge,chrome=1
      Etag:
      - ! '"f7714e6192303eb71fb11e493b669ed0"'
      Cache-Control:
      - max-age=0, private, must-revalidate
      X-Request-Id:
      - 5b3aa8c2b36f563c7ff5f395e9b2abc8
      X-Runtime:
      - '0.008226'
      Content-Length:
      - '278'
      Server:
      - WEBrick/1.3.1 (Ruby/1.9.3/2012-04-20)
      Date:
      - Thu, 30 Aug 2012 16:55:14 GMT
      Connection:
      - Keep-Alive
    body:
      encoding: US-ASCII
      string: ! '{"catalog_id":2150,"created_at":"2012-08-30T16:55:13Z","id":1524,"updated_at":"2012-08-30T16:55:13Z","attr_values":[{"attr_id":1528,"created_at":"2012-08-30T16:55:13Z","entity_id":1524,"id":640,"provider_id":1021,"updated_at":"2012-08-30T16:55:13Z","value":1}],"type":"Product"}'
    http_version: 
  recorded_at: Thu, 30 Aug 2012 16:55:14 GMT
- request:
    method: get
    uri: http://localhost:3000/attr_values?entity_id=1524
    body:
      encoding: US-ASCII
      string: ''
    headers:
      Accept-Encoding:
      - gzip;q=1.0,deflate;q=0.6,identity;q=0.3
      Accept:
      - ! '*/*'
      User-Agent:
      - Ruby
  response:
    status:
      code: 200
      message: ! 'OK '
    headers:
      Content-Type:
      - application/json; charset=utf-8
      X-Ua-Compatible:
      - IE=Edge,chrome=1
      Etag:
      - ! '"e5b696a03a5d059139899c405af07b74"'
      Cache-Control:
      - max-age=0, private, must-revalidate
      X-Request-Id:
      - 46e5c36e23a1f2af50f800d30c2abc87
      X-Runtime:
      - '0.017526'
      Content-Length:
      - '176'
      Server:
      - WEBrick/1.3.1 (Ruby/1.9.3/2012-04-20)
      Date:
      - Thu, 30 Aug 2012 16:55:14 GMT
      Connection:
      - Keep-Alive
    body:
      encoding: US-ASCII
      string: ! '{"attr_values":[{"attr_id":1528,"created_at":"2012-08-30T16:55:13Z","entity_id":1524,"id":640,"provider_id":1021,"updated_at":"2012-08-30T16:55:13Z","value":1,"name":"attr1"}]}'
    http_version: 
  recorded_at: Thu, 30 Aug 2012 16:55:14 GMT
- request:
    method: delete
    uri: http://localhost:3000/attr_values/640
    body:
      encoding: US-ASCII
      string: ''
    headers:
      Accept:
      - ! '*/*'
      User-Agent:
      - Ruby
  response:
    status:
      code: 204
      message: ! 'No Content '
    headers:
      X-Ua-Compatible:
      - IE=Edge,chrome=1
      Cache-Control:
      - no-cache
      X-Request-Id:
      - f5d2b5df46d56e54cf45d459943715d8
      X-Runtime:
      - '0.013856'
      Server:
      - WEBrick/1.3.1 (Ruby/1.9.3/2012-04-20)
      Date:
      - Thu, 30 Aug 2012 16:55:14 GMT
      Connection:
      - close
    body:
      encoding: US-ASCII
      string: ''
    http_version: 
  recorded_at: Thu, 30 Aug 2012 16:55:14 GMT
- request:
    method: get
    uri: http://localhost:3000/entities/1524
    body:
      encoding: US-ASCII
      string: ''
    headers:
      Accept-Encoding:
      - gzip;q=1.0,deflate;q=0.6,identity;q=0.3
      Accept:
      - ! '*/*'
      User-Agent:
      - Ruby
  response:
    status:
      code: 200
      message: ! 'OK '
    headers:
      Content-Type:
      - application/json; charset=utf-8
      X-Ua-Compatible:
      - IE=Edge,chrome=1
      Etag:
      - ! '"f69140523d279be5af7d975e112151ea"'
      Cache-Control:
      - max-age=0, private, must-revalidate
      X-Request-Id:
      - 78d5dfd6d5acd85c88b7a8359727cc34
      X-Runtime:
      - '0.009605'
      Content-Length:
      - '135'
      Server:
      - WEBrick/1.3.1 (Ruby/1.9.3/2012-04-20)
      Date:
      - Thu, 30 Aug 2012 16:55:14 GMT
      Connection:
      - Keep-Alive
    body:
      encoding: US-ASCII
      string: ! '{"catalog_id":2150,"created_at":"2012-08-30T16:55:13Z","id":1524,"updated_at":"2012-08-30T16:55:13Z","attr_values":[],"type":"Product"}'
    http_version: 
  recorded_at: Thu, 30 Aug 2012 16:55:14 GMT
- request:
    method: get
    uri: http://localhost:3000/attr_values?entity_id=1524
    body:
      encoding: US-ASCII
      string: ''
    headers:
      Accept-Encoding:
      - gzip;q=1.0,deflate;q=0.6,identity;q=0.3
      Accept:
      - ! '*/*'
      User-Agent:
      - Ruby
  response:
    status:
      code: 200
      message: ! 'OK '
    headers:
      Content-Type:
      - application/json; charset=utf-8
      X-Ua-Compatible:
      - IE=Edge,chrome=1
      Etag:
      - ! '"ac2ee5ff25ed60b2e2380ac0936b5733"'
      Cache-Control:
      - max-age=0, private, must-revalidate
      X-Request-Id:
      - ba9ad1409b37ac52806f3fe06b1127fe
      X-Runtime:
      - '0.009148'
      Content-Length:
      - '18'
      Server:
      - WEBrick/1.3.1 (Ruby/1.9.3/2012-04-20)
      Date:
      - Thu, 30 Aug 2012 16:55:14 GMT
      Connection:
      - Keep-Alive
    body:
      encoding: US-ASCII
      string: ! '{"attr_values":[]}'
    http_version: 
  recorded_at: Thu, 30 Aug 2012 16:55:14 GMT
recorded_with: VCR 2.2.4
