---
http_interactions:
- request:
    method: get
    uri: http://localhost:3000/catalogs?name=test
    body:
      encoding: US-ASCII
      string: ''
    headers:
      Accept-Encoding:
      - gzip;q=1.0,deflate;q=0.6,identity;q=0.3
      Accept:
      - ! '*/*'
      User-Agent:
      - Ruby
  response:
    status:
      code: 200
      message: ! 'OK '
    headers:
      Content-Type:
      - application/json; charset=utf-8
      X-Ua-Compatible:
      - IE=Edge,chrome=1
      Etag:
      - ! '"12e86b75aec8072bfb055cfdde9584a5"'
      Cache-Control:
      - max-age=0, private, must-revalidate
      X-Request-Id:
      - 3fd1cc5f471371d30b219cc858701957
      X-Runtime:
      - '0.005732'
      Content-Length:
      - '131'
      Server:
      - WEBrick/1.3.1 (Ruby/1.9.3/2012-04-20)
      Date:
      - Wed, 29 Aug 2012 00:16:28 GMT
      Connection:
      - Keep-Alive
    body:
      encoding: US-ASCII
      string: ! '{"catalogs":[{"created_at":"2012-08-29T00:16:27Z","description":null,"id":2049,"name":"test","updated_at":"2012-08-29T00:16:27Z"}]}'
    http_version: 
  recorded_at: Wed, 29 Aug 2012 00:16:28 GMT
- request:
    method: delete
    uri: http://localhost:3000/catalogs/2049
    body:
      encoding: US-ASCII
      string: ''
    headers:
      Accept:
      - ! '*/*'
      User-Agent:
      - Ruby
  response:
    status:
      code: 204
      message: ! 'No Content '
    headers:
      X-Ua-Compatible:
      - IE=Edge,chrome=1
      Cache-Control:
      - no-cache
      X-Request-Id:
      - 2b12ae63bf3bb06d1e61c1df0f38318d
      X-Runtime:
      - '0.065579'
      Server:
      - WEBrick/1.3.1 (Ruby/1.9.3/2012-04-20)
      Date:
      - Wed, 29 Aug 2012 00:16:28 GMT
      Connection:
      - close
    body:
      encoding: US-ASCII
      string: ''
    http_version: 
  recorded_at: Wed, 29 Aug 2012 00:16:28 GMT
- request:
    method: post
    uri: http://localhost:3000/catalogs
    body:
      encoding: US-ASCII
      string: name=test
    headers:
      Content-Type:
      - application/x-www-form-urlencoded
      Accept:
      - ! '*/*'
      User-Agent:
      - Ruby
  response:
    status:
      code: 201
      message: ! 'Created '
    headers:
      Location:
      - http://localhost:3000/catalogs/2050
      Content-Type:
      - application/json; charset=utf-8
      X-Ua-Compatible:
      - IE=Edge,chrome=1
      Etag:
      - ! '"e43acf43f7bb17d71ac0ea804da0a860"'
      Cache-Control:
      - max-age=0, private, must-revalidate
      X-Request-Id:
      - 9544f3b4f68faa897760d926d5974d39
      X-Runtime:
      - '0.014103'
      Content-Length:
      - '116'
      Server:
      - WEBrick/1.3.1 (Ruby/1.9.3/2012-04-20)
      Date:
      - Wed, 29 Aug 2012 00:16:28 GMT
      Connection:
      - Keep-Alive
    body:
      encoding: US-ASCII
      string: ! '{"created_at":"2012-08-29T00:16:28Z","description":null,"id":2050,"name":"test","updated_at":"2012-08-29T00:16:28Z"}'
    http_version: 
  recorded_at: Wed, 29 Aug 2012 00:16:28 GMT
- request:
    method: get
    uri: http://localhost:3000/providers?name=test
    body:
      encoding: US-ASCII
      string: ''
    headers:
      Accept-Encoding:
      - gzip;q=1.0,deflate;q=0.6,identity;q=0.3
      Accept:
      - ! '*/*'
      User-Agent:
      - Ruby
  response:
    status:
      code: 200
      message: ! 'OK '
    headers:
      Content-Type:
      - application/json; charset=utf-8
      X-Ua-Compatible:
      - IE=Edge,chrome=1
      Etag:
      - ! '"1e1ac9f52cd09c1599b02c66a4f2ab83"'
      Cache-Control:
      - max-age=0, private, must-revalidate
      X-Request-Id:
      - 4bf97be9cc0e2031c48f3947aca3596e
      X-Runtime:
      - '0.004701'
      Content-Length:
      - '112'
      Server:
      - WEBrick/1.3.1 (Ruby/1.9.3/2012-04-20)
      Date:
      - Wed, 29 Aug 2012 00:16:28 GMT
      Connection:
      - Keep-Alive
    body:
      encoding: US-ASCII
      string: ! '{"providers":[{"created_at":"2012-08-29T00:16:27Z","id":935,"name":"test","updated_at":"2012-08-29T00:16:27Z"}]}'
    http_version: 
  recorded_at: Wed, 29 Aug 2012 00:16:28 GMT
- request:
    method: delete
    uri: http://localhost:3000/providers/935
    body:
      encoding: US-ASCII
      string: ''
    headers:
      Accept:
      - ! '*/*'
      User-Agent:
      - Ruby
  response:
    status:
      code: 204
      message: ! 'No Content '
    headers:
      X-Ua-Compatible:
      - IE=Edge,chrome=1
      Cache-Control:
      - no-cache
      X-Request-Id:
      - f9d06761651f590b2c65eb2e20f64ae6
      X-Runtime:
      - '0.010683'
      Server:
      - WEBrick/1.3.1 (Ruby/1.9.3/2012-04-20)
      Date:
      - Wed, 29 Aug 2012 00:16:28 GMT
      Connection:
      - close
    body:
      encoding: US-ASCII
      string: ''
    http_version: 
  recorded_at: Wed, 29 Aug 2012 00:16:28 GMT
- request:
    method: post
    uri: http://localhost:3000/providers
    body:
      encoding: US-ASCII
      string: name=test
    headers:
      Content-Type:
      - application/x-www-form-urlencoded
      Accept:
      - ! '*/*'
      User-Agent:
      - Ruby
  response:
    status:
      code: 201
      message: ! 'Created '
    headers:
      Location:
      - http://localhost:3000/providers/936
      Content-Type:
      - application/json; charset=utf-8
      X-Ua-Compatible:
      - IE=Edge,chrome=1
      Etag:
      - ! '"070ff96edca25d05a061928cdd8c2cb3"'
      Cache-Control:
      - max-age=0, private, must-revalidate
      X-Request-Id:
      - e037d13f534b99d72af142c91b393f58
      X-Runtime:
      - '0.012017'
      Content-Length:
      - '96'
      Server:
      - WEBrick/1.3.1 (Ruby/1.9.3/2012-04-20)
      Date:
      - Wed, 29 Aug 2012 00:16:28 GMT
      Connection:
      - Keep-Alive
    body:
      encoding: US-ASCII
      string: ! '{"created_at":"2012-08-29T00:16:28Z","id":936,"name":"test","updated_at":"2012-08-29T00:16:28Z"}'
    http_version: 
  recorded_at: Wed, 29 Aug 2012 00:16:28 GMT
- request:
    method: post
    uri: http://localhost:3000/attrs
    body:
      encoding: US-ASCII
      string: name=attr1&entity_type=Product&type=IntegerAttr&catalog_id=2050
    headers:
      Content-Type:
      - application/x-www-form-urlencoded
      Accept:
      - ! '*/*'
      User-Agent:
      - Ruby
  response:
    status:
      code: 201
      message: ! 'Created '
    headers:
      Location:
      - http://localhost:3000/attrs/1355
      Content-Type:
      - application/json; charset=utf-8
      X-Ua-Compatible:
      - IE=Edge,chrome=1
      Etag:
      - ! '"d8a99a9988b6f5970dd680b8ce783fc3"'
      Cache-Control:
      - max-age=0, private, must-revalidate
      X-Request-Id:
      - 83054b1a5cb252e3c890be0f11e73f13
      X-Runtime:
      - '0.020683'
      Content-Length:
      - '224'
      Server:
      - WEBrick/1.3.1 (Ruby/1.9.3/2012-04-20)
      Date:
      - Wed, 29 Aug 2012 00:16:28 GMT
      Connection:
      - Keep-Alive
    body:
      encoding: US-ASCII
      string: ! '{"catalog_id":2050,"created_at":"2012-08-29T00:16:28Z","entity_type":"Product","id":1355,"name":"attr1","options":{"list":false,"allow_nil":true,"default_value":null},"updated_at":"2012-08-29T00:16:28Z","type":"IntegerAttr"}'
    http_version: 
  recorded_at: Wed, 29 Aug 2012 00:16:28 GMT
- request:
    method: post
    uri: http://localhost:3000/entities
    body:
      encoding: US-ASCII
      string: catalog_id=2050&type=Product
    headers:
      Content-Type:
      - application/x-www-form-urlencoded
      Accept:
      - ! '*/*'
      User-Agent:
      - Ruby
  response:
    status:
      code: 201
      message: ! 'Created '
    headers:
      Location:
      - http://localhost:3000/entities/1274
      Content-Type:
      - application/json; charset=utf-8
      X-Ua-Compatible:
      - IE=Edge,chrome=1
      Etag:
      - ! '"9c18a1457f56a1a22594fcadbdb31612"'
      Cache-Control:
      - max-age=0, private, must-revalidate
      X-Request-Id:
      - 479a96a9b668ee69cd9a227522be04fd
      X-Runtime:
      - '0.012208'
      Content-Length:
      - '118'
      Server:
      - WEBrick/1.3.1 (Ruby/1.9.3/2012-04-20)
      Date:
      - Wed, 29 Aug 2012 00:16:28 GMT
      Connection:
      - Keep-Alive
    body:
      encoding: US-ASCII
      string: ! '{"catalog_id":2050,"created_at":"2012-08-29T00:16:28Z","id":1274,"updated_at":"2012-08-29T00:16:28Z","type":"Product"}'
    http_version: 
  recorded_at: Wed, 29 Aug 2012 00:16:28 GMT
- request:
    method: put
    uri: http://localhost:3000/entities/1274
    body:
      encoding: US-ASCII
      string: id=1274&attr_values_attributes%5B%5D%5Battr_id%5D=1355&attr_values_attributes%5B%5D%5Bprovider_id%5D=936&attr_values_attributes%5B%5D%5Bvalue%5D=1
    headers:
      Content-Type:
      - application/x-www-form-urlencoded
      Accept:
      - ! '*/*'
      User-Agent:
      - Ruby
  response:
    status:
      code: 204
      message: ! 'No Content '
    headers:
      X-Ua-Compatible:
      - IE=Edge,chrome=1
      Cache-Control:
      - no-cache
      X-Request-Id:
      - 5782e15dcbdc589dfa14d1d37bdcd8d3
      X-Runtime:
      - '0.029475'
      Server:
      - WEBrick/1.3.1 (Ruby/1.9.3/2012-04-20)
      Date:
      - Wed, 29 Aug 2012 00:16:28 GMT
      Connection:
      - close
    body:
      encoding: US-ASCII
      string: ''
    http_version: 
  recorded_at: Wed, 29 Aug 2012 00:16:28 GMT
- request:
    method: get
    uri: http://localhost:3000/entities/1274
    body:
      encoding: US-ASCII
      string: ''
    headers:
      Accept-Encoding:
      - gzip;q=1.0,deflate;q=0.6,identity;q=0.3
      Accept:
      - ! '*/*'
      User-Agent:
      - Ruby
  response:
    status:
      code: 200
      message: ! 'OK '
    headers:
      Content-Type:
      - application/json; charset=utf-8
      X-Ua-Compatible:
      - IE=Edge,chrome=1
      Etag:
      - ! '"ad5efa6af73e2603b272cdac1d136f32"'
      Cache-Control:
      - max-age=0, private, must-revalidate
      X-Request-Id:
      - 5a6f55bcd6f3abe8f8417c2a99510799
      X-Runtime:
      - '0.009713'
      Content-Length:
      - '277'
      Server:
      - WEBrick/1.3.1 (Ruby/1.9.3/2012-04-20)
      Date:
      - Wed, 29 Aug 2012 00:16:28 GMT
      Connection:
      - Keep-Alive
    body:
      encoding: US-ASCII
      string: ! '{"catalog_id":2050,"created_at":"2012-08-29T00:16:28Z","id":1274,"updated_at":"2012-08-29T00:16:28Z","attr_values":[{"attr_id":1355,"created_at":"2012-08-29T00:16:28Z","entity_id":1274,"id":574,"provider_id":936,"updated_at":"2012-08-29T00:16:28Z","value":1}],"type":"Product"}'
    http_version: 
  recorded_at: Wed, 29 Aug 2012 00:16:28 GMT
- request:
    method: get
    uri: http://localhost:3000/attr_values?entity_id=1274
    body:
      encoding: US-ASCII
      string: ''
    headers:
      Accept-Encoding:
      - gzip;q=1.0,deflate;q=0.6,identity;q=0.3
      Accept:
      - ! '*/*'
      User-Agent:
      - Ruby
  response:
    status:
      code: 200
      message: ! 'OK '
    headers:
      Content-Type:
      - application/json; charset=utf-8
      X-Ua-Compatible:
      - IE=Edge,chrome=1
      Etag:
      - ! '"ae8e6309b007a423bf443e1b706fe925"'
      Cache-Control:
      - max-age=0, private, must-revalidate
      X-Request-Id:
      - 9fce7cbba153c0c5ec5c22d87594acef
      X-Runtime:
      - '0.010748'
      Content-Length:
      - '175'
      Server:
      - WEBrick/1.3.1 (Ruby/1.9.3/2012-04-20)
      Date:
      - Wed, 29 Aug 2012 00:16:28 GMT
      Connection:
      - Keep-Alive
    body:
      encoding: US-ASCII
      string: ! '{"attr_values":[{"attr_id":1355,"created_at":"2012-08-29T00:16:28Z","entity_id":1274,"id":574,"provider_id":936,"updated_at":"2012-08-29T00:16:28Z","value":1,"name":"attr1"}]}'
    http_version: 
  recorded_at: Wed, 29 Aug 2012 00:16:28 GMT
- request:
    method: put
    uri: http://localhost:3000/entities/1274
    body:
      encoding: US-ASCII
      string: id=1274&attr_values_attributes%5B%5D%5Bid%5D=574&attr_values_attributes%5B%5D%5Bvalue%5D=2
    headers:
      Content-Type:
      - application/x-www-form-urlencoded
      Accept:
      - ! '*/*'
      User-Agent:
      - Ruby
  response:
    status:
      code: 204
      message: ! 'No Content '
    headers:
      X-Ua-Compatible:
      - IE=Edge,chrome=1
      Cache-Control:
      - no-cache
      X-Request-Id:
      - 96e802ed71c420ada837ef5b9c9039f7
      X-Runtime:
      - '0.027078'
      Server:
      - WEBrick/1.3.1 (Ruby/1.9.3/2012-04-20)
      Date:
      - Wed, 29 Aug 2012 00:16:28 GMT
      Connection:
      - close
    body:
      encoding: US-ASCII
      string: ''
    http_version: 
  recorded_at: Wed, 29 Aug 2012 00:16:28 GMT
- request:
    method: get
    uri: http://localhost:3000/entities/1274
    body:
      encoding: US-ASCII
      string: ''
    headers:
      Accept-Encoding:
      - gzip;q=1.0,deflate;q=0.6,identity;q=0.3
      Accept:
      - ! '*/*'
      User-Agent:
      - Ruby
  response:
    status:
      code: 200
      message: ! 'OK '
    headers:
      Content-Type:
      - application/json; charset=utf-8
      X-Ua-Compatible:
      - IE=Edge,chrome=1
      Etag:
      - ! '"968795b3e42053c272c0c411b27c6a2e"'
      Cache-Control:
      - max-age=0, private, must-revalidate
      X-Request-Id:
      - 11ba270137b5953a47e2d8af593cb6ef
      X-Runtime:
      - '0.006443'
      Content-Length:
      - '277'
      Server:
      - WEBrick/1.3.1 (Ruby/1.9.3/2012-04-20)
      Date:
      - Wed, 29 Aug 2012 00:16:28 GMT
      Connection:
      - Keep-Alive
    body:
      encoding: US-ASCII
      string: ! '{"catalog_id":2050,"created_at":"2012-08-29T00:16:28Z","id":1274,"updated_at":"2012-08-29T00:16:28Z","attr_values":[{"attr_id":1355,"created_at":"2012-08-29T00:16:28Z","entity_id":1274,"id":574,"provider_id":936,"updated_at":"2012-08-29T00:16:28Z","value":2}],"type":"Product"}'
    http_version: 
  recorded_at: Wed, 29 Aug 2012 00:16:28 GMT
- request:
    method: get
    uri: http://localhost:3000/attr_values?entity_id=1274
    body:
      encoding: US-ASCII
      string: ''
    headers:
      Accept-Encoding:
      - gzip;q=1.0,deflate;q=0.6,identity;q=0.3
      Accept:
      - ! '*/*'
      User-Agent:
      - Ruby
  response:
    status:
      code: 200
      message: ! 'OK '
    headers:
      Content-Type:
      - application/json; charset=utf-8
      X-Ua-Compatible:
      - IE=Edge,chrome=1
      Etag:
      - ! '"98ac99d51e92ee9d140882668845b829"'
      Cache-Control:
      - max-age=0, private, must-revalidate
      X-Request-Id:
      - 9b1675368ffeabe6b770c56a48bc8263
      X-Runtime:
      - '0.010051'
      Content-Length:
      - '175'
      Server:
      - WEBrick/1.3.1 (Ruby/1.9.3/2012-04-20)
      Date:
      - Wed, 29 Aug 2012 00:16:28 GMT
      Connection:
      - Keep-Alive
    body:
      encoding: US-ASCII
      string: ! '{"attr_values":[{"attr_id":1355,"created_at":"2012-08-29T00:16:28Z","entity_id":1274,"id":574,"provider_id":936,"updated_at":"2012-08-29T00:16:28Z","value":2,"name":"attr1"}]}'
    http_version: 
  recorded_at: Wed, 29 Aug 2012 00:16:28 GMT
recorded_with: VCR 2.2.4
