---
http_interactions:
- request:
    method: get
    uri: http://localhost:3000/v1/attrs.json?include%5B0%5D=schema&name=test1
    body:
      encoding: US-ASCII
      string: ''
    headers:
      Accept-Encoding:
      - gzip;q=1.0,deflate;q=0.6,identity;q=0.3
      Accept:
      - ! '*/*'
      User-Agent:
      - Ruby
  response:
    status:
      code: 200
      message: ! 'OK '
    headers:
      Content-Type:
      - application/json; charset=utf-8
      X-Ua-Compatible:
      - IE=Edge,chrome=1
      Etag:
      - ! '"c4a77f57093bb0c5928baf8dd28b80eb"'
      Cache-Control:
      - max-age=0, private, must-revalidate
      X-Request-Id:
      - 1f0f2b7a54ee4cf83a22d583e1737e07
      X-Runtime:
      - '0.005542'
      Server:
      - WEBrick/1.3.1 (Ruby/1.9.2/2012-04-20)
      Date:
      - Tue, 12 Feb 2013 22:30:54 GMT
      Content-Length:
      - '437'
      Connection:
      - Keep-Alive
    body:
      encoding: US-ASCII
      string: ! '[{"catalog_id":1,"created_at":"2013-02-12T22:30:54Z","entity_type":"Product","id":64,"name":"test1","options":{"enum":null,"list":false,"allow_nil":true,"default_value":null,"min_items":null,"max_items":null,"unique_items":null,"referenced_catalog_id":null,"referenced_attr_id":null,"source_attr_id":null,"sort":null,"position":null,"hide":false,"title":null,"enum_titles":null},"updated_at":"2013-02-12T22:30:54Z","type":"IntegerAttr"}]'
    http_version: !!null 
  recorded_at: Tue, 12 Feb 2013 22:30:54 GMT
- request:
    method: delete
    uri: http://localhost:3000/v1/attrs/64
    body:
      encoding: US-ASCII
      string: ''
    headers:
      Accept:
      - ! '*/*'
      User-Agent:
      - Ruby
  response:
    status:
      code: 204
      message: ! 'No Content '
    headers:
      X-Ua-Compatible:
      - IE=Edge,chrome=1
      Cache-Control:
      - no-cache
      X-Request-Id:
      - d64ee3940860d9f6a4b888d73cf9595c
      X-Runtime:
      - '0.006722'
      Server:
      - WEBrick/1.3.1 (Ruby/1.9.2/2012-04-20)
      Date:
      - Tue, 12 Feb 2013 22:30:54 GMT
    body:
      encoding: US-ASCII
      string: ''
    http_version: !!null 
  recorded_at: Tue, 12 Feb 2013 22:30:54 GMT
- request:
    method: get
    uri: http://localhost:3000/v1/attrs.json?include%5B0%5D=schema&name=test2
    body:
      encoding: US-ASCII
      string: ''
    headers:
      Accept-Encoding:
      - gzip;q=1.0,deflate;q=0.6,identity;q=0.3
      Accept:
      - ! '*/*'
      User-Agent:
      - Ruby
  response:
    status:
      code: 200
      message: ! 'OK '
    headers:
      Content-Type:
      - application/json; charset=utf-8
      X-Ua-Compatible:
      - IE=Edge,chrome=1
      Etag:
      - ! '"8143ee63b0255622dfaaa1d326866ec4"'
      Cache-Control:
      - max-age=0, private, must-revalidate
      X-Request-Id:
      - 12923f14e586d192df65cf4a4177c054
      X-Runtime:
      - '0.004477'
      Server:
      - WEBrick/1.3.1 (Ruby/1.9.2/2012-04-20)
      Date:
      - Tue, 12 Feb 2013 22:30:54 GMT
      Content-Length:
      - '434'
      Connection:
      - Keep-Alive
    body:
      encoding: US-ASCII
      string: ! '[{"catalog_id":1,"created_at":"2013-02-12T22:30:54Z","entity_type":"Brand","id":65,"name":"test2","options":{"enum":null,"list":false,"allow_nil":true,"default_value":null,"min_items":null,"max_items":null,"unique_items":null,"referenced_catalog_id":null,"referenced_attr_id":null,"source_attr_id":null,"sort":null,"position":null,"hide":false,"title":null,"enum_titles":null},"updated_at":"2013-02-12T22:30:54Z","type":"StringAttr"}]'
    http_version: !!null 
  recorded_at: Tue, 12 Feb 2013 22:30:54 GMT
- request:
    method: delete
    uri: http://localhost:3000/v1/attrs/65
    body:
      encoding: US-ASCII
      string: ''
    headers:
      Accept:
      - ! '*/*'
      User-Agent:
      - Ruby
  response:
    status:
      code: 204
      message: ! 'No Content '
    headers:
      X-Ua-Compatible:
      - IE=Edge,chrome=1
      Cache-Control:
      - no-cache
      X-Request-Id:
      - d51cadf5b1705fc360b34dc316ac6098
      X-Runtime:
      - '0.006122'
      Server:
      - WEBrick/1.3.1 (Ruby/1.9.2/2012-04-20)
      Date:
      - Tue, 12 Feb 2013 22:30:54 GMT
    body:
      encoding: US-ASCII
      string: ''
    http_version: !!null 
  recorded_at: Tue, 12 Feb 2013 22:30:54 GMT
- request:
    method: get
    uri: http://localhost:3000/v1/catalogs/1
    body:
      encoding: US-ASCII
      string: ''
    headers:
      Accept-Encoding:
      - gzip;q=1.0,deflate;q=0.6,identity;q=0.3
      Accept:
      - ! '*/*'
      User-Agent:
      - Ruby
  response:
    status:
      code: 200
      message: ! 'OK '
    headers:
      Content-Type:
      - application/json; charset=utf-8
      X-Ua-Compatible:
      - IE=Edge,chrome=1
      Etag:
      - ! '"b0f4c67f9c807fbe1ed6181f1a23c9f7"'
      Cache-Control:
      - max-age=0, private, must-revalidate
      X-Request-Id:
      - 4f119a34350f77a8757ff88363e78ddb
      X-Runtime:
      - '0.011548'
      Server:
      - WEBrick/1.3.1 (Ruby/1.9.2/2012-04-20)
      Date:
      - Tue, 12 Feb 2013 22:30:54 GMT
      Content-Length:
      - '2779'
      Connection:
      - Keep-Alive
    body:
      encoding: US-ASCII
      string: ! '{"created_at":"2013-02-12T22:29:02Z","description":"GoodGuide catalog","id":1,"name":"GoodGuide","options":{"image_src":null},"updated_at":"2013-02-12T22:29:02Z","attrs":[{"catalog_id":1,"created_at":"2013-02-12T22:29:02Z","entity_type":"Brand","id":1,"name":"name","options":{"enum":null,"list":false,"allow_nil":true,"default_value":null,"min_items":null,"max_items":null,"unique_items":null,"referenced_catalog_id":null,"referenced_attr_id":null,"source_attr_id":null,"sort":null,"position":0,"hide":false,"title":"Name","enum_titles":null},"updated_at":"2013-02-12T22:29:02Z","type":"IdentityAttr"},{"catalog_id":1,"created_at":"2013-02-12T22:29:02Z","entity_type":"Category","id":2,"name":"name","options":{"enum":null,"list":false,"allow_nil":true,"default_value":null,"min_items":null,"max_items":null,"unique_items":null,"referenced_catalog_id":null,"referenced_attr_id":null,"source_attr_id":null,"sort":null,"position":0,"hide":false,"title":"Name","enum_titles":null},"updated_at":"2013-02-12T22:29:02Z","type":"IdentityAttr"},{"catalog_id":1,"created_at":"2013-02-12T22:29:02Z","entity_type":"Company","id":3,"name":"name","options":{"enum":null,"list":false,"allow_nil":true,"default_value":null,"min_items":null,"max_items":null,"unique_items":null,"referenced_catalog_id":null,"referenced_attr_id":null,"source_attr_id":null,"sort":null,"position":0,"hide":false,"title":"Name","enum_titles":null},"updated_at":"2013-02-12T22:29:02Z","type":"IdentityAttr"},{"catalog_id":1,"created_at":"2013-02-12T22:29:02Z","entity_type":"Ingredient","id":4,"name":"name","options":{"enum":null,"list":false,"allow_nil":true,"default_value":null,"min_items":null,"max_items":null,"unique_items":null,"referenced_catalog_id":null,"referenced_attr_id":null,"source_attr_id":null,"sort":null,"position":0,"hide":false,"title":"Name","enum_titles":null},"updated_at":"2013-02-12T22:29:02Z","type":"IdentityAttr"},{"catalog_id":1,"created_at":"2013-02-12T22:29:02Z","entity_type":"Product","id":5,"name":"name","options":{"enum":null,"list":false,"allow_nil":true,"default_value":null,"min_items":null,"max_items":null,"unique_items":null,"referenced_catalog_id":null,"referenced_attr_id":null,"source_attr_id":null,"sort":null,"position":0,"hide":false,"title":"Name","enum_titles":null},"updated_at":"2013-02-12T22:29:02Z","type":"IdentityAttr"},{"catalog_id":1,"created_at":"2013-02-12T22:30:53Z","entity_type":"Product","id":61,"name":"test","options":{"enum":null,"list":false,"allow_nil":true,"default_value":null,"min_items":null,"max_items":null,"unique_items":null,"referenced_catalog_id":null,"referenced_attr_id":null,"source_attr_id":null,"sort":null,"position":null,"hide":false,"title":null,"enum_titles":null},"updated_at":"2013-02-12T22:30:53Z","type":"IntegerAttr"}]}'
    http_version: !!null 
  recorded_at: Tue, 12 Feb 2013 22:30:54 GMT
- request:
    method: post
    uri: http://localhost:3000/v1/attrs
    body:
      encoding: US-ASCII
      string: name=test1&type=IntegerAttr&entity_type=Product&catalog_id=1
    headers:
      Content-Type:
      - application/x-www-form-urlencoded
      Accept:
      - ! '*/*'
      User-Agent:
      - Ruby
  response:
    status:
      code: 201
      message: ! 'Created '
    headers:
      Location:
      - http://localhost:3000/v1/attrs/66
      Content-Type:
      - application/json; charset=utf-8
      X-Ua-Compatible:
      - IE=Edge,chrome=1
      Etag:
      - ! '"584c2dc4d433c5dfcc9ef4f37f57f620"'
      Cache-Control:
      - max-age=0, private, must-revalidate
      X-Request-Id:
      - d0e603042baaec187f1f68f69ef69c46
      X-Runtime:
      - '0.010754'
      Server:
      - WEBrick/1.3.1 (Ruby/1.9.2/2012-04-20)
      Date:
      - Tue, 12 Feb 2013 22:30:54 GMT
      Content-Length:
      - '435'
      Connection:
      - Keep-Alive
    body:
      encoding: US-ASCII
      string: ! '{"catalog_id":1,"created_at":"2013-02-12T22:30:54Z","entity_type":"Product","id":66,"name":"test1","options":{"enum":null,"list":false,"allow_nil":true,"default_value":null,"min_items":null,"max_items":null,"unique_items":null,"referenced_catalog_id":null,"referenced_attr_id":null,"source_attr_id":null,"sort":null,"position":null,"hide":false,"title":null,"enum_titles":null},"updated_at":"2013-02-12T22:30:54Z","type":"IntegerAttr"}'
    http_version: !!null 
  recorded_at: Tue, 12 Feb 2013 22:30:54 GMT
- request:
    method: put
    uri: http://localhost:3000/v1/attrs/66
    body:
      encoding: UTF-8
      string: catalog_id=2&created_at=2013-02-12T22%3A30%3A54Z&entity_type=Brand&id=66&name=test2&options%5Benum%5D&options%5Blist%5D=false&options%5Ballow_nil%5D=true&options%5Bdefault_value%5D&options%5Bmin_items%5D&options%5Bmax_items%5D&options%5Bunique_items%5D&options%5Breferenced_catalog_id%5D&options%5Breferenced_attr_id%5D&options%5Bsource_attr_id%5D&options%5Bsort%5D&options%5Bposition%5D&options%5Bhide%5D=false&options%5Btitle%5D&options%5Benum_titles%5D&updated_at=2013-02-12T22%3A30%3A54Z&type=StringAttr
    headers:
      Content-Type:
      - application/x-www-form-urlencoded
      Accept:
      - ! '*/*'
      User-Agent:
      - Ruby
  response:
    status:
      code: 204
      message: ! 'No Content '
    headers:
      X-Ua-Compatible:
      - IE=Edge,chrome=1
      Cache-Control:
      - no-cache
      X-Request-Id:
      - 6283b12f41c77a7d0ded18d1485d6890
      X-Runtime:
      - '0.018310'
      Server:
      - WEBrick/1.3.1 (Ruby/1.9.2/2012-04-20)
      Date:
      - Tue, 12 Feb 2013 22:30:54 GMT
    body:
      encoding: US-ASCII
      string: ''
    http_version: !!null 
  recorded_at: Tue, 12 Feb 2013 22:30:54 GMT
- request:
    method: get
    uri: http://localhost:3000/v1/attrs/66?include%5B0%5D=schema
    body:
      encoding: US-ASCII
      string: ''
    headers:
      Accept-Encoding:
      - gzip;q=1.0,deflate;q=0.6,identity;q=0.3
      Accept:
      - ! '*/*'
      User-Agent:
      - Ruby
  response:
    status:
      code: 200
      message: ! 'OK '
    headers:
      Content-Type:
      - application/json; charset=utf-8
      X-Ua-Compatible:
      - IE=Edge,chrome=1
      Etag:
      - ! '"eb2665f26989a42fc3d99efc496603ab"'
      Cache-Control:
      - max-age=0, private, must-revalidate
      X-Request-Id:
      - 5f4db5f0b6b8f97467ef2720f42d7dd1
      X-Runtime:
      - '0.007386'
      Server:
      - WEBrick/1.3.1 (Ruby/1.9.2/2012-04-20)
      Date:
      - Tue, 12 Feb 2013 22:30:54 GMT
      Content-Length:
      - '441'
      Connection:
      - Keep-Alive
    body:
      encoding: US-ASCII
      string: ! '{"catalog_id":1,"created_at":"2013-02-12T22:30:54Z","entity_type":"Product","id":66,"name":"test2","options":{"enum":null,"list":"false","allow_nil":"true","default_value":null,"min_items":null,"max_items":null,"unique_items":null,"referenced_catalog_id":null,"referenced_attr_id":null,"source_attr_id":null,"sort":null,"position":null,"hide":"false","title":null,"enum_titles":null},"updated_at":"2013-02-12T22:30:54Z","type":"IntegerAttr"}'
    http_version: !!null 
  recorded_at: Tue, 12 Feb 2013 22:30:54 GMT
recorded_with: VCR 2.4.0
