---
http_interactions:
- request:
    method: get
    uri: http://localhost:3000/attrs?include%5B0%5D=schema&name=test1
    body:
      encoding: US-ASCII
      string: ''
    headers:
      Accept-Encoding:
      - gzip;q=1.0,deflate;q=0.6,identity;q=0.3
      Accept:
      - ! '*/*'
      User-Agent:
      - Ruby
  response:
    status:
      code: 200
      message: ! 'OK '
    headers:
      Content-Type:
      - application/json; charset=utf-8
      X-Ua-Compatible:
      - IE=Edge,chrome=1
      Etag:
      - ! '"178d9ff89b19d612745ac207328f1e30"'
      Cache-Control:
      - max-age=0, private, must-revalidate
      X-Request-Id:
      - d96444ae9a3ecf1d1eb4d955c5a643dc
      X-Runtime:
      - '0.007575'
      Content-Length:
      - '334'
      Server:
      - WEBrick/1.3.1 (Ruby/1.9.3/2012-10-12)
      Date:
      - Mon, 19 Nov 2012 22:24:06 GMT
      Connection:
      - Keep-Alive
    body:
      encoding: US-ASCII
      string: ! '{"attrs":[{"catalog_id":1,"created_at":"2012-11-19T22:24:06Z","entity_type":"Product","id":525,"name":"test1","options":{"list":false,"allow_nil":true,"default_value":null,"sort":null,"position":null,"hide":false},"schema":{"type":"integer","title":"test1","required":false},"updated_at":"2012-11-19T22:24:06Z","type":"IntegerAttr"}]}'
    http_version: 
  recorded_at: Mon, 19 Nov 2012 22:24:06 GMT
- request:
    method: delete
    uri: http://localhost:3000/attrs/525
    body:
      encoding: US-ASCII
      string: ''
    headers:
      Accept:
      - ! '*/*'
      User-Agent:
      - Ruby
  response:
    status:
      code: 204
      message: ! 'No Content '
    headers:
      X-Ua-Compatible:
      - IE=Edge,chrome=1
      Cache-Control:
      - no-cache
      X-Request-Id:
      - 8866c81f5e2a6724a100156f45750116
      X-Runtime:
      - '0.016540'
      Server:
      - WEBrick/1.3.1 (Ruby/1.9.3/2012-10-12)
      Date:
      - Mon, 19 Nov 2012 22:24:06 GMT
      Connection:
      - close
    body:
      encoding: US-ASCII
      string: ''
    http_version: 
  recorded_at: Mon, 19 Nov 2012 22:24:06 GMT
- request:
    method: get
    uri: http://localhost:3000/attrs?include%5B0%5D=schema&name=test2
    body:
      encoding: US-ASCII
      string: ''
    headers:
      Accept-Encoding:
      - gzip;q=1.0,deflate;q=0.6,identity;q=0.3
      Accept:
      - ! '*/*'
      User-Agent:
      - Ruby
  response:
    status:
      code: 200
      message: ! 'OK '
    headers:
      Content-Type:
      - application/json; charset=utf-8
      X-Ua-Compatible:
      - IE=Edge,chrome=1
      Etag:
      - ! '"6697e49450bfeed30ad9f7269279396a"'
      Cache-Control:
      - max-age=0, private, must-revalidate
      X-Request-Id:
      - cb145ccb05eb73f6add94a74d20d0be2
      X-Runtime:
      - '0.007884'
      Content-Length:
      - '330'
      Server:
      - WEBrick/1.3.1 (Ruby/1.9.3/2012-10-12)
      Date:
      - Mon, 19 Nov 2012 22:24:06 GMT
      Connection:
      - Keep-Alive
    body:
      encoding: US-ASCII
      string: ! '{"attrs":[{"catalog_id":1,"created_at":"2012-11-19T22:24:06Z","entity_type":"Brand","id":526,"name":"test2","options":{"list":false,"allow_nil":true,"default_value":null,"sort":null,"position":null,"hide":false},"schema":{"type":"string","title":"test2","required":false},"updated_at":"2012-11-19T22:24:06Z","type":"StringAttr"}]}'
    http_version: 
  recorded_at: Mon, 19 Nov 2012 22:24:06 GMT
- request:
    method: delete
    uri: http://localhost:3000/attrs/526
    body:
      encoding: US-ASCII
      string: ''
    headers:
      Accept:
      - ! '*/*'
      User-Agent:
      - Ruby
  response:
    status:
      code: 204
      message: ! 'No Content '
    headers:
      X-Ua-Compatible:
      - IE=Edge,chrome=1
      Cache-Control:
      - no-cache
      X-Request-Id:
      - 4d9905d86b6dd6034459eb1b58277a60
      X-Runtime:
      - '0.009944'
      Server:
      - WEBrick/1.3.1 (Ruby/1.9.3/2012-10-12)
      Date:
      - Mon, 19 Nov 2012 22:24:06 GMT
      Connection:
      - close
    body:
      encoding: US-ASCII
      string: ''
    http_version: 
  recorded_at: Mon, 19 Nov 2012 22:24:06 GMT
- request:
    method: get
    uri: http://localhost:3000/catalogs/1
    body:
      encoding: US-ASCII
      string: ''
    headers:
      Accept-Encoding:
      - gzip;q=1.0,deflate;q=0.6,identity;q=0.3
      Accept:
      - ! '*/*'
      User-Agent:
      - Ruby
  response:
    status:
      code: 200
      message: ! 'OK '
    headers:
      Content-Type:
      - application/json; charset=utf-8
      X-Ua-Compatible:
      - IE=Edge,chrome=1
      Etag:
      - ! '"7150a6b861b3a8261e9e8cf1038b9f87"'
      Cache-Control:
      - max-age=0, private, must-revalidate
      X-Request-Id:
      - 3420b8f20939a0cc22d9bf85f908f157
      X-Runtime:
      - '0.010080'
      Content-Length:
      - '133'
      Server:
      - WEBrick/1.3.1 (Ruby/1.9.3/2012-10-12)
      Date:
      - Mon, 19 Nov 2012 22:24:06 GMT
      Connection:
      - Keep-Alive
    body:
      encoding: US-ASCII
      string: ! '{"created_at":"2012-11-19T21:29:34Z","description":"GoodGuide catalog","id":1,"name":"GoodGuide","updated_at":"2012-11-19T21:29:34Z"}'
    http_version: 
  recorded_at: Mon, 19 Nov 2012 22:24:06 GMT
- request:
    method: post
    uri: http://localhost:3000/attrs
    body:
      encoding: US-ASCII
      string: name=test1&type=IntegerAttr&entity_type=Product&catalog_id=1
    headers:
      Content-Type:
      - application/x-www-form-urlencoded
      Accept:
      - ! '*/*'
      User-Agent:
      - Ruby
  response:
    status:
      code: 201
      message: ! 'Created '
    headers:
      Location:
      - http://localhost:3000/attrs/527
      Content-Type:
      - application/json; charset=utf-8
      X-Ua-Compatible:
      - IE=Edge,chrome=1
      Etag:
      - ! '"7148c0232a2897ca28cd1ee480e2e06d"'
      Cache-Control:
      - max-age=0, private, must-revalidate
      X-Request-Id:
      - 12d857ea54e8d81106f34e386753afee
      X-Runtime:
      - '0.024108'
      Content-Length:
      - '321'
      Server:
      - WEBrick/1.3.1 (Ruby/1.9.3/2012-10-12)
      Date:
      - Mon, 19 Nov 2012 22:24:06 GMT
      Connection:
      - Keep-Alive
    body:
      encoding: US-ASCII
      string: ! '{"catalog_id":1,"created_at":"2012-11-19T22:24:06Z","entity_type":"Product","id":527,"name":"test1","options":{"list":false,"allow_nil":true,"default_value":null,"sort":null,"position":null,"hide":false},"schema":{"type":"string","title":"test1","required":false},"updated_at":"2012-11-19T22:24:06Z","type":"IntegerAttr"}'
    http_version: 
  recorded_at: Mon, 19 Nov 2012 22:24:06 GMT
- request:
    method: put
    uri: http://localhost:3000/attrs/527
    body:
      encoding: UTF-8
      string: catalog_id=2&created_at=2012-11-19T22%3A24%3A06Z&entity_type=Brand&id=527&name=test2&options%5Blist%5D=false&options%5Ballow_nil%5D=true&options%5Bdefault_value%5D&options%5Bsort%5D&options%5Bposition%5D&options%5Bhide%5D=false&schema%5Btype%5D=string&schema%5Btitle%5D=test1&schema%5Brequired%5D=false&updated_at=2012-11-19T22%3A24%3A06Z&type=StringAttr
    headers:
      Content-Type:
      - application/x-www-form-urlencoded
      Accept:
      - ! '*/*'
      User-Agent:
      - Ruby
  response:
    status:
      code: 204
      message: ! 'No Content '
    headers:
      X-Ua-Compatible:
      - IE=Edge,chrome=1
      Cache-Control:
      - no-cache
      X-Request-Id:
      - e4d7dc2ecc3c4798ed18c5088e09c625
      X-Runtime:
      - '0.028816'
      Server:
      - WEBrick/1.3.1 (Ruby/1.9.3/2012-10-12)
      Date:
      - Mon, 19 Nov 2012 22:24:06 GMT
      Connection:
      - close
    body:
      encoding: US-ASCII
      string: ''
    http_version: 
  recorded_at: Mon, 19 Nov 2012 22:24:06 GMT
- request:
    method: get
    uri: http://localhost:3000/attrs/527?include%5B0%5D=schema
    body:
      encoding: US-ASCII
      string: ''
    headers:
      Accept-Encoding:
      - gzip;q=1.0,deflate;q=0.6,identity;q=0.3
      Accept:
      - ! '*/*'
      User-Agent:
      - Ruby
  response:
    status:
      code: 200
      message: ! 'OK '
    headers:
      Content-Type:
      - application/json; charset=utf-8
      X-Ua-Compatible:
      - IE=Edge,chrome=1
      Etag:
      - ! '"78fcb46da5dfa9520f3f5324051bd228"'
      Cache-Control:
      - max-age=0, private, must-revalidate
      X-Request-Id:
      - 148a8a30f393fc2b63d5b422fc99420b
      X-Runtime:
      - '0.008115'
      Content-Length:
      - '328'
      Server:
      - WEBrick/1.3.1 (Ruby/1.9.3/2012-10-12)
      Date:
      - Mon, 19 Nov 2012 22:24:06 GMT
      Connection:
      - Keep-Alive
    body:
      encoding: US-ASCII
      string: ! '{"catalog_id":1,"created_at":"2012-11-19T22:24:06Z","entity_type":"Product","id":527,"name":"test2","options":{"list":"false","allow_nil":"true","default_value":null,"sort":null,"position":null,"hide":"false"},"schema":{"type":"integer","title":"test2","required":false},"updated_at":"2012-11-19T22:24:06Z","type":"IntegerAttr"}'
    http_version: 
  recorded_at: Mon, 19 Nov 2012 22:24:06 GMT
recorded_with: VCR 2.2.4
