---
http_interactions:
- request:
    method: get
    uri: http://localhost:3000/attrs?name=test1
    body:
      encoding: US-ASCII
      string: ''
    headers:
      Accept-Encoding:
      - gzip;q=1.0,deflate;q=0.6,identity;q=0.3
      Accept:
      - ! '*/*'
      User-Agent:
      - Ruby
  response:
    status:
      code: 200
      message: ! 'OK '
    headers:
      Content-Type:
      - application/json; charset=utf-8
      X-Ua-Compatible:
      - IE=Edge,chrome=1
      Etag:
      - ! '"308935acf8b376bbce7e14cd1371b33e"'
      Cache-Control:
      - max-age=0, private, must-revalidate
      X-Request-Id:
      - 6ab4e51b1be1f30f321f5cc0e0644b88
      X-Runtime:
      - '0.003722'
      Content-Length:
      - '12'
      Server:
      - WEBrick/1.3.1 (Ruby/1.9.3/2012-04-20)
      Date:
      - Mon, 27 Aug 2012 21:35:14 GMT
      Connection:
      - Keep-Alive
    body:
      encoding: US-ASCII
      string: ! '{"attrs":[]}'
    http_version: 
  recorded_at: Mon, 27 Aug 2012 21:35:14 GMT
- request:
    method: get
    uri: http://localhost:3000/catalogs/1
    body:
      encoding: US-ASCII
      string: ''
    headers:
      Accept-Encoding:
      - gzip;q=1.0,deflate;q=0.6,identity;q=0.3
      Accept:
      - ! '*/*'
      User-Agent:
      - Ruby
  response:
    status:
      code: 200
      message: ! 'OK '
    headers:
      Content-Type:
      - application/json; charset=utf-8
      X-Ua-Compatible:
      - IE=Edge,chrome=1
      Etag:
      - ! '"d8026e0a44f5bbfa8b45292e5bf929bf"'
      Cache-Control:
      - max-age=0, private, must-revalidate
      X-Request-Id:
      - b1e75918789b7683f43ee02e252360bf
      X-Runtime:
      - '0.003841'
      Content-Length:
      - '133'
      Server:
      - WEBrick/1.3.1 (Ruby/1.9.3/2012-04-20)
      Date:
      - Mon, 27 Aug 2012 21:35:14 GMT
      Connection:
      - Keep-Alive
    body:
      encoding: US-ASCII
      string: ! '{"created_at":"2012-08-23T17:05:30Z","description":"GoodGuide catalog","id":1,"name":"GoodGuide","updated_at":"2012-08-23T17:05:30Z"}'
    http_version: 
  recorded_at: Mon, 27 Aug 2012 21:35:14 GMT
- request:
    method: post
    uri: http://localhost:3000/attrs
    body:
      encoding: US-ASCII
      string: name=test1&type=IntegerAttr&entity_type=Product&catalog_id=1
    headers:
      Content-Type:
      - application/x-www-form-urlencoded
      Accept:
      - ! '*/*'
      User-Agent:
      - Ruby
  response:
    status:
      code: 201
      message: ! 'Created '
    headers:
      Location:
      - http://localhost:3000/attrs/1122
      Content-Type:
      - application/json; charset=utf-8
      X-Ua-Compatible:
      - IE=Edge,chrome=1
      Etag:
      - ! '"a0a027db314c8990fa585c2c22566644"'
      Cache-Control:
      - max-age=0, private, must-revalidate
      X-Request-Id:
      - cf423397eee6b0137a38ee233a74534e
      X-Runtime:
      - '0.022245'
      Content-Length:
      - '221'
      Server:
      - WEBrick/1.3.1 (Ruby/1.9.3/2012-04-20)
      Date:
      - Mon, 27 Aug 2012 21:35:14 GMT
      Connection:
      - Keep-Alive
    body:
      encoding: US-ASCII
      string: ! '{"catalog_id":1,"created_at":"2012-08-27T21:35:14Z","entity_type":"Product","id":1122,"name":"test1","options":{"list":false,"allow_nil":true,"default_value":null},"updated_at":"2012-08-27T21:35:14Z","type":"IntegerAttr"}'
    http_version: 
  recorded_at: Mon, 27 Aug 2012 21:35:14 GMT
- request:
    method: delete
    uri: http://localhost:3000/attrs/1122
    body:
      encoding: US-ASCII
      string: ''
    headers:
      Accept:
      - ! '*/*'
      User-Agent:
      - Ruby
  response:
    status:
      code: 204
      message: ! 'No Content '
    headers:
      X-Ua-Compatible:
      - IE=Edge,chrome=1
      Cache-Control:
      - no-cache
      X-Request-Id:
      - 98a27890468ce49622bd98f1cb48601d
      X-Runtime:
      - '0.015792'
      Server:
      - WEBrick/1.3.1 (Ruby/1.9.3/2012-04-20)
      Date:
      - Mon, 27 Aug 2012 21:35:14 GMT
      Connection:
      - close
    body:
      encoding: US-ASCII
      string: ''
    http_version: 
  recorded_at: Mon, 27 Aug 2012 21:35:14 GMT
- request:
    method: get
    uri: http://localhost:3000/attrs/1122
    body:
      encoding: US-ASCII
      string: ''
    headers:
      Accept-Encoding:
      - gzip;q=1.0,deflate;q=0.6,identity;q=0.3
      Accept:
      - ! '*/*'
      User-Agent:
      - Ruby
  response:
    status:
      code: 404
      message: ! 'Not Found '
    headers:
      Content-Type:
      - application/json; charset=utf-8
      X-Ua-Compatible:
      - IE=Edge,chrome=1
      Cache-Control:
      - no-cache
      X-Request-Id:
      - 7e751baeb1fdc18550ace17eccc72cbe
      X-Runtime:
      - '0.005618'
      Content-Length:
      - '76'
      Server:
      - WEBrick/1.3.1 (Ruby/1.9.3/2012-04-20)
      Date:
      - Mon, 27 Aug 2012 21:35:14 GMT
      Connection:
      - Keep-Alive
    body:
      encoding: US-ASCII
      string: ! '{"error":{"base":"not found: Couldn''t find Attr with id=1122"},"status":404}'
    http_version: 
  recorded_at: Mon, 27 Aug 2012 21:35:14 GMT
recorded_with: VCR 2.2.4
