---
http_interactions:
- request:
    method: get
    uri: http://localhost:3000/attrs?include%5B0%5D=schema&name=test1
    body:
      encoding: US-ASCII
      string: ''
    headers:
      Accept-Encoding:
      - gzip;q=1.0,deflate;q=0.6,identity;q=0.3
      Accept:
      - ! '*/*'
      User-Agent:
      - Ruby
  response:
    status:
      code: 200
      message: ! 'OK '
    headers:
      Content-Type:
      - application/json; charset=utf-8
      X-Ua-Compatible:
      - IE=Edge,chrome=1
      Etag:
      - ! '"308935acf8b376bbce7e14cd1371b33e"'
      Cache-Control:
      - max-age=0, private, must-revalidate
      X-Request-Id:
      - 8aa7482ff3605a274997c5f2c736265f
      X-Runtime:
      - '0.004574'
      Content-Length:
      - '12'
      Server:
      - WEBrick/1.3.1 (Ruby/1.9.3/2012-10-12)
      Date:
      - Tue, 13 Nov 2012 01:05:21 GMT
      Connection:
      - Keep-Alive
    body:
      encoding: US-ASCII
      string: ! '{"attrs":[]}'
    http_version: 
  recorded_at: Tue, 13 Nov 2012 01:05:21 GMT
- request:
    method: get
    uri: http://localhost:3000/catalogs/1
    body:
      encoding: US-ASCII
      string: ''
    headers:
      Accept-Encoding:
      - gzip;q=1.0,deflate;q=0.6,identity;q=0.3
      Accept:
      - ! '*/*'
      User-Agent:
      - Ruby
  response:
    status:
      code: 200
      message: ! 'OK '
    headers:
      Content-Type:
      - application/json; charset=utf-8
      X-Ua-Compatible:
      - IE=Edge,chrome=1
      Etag:
      - ! '"0da36acd969648d9b3df1864f09e4b87"'
      Cache-Control:
      - max-age=0, private, must-revalidate
      X-Request-Id:
      - 6c7f9ace39da734b71ec4a17843ecc1a
      X-Runtime:
      - '0.009925'
      Content-Length:
      - '133'
      Server:
      - WEBrick/1.3.1 (Ruby/1.9.3/2012-10-12)
      Date:
      - Tue, 13 Nov 2012 01:05:21 GMT
      Connection:
      - Keep-Alive
    body:
      encoding: US-ASCII
      string: ! '{"created_at":"2012-11-07T19:00:55Z","description":"GoodGuide catalog","id":1,"name":"GoodGuide","updated_at":"2012-11-07T19:00:55Z"}'
    http_version: 
  recorded_at: Tue, 13 Nov 2012 01:05:21 GMT
- request:
    method: post
    uri: http://localhost:3000/attrs
    body:
      encoding: US-ASCII
      string: name=test1&type=IntegerAttr&entity_type=Product&catalog_id=1
    headers:
      Content-Type:
      - application/x-www-form-urlencoded
      Accept:
      - ! '*/*'
      User-Agent:
      - Ruby
  response:
    status:
      code: 201
      message: ! 'Created '
    headers:
      Location:
      - http://localhost:3000/attrs/502
      Content-Type:
      - application/json; charset=utf-8
      X-Ua-Compatible:
      - IE=Edge,chrome=1
      Etag:
      - ! '"b0c0f38f666b1a1a973e87012052d0ae"'
      Cache-Control:
      - max-age=0, private, must-revalidate
      X-Request-Id:
      - 9d209930db2d97f51d597de2bb9e89d1
      X-Runtime:
      - '0.029727'
      Content-Length:
      - '321'
      Server:
      - WEBrick/1.3.1 (Ruby/1.9.3/2012-10-12)
      Date:
      - Tue, 13 Nov 2012 01:05:21 GMT
      Connection:
      - Keep-Alive
    body:
      encoding: US-ASCII
      string: ! '{"catalog_id":1,"created_at":"2012-11-13T01:05:21Z","entity_type":"Product","id":502,"name":"test1","options":{"list":false,"allow_nil":true,"default_value":null,"sort":null,"position":null,"hide":false},"schema":{"type":"string","title":"test1","required":false},"updated_at":"2012-11-13T01:05:21Z","type":"IntegerAttr"}'
    http_version: 
  recorded_at: Tue, 13 Nov 2012 01:05:21 GMT
- request:
    method: delete
    uri: http://localhost:3000/attrs/502
    body:
      encoding: US-ASCII
      string: ''
    headers:
      Accept:
      - ! '*/*'
      User-Agent:
      - Ruby
  response:
    status:
      code: 204
      message: ! 'No Content '
    headers:
      X-Ua-Compatible:
      - IE=Edge,chrome=1
      Cache-Control:
      - no-cache
      X-Request-Id:
      - a8eb3c4d0f22e8fdaa61833f29e99157
      X-Runtime:
      - '0.018153'
      Server:
      - WEBrick/1.3.1 (Ruby/1.9.3/2012-10-12)
      Date:
      - Tue, 13 Nov 2012 01:05:21 GMT
      Connection:
      - close
    body:
      encoding: US-ASCII
      string: ''
    http_version: 
  recorded_at: Tue, 13 Nov 2012 01:05:21 GMT
- request:
    method: get
    uri: http://localhost:3000/attrs/502?include%5B0%5D=schema
    body:
      encoding: US-ASCII
      string: ''
    headers:
      Accept-Encoding:
      - gzip;q=1.0,deflate;q=0.6,identity;q=0.3
      Accept:
      - ! '*/*'
      User-Agent:
      - Ruby
  response:
    status:
      code: 404
      message: ! 'Not Found '
    headers:
      Content-Type:
      - application/json; charset=utf-8
      X-Ua-Compatible:
      - IE=Edge,chrome=1
      Cache-Control:
      - no-cache
      X-Request-Id:
      - 5e2bf512f9b42aa6ce5ed929aeca55d2
      X-Runtime:
      - '0.010629'
      Content-Length:
      - '75'
      Server:
      - WEBrick/1.3.1 (Ruby/1.9.3/2012-10-12)
      Date:
      - Tue, 13 Nov 2012 01:05:21 GMT
      Connection:
      - Keep-Alive
    body:
      encoding: US-ASCII
      string: ! '{"error":{"base":"not found: Couldn''t find Attr with id=502"},"status":404}'
    http_version: 
  recorded_at: Tue, 13 Nov 2012 01:05:21 GMT
recorded_with: VCR 2.2.4
