---
http_interactions:
- request:
    method: get
    uri: http://localhost:3000/attrs?name=test1
    body:
      encoding: US-ASCII
      string: ''
    headers:
      Accept-Encoding:
      - gzip;q=1.0,deflate;q=0.6,identity;q=0.3
      Accept:
      - ! '*/*'
      User-Agent:
      - Ruby
  response:
    status:
      code: 200
      message: ! 'OK '
    headers:
      Content-Type:
      - application/json; charset=utf-8
      X-Ua-Compatible:
      - IE=Edge,chrome=1
      Etag:
      - ! '"308935acf8b376bbce7e14cd1371b33e"'
      Cache-Control:
      - max-age=0, private, must-revalidate
      X-Request-Id:
      - b64029e8b267cb1725e86150ac7fed44
      X-Runtime:
      - '0.003723'
      Content-Length:
      - '12'
      Server:
      - WEBrick/1.3.1 (Ruby/1.9.3/2012-04-20)
      Date:
      - Wed, 05 Sep 2012 18:09:05 GMT
      Connection:
      - Keep-Alive
    body:
      encoding: US-ASCII
      string: ! '{"attrs":[]}'
    http_version: 
  recorded_at: Wed, 05 Sep 2012 18:09:05 GMT
- request:
    method: get
    uri: http://localhost:3000/catalogs/1
    body:
      encoding: US-ASCII
      string: ''
    headers:
      Accept-Encoding:
      - gzip;q=1.0,deflate;q=0.6,identity;q=0.3
      Accept:
      - ! '*/*'
      User-Agent:
      - Ruby
  response:
    status:
      code: 200
      message: ! 'OK '
    headers:
      Content-Type:
      - application/json; charset=utf-8
      X-Ua-Compatible:
      - IE=Edge,chrome=1
      Etag:
      - ! '"169efa9aeb5de12480b0ed318bd8e9db"'
      Cache-Control:
      - max-age=0, private, must-revalidate
      X-Request-Id:
      - 5e118e0208ffa48a108b23d9f5e96a39
      X-Runtime:
      - '0.005250'
      Content-Length:
      - '133'
      Server:
      - WEBrick/1.3.1 (Ruby/1.9.3/2012-04-20)
      Date:
      - Wed, 05 Sep 2012 18:09:05 GMT
      Connection:
      - Keep-Alive
    body:
      encoding: US-ASCII
      string: ! '{"created_at":"2012-09-05T00:37:02Z","description":"GoodGuide catalog","id":1,"name":"GoodGuide","updated_at":"2012-09-05T00:37:02Z"}'
    http_version: 
  recorded_at: Wed, 05 Sep 2012 18:09:05 GMT
- request:
    method: post
    uri: http://localhost:3000/attrs
    body:
      encoding: US-ASCII
      string: name=test1&type=IntegerAttr&entity_type=Product&catalog_id=1
    headers:
      Content-Type:
      - application/x-www-form-urlencoded
      Accept:
      - ! '*/*'
      User-Agent:
      - Ruby
  response:
    status:
      code: 201
      message: ! 'Created '
    headers:
      Location:
      - http://localhost:3000/attrs/225
      Content-Type:
      - application/json; charset=utf-8
      X-Ua-Compatible:
      - IE=Edge,chrome=1
      Etag:
      - ! '"b5a0a3da75d3ee17def917397fe344ee"'
      Cache-Control:
      - max-age=0, private, must-revalidate
      X-Request-Id:
      - 60060d7a748fb603775c8cf57a8ebad1
      X-Runtime:
      - '0.029177'
      Content-Length:
      - '220'
      Server:
      - WEBrick/1.3.1 (Ruby/1.9.3/2012-04-20)
      Date:
      - Wed, 05 Sep 2012 18:09:06 GMT
      Connection:
      - Keep-Alive
    body:
      encoding: US-ASCII
      string: ! '{"catalog_id":1,"created_at":"2012-09-05T18:09:06Z","entity_type":"Product","id":225,"name":"test1","options":{"list":false,"allow_nil":true,"default_value":null},"updated_at":"2012-09-05T18:09:06Z","type":"IntegerAttr"}'
    http_version: 
  recorded_at: Wed, 05 Sep 2012 18:09:06 GMT
- request:
    method: delete
    uri: http://localhost:3000/attrs/225
    body:
      encoding: US-ASCII
      string: ''
    headers:
      Accept:
      - ! '*/*'
      User-Agent:
      - Ruby
  response:
    status:
      code: 204
      message: ! 'No Content '
    headers:
      X-Ua-Compatible:
      - IE=Edge,chrome=1
      Cache-Control:
      - no-cache
      X-Request-Id:
      - f6eea85773980d87ed3a292aa5c44723
      X-Runtime:
      - '0.023397'
      Server:
      - WEBrick/1.3.1 (Ruby/1.9.3/2012-04-20)
      Date:
      - Wed, 05 Sep 2012 18:09:06 GMT
      Connection:
      - close
    body:
      encoding: US-ASCII
      string: ''
    http_version: 
  recorded_at: Wed, 05 Sep 2012 18:09:06 GMT
- request:
    method: get
    uri: http://localhost:3000/attrs/225
    body:
      encoding: US-ASCII
      string: ''
    headers:
      Accept-Encoding:
      - gzip;q=1.0,deflate;q=0.6,identity;q=0.3
      Accept:
      - ! '*/*'
      User-Agent:
      - Ruby
  response:
    status:
      code: 404
      message: ! 'Not Found '
    headers:
      Content-Type:
      - application/json; charset=utf-8
      X-Ua-Compatible:
      - IE=Edge,chrome=1
      Cache-Control:
      - no-cache
      X-Request-Id:
      - 90ba202229cb13fb20e35f8e2021b5ca
      X-Runtime:
      - '0.005714'
      Content-Length:
      - '75'
      Server:
      - WEBrick/1.3.1 (Ruby/1.9.3/2012-04-20)
      Date:
      - Wed, 05 Sep 2012 18:09:06 GMT
      Connection:
      - Keep-Alive
    body:
      encoding: US-ASCII
      string: ! '{"error":{"base":"not found: Couldn''t find Attr with id=225"},"status":404}'
    http_version: 
  recorded_at: Wed, 05 Sep 2012 18:09:06 GMT
recorded_with: VCR 2.2.4
