---
http_interactions:
- request:
    method: get
    uri: http://localhost:3000/attrs?include%5B0%5D=schema&name=test1
    body:
      encoding: US-ASCII
      string: ''
    headers:
      Accept-Encoding:
      - gzip;q=1.0,deflate;q=0.6,identity;q=0.3
      Accept:
      - ! '*/*'
      User-Agent:
      - Ruby
  response:
    status:
      code: 200
      message: ! 'OK '
    headers:
      Content-Type:
      - application/json; charset=utf-8
      X-Ua-Compatible:
      - IE=Edge,chrome=1
      Etag:
      - ! '"308935acf8b376bbce7e14cd1371b33e"'
      Cache-Control:
      - max-age=0, private, must-revalidate
      X-Request-Id:
      - e1552bd18910af77eeb3af6269b4f5bc
      X-Runtime:
      - '0.009197'
      Content-Length:
      - '12'
      Server:
      - WEBrick/1.3.1 (Ruby/1.9.3/2012-10-12)
      Date:
      - Tue, 13 Nov 2012 01:05:19 GMT
      Connection:
      - Keep-Alive
    body:
      encoding: US-ASCII
      string: ! '{"attrs":[]}'
    http_version: 
  recorded_at: Tue, 13 Nov 2012 01:05:19 GMT
- request:
    method: get
    uri: http://localhost:3000/attrs?include%5B0%5D=schema&name=test2
    body:
      encoding: US-ASCII
      string: ''
    headers:
      Accept-Encoding:
      - gzip;q=1.0,deflate;q=0.6,identity;q=0.3
      Accept:
      - ! '*/*'
      User-Agent:
      - Ruby
  response:
    status:
      code: 200
      message: ! 'OK '
    headers:
      Content-Type:
      - application/json; charset=utf-8
      X-Ua-Compatible:
      - IE=Edge,chrome=1
      Etag:
      - ! '"5b5e1672d93fe78df150f21e3d9f1143"'
      Cache-Control:
      - max-age=0, private, must-revalidate
      X-Request-Id:
      - 258851499fe9ecb825c5b46972f621f4
      X-Runtime:
      - '0.011893'
      Content-Length:
      - '340'
      Server:
      - WEBrick/1.3.1 (Ruby/1.9.3/2012-10-12)
      Date:
      - Tue, 13 Nov 2012 01:05:19 GMT
      Connection:
      - Keep-Alive
    body:
      encoding: US-ASCII
      string: ! '{"attrs":[{"catalog_id":1,"created_at":"2012-11-13T01:02:00Z","entity_type":"Product","id":467,"name":"test2","options":{"list":"false","allow_nil":"true","default_value":null,"sort":null,"position":null,"hide":"false"},"schema":{"type":"integer","title":"test2","required":false},"updated_at":"2012-11-13T01:02:00Z","type":"IntegerAttr"}]}'
    http_version: 
  recorded_at: Tue, 13 Nov 2012 01:05:19 GMT
- request:
    method: delete
    uri: http://localhost:3000/attrs/467
    body:
      encoding: US-ASCII
      string: ''
    headers:
      Accept:
      - ! '*/*'
      User-Agent:
      - Ruby
  response:
    status:
      code: 204
      message: ! 'No Content '
    headers:
      X-Ua-Compatible:
      - IE=Edge,chrome=1
      Cache-Control:
      - no-cache
      X-Request-Id:
      - 02a417f2189c6ee8228af7157aec02ca
      X-Runtime:
      - '0.010809'
      Server:
      - WEBrick/1.3.1 (Ruby/1.9.3/2012-10-12)
      Date:
      - Tue, 13 Nov 2012 01:05:19 GMT
      Connection:
      - close
    body:
      encoding: US-ASCII
      string: ''
    http_version: 
  recorded_at: Tue, 13 Nov 2012 01:05:19 GMT
- request:
    method: get
    uri: http://localhost:3000/catalogs/1
    body:
      encoding: US-ASCII
      string: ''
    headers:
      Accept-Encoding:
      - gzip;q=1.0,deflate;q=0.6,identity;q=0.3
      Accept:
      - ! '*/*'
      User-Agent:
      - Ruby
  response:
    status:
      code: 200
      message: ! 'OK '
    headers:
      Content-Type:
      - application/json; charset=utf-8
      X-Ua-Compatible:
      - IE=Edge,chrome=1
      Etag:
      - ! '"0da36acd969648d9b3df1864f09e4b87"'
      Cache-Control:
      - max-age=0, private, must-revalidate
      X-Request-Id:
      - a211d68d89684520218ab7eb5f684334
      X-Runtime:
      - '0.009649'
      Content-Length:
      - '133'
      Server:
      - WEBrick/1.3.1 (Ruby/1.9.3/2012-10-12)
      Date:
      - Tue, 13 Nov 2012 01:05:19 GMT
      Connection:
      - Keep-Alive
    body:
      encoding: US-ASCII
      string: ! '{"created_at":"2012-11-07T19:00:55Z","description":"GoodGuide catalog","id":1,"name":"GoodGuide","updated_at":"2012-11-07T19:00:55Z"}'
    http_version: 
  recorded_at: Tue, 13 Nov 2012 01:05:19 GMT
- request:
    method: post
    uri: http://localhost:3000/attrs
    body:
      encoding: US-ASCII
      string: name=test1&type=IntegerAttr&entity_type=Product&catalog_id=1
    headers:
      Content-Type:
      - application/x-www-form-urlencoded
      Accept:
      - ! '*/*'
      User-Agent:
      - Ruby
  response:
    status:
      code: 201
      message: ! 'Created '
    headers:
      Location:
      - http://localhost:3000/attrs/497
      Content-Type:
      - application/json; charset=utf-8
      X-Ua-Compatible:
      - IE=Edge,chrome=1
      Etag:
      - ! '"aab2b6fcd0f313132901acbe7548af22"'
      Cache-Control:
      - max-age=0, private, must-revalidate
      X-Request-Id:
      - da26a2b7aa8a4245d5a61af76ce2af21
      X-Runtime:
      - '0.019639'
      Content-Length:
      - '321'
      Server:
      - WEBrick/1.3.1 (Ruby/1.9.3/2012-10-12)
      Date:
      - Tue, 13 Nov 2012 01:05:19 GMT
      Connection:
      - Keep-Alive
    body:
      encoding: US-ASCII
      string: ! '{"catalog_id":1,"created_at":"2012-11-13T01:05:19Z","entity_type":"Product","id":497,"name":"test1","options":{"list":false,"allow_nil":true,"default_value":null,"sort":null,"position":null,"hide":false},"schema":{"type":"string","title":"test1","required":false},"updated_at":"2012-11-13T01:05:19Z","type":"IntegerAttr"}'
    http_version: 
  recorded_at: Tue, 13 Nov 2012 01:05:19 GMT
- request:
    method: post
    uri: http://localhost:3000/attrs
    body:
      encoding: US-ASCII
      string: name=test2&type=StringAttr&entity_type=Brand&catalog_id=1
    headers:
      Content-Type:
      - application/x-www-form-urlencoded
      Accept:
      - ! '*/*'
      User-Agent:
      - Ruby
  response:
    status:
      code: 201
      message: ! 'Created '
    headers:
      Location:
      - http://localhost:3000/attrs/498
      Content-Type:
      - application/json; charset=utf-8
      X-Ua-Compatible:
      - IE=Edge,chrome=1
      Etag:
      - ! '"f19c20c8f246aadfcd28a12121932137"'
      Cache-Control:
      - max-age=0, private, must-revalidate
      X-Request-Id:
      - b32d969bbe37ca8b731d747b03aedd80
      X-Runtime:
      - '0.024220'
      Content-Length:
      - '318'
      Server:
      - WEBrick/1.3.1 (Ruby/1.9.3/2012-10-12)
      Date:
      - Tue, 13 Nov 2012 01:05:19 GMT
      Connection:
      - Keep-Alive
    body:
      encoding: US-ASCII
      string: ! '{"catalog_id":1,"created_at":"2012-11-13T01:05:19Z","entity_type":"Brand","id":498,"name":"test2","options":{"list":false,"allow_nil":true,"default_value":null,"sort":null,"position":null,"hide":false},"schema":{"type":"string","title":"test2","required":false},"updated_at":"2012-11-13T01:05:19Z","type":"StringAttr"}'
    http_version: 
  recorded_at: Tue, 13 Nov 2012 01:05:19 GMT
- request:
    method: get
    uri: http://localhost:3000/attrs?include%5B0%5D=schema
    body:
      encoding: US-ASCII
      string: ''
    headers:
      Accept-Encoding:
      - gzip;q=1.0,deflate;q=0.6,identity;q=0.3
      Accept:
      - ! '*/*'
      User-Agent:
      - Ruby
  response:
    status:
      code: 200
      message: ! 'OK '
    headers:
      Content-Type:
      - application/json; charset=utf-8
      X-Ua-Compatible:
      - IE=Edge,chrome=1
      Etag:
      - ! '"afbd719e2985e35e74821afe148529e6"'
      Cache-Control:
      - max-age=0, private, must-revalidate
      X-Request-Id:
      - bfd38a9a3de9e8b17a4bcd02a09013b3
      X-Runtime:
      - '0.017652'
      Content-Length:
      - '2571'
      Server:
      - WEBrick/1.3.1 (Ruby/1.9.3/2012-10-12)
      Date:
      - Tue, 13 Nov 2012 01:05:20 GMT
      Connection:
      - Keep-Alive
    body:
      encoding: US-ASCII
      string: ! '{"attrs":[{"catalog_id":1,"created_at":"2012-11-07T19:00:55Z","entity_type":"Product","id":1,"name":"name","options":{"list":false,"allow_nil":false,"default_value":null,"sort":null,"position":null,"hide":false},"schema":{"type":"string","title":"name","required":true},"updated_at":"2012-11-07T19:00:55Z","type":"IdentityAttr"},{"catalog_id":1,"created_at":"2012-11-07T19:00:55Z","entity_type":"Ingredient","id":2,"name":"name","options":{"list":false,"allow_nil":false,"default_value":null,"sort":null,"position":null,"hide":false},"schema":{"type":"string","title":"name","required":true},"updated_at":"2012-11-07T19:00:55Z","type":"IdentityAttr"},{"catalog_id":1,"created_at":"2012-11-07T19:00:55Z","entity_type":"Brand","id":3,"name":"name","options":{"list":false,"allow_nil":false,"default_value":null,"sort":null,"position":null,"hide":false},"schema":{"type":"string","title":"name","required":true},"updated_at":"2012-11-07T19:00:55Z","type":"IdentityAttr"},{"catalog_id":1,"created_at":"2012-11-07T19:00:55Z","entity_type":"Company","id":4,"name":"name","options":{"list":false,"allow_nil":false,"default_value":null,"sort":null,"position":null,"hide":false},"schema":{"type":"string","title":"name","required":true},"updated_at":"2012-11-07T19:00:55Z","type":"IdentityAttr"},{"catalog_id":1,"created_at":"2012-11-07T19:00:55Z","entity_type":"Category","id":5,"name":"name","options":{"list":false,"allow_nil":false,"default_value":null,"sort":null,"position":null,"hide":false},"schema":{"type":"string","title":"name","required":true},"updated_at":"2012-11-07T19:00:55Z","type":"IdentityAttr"},{"catalog_id":1,"created_at":"2012-11-13T01:05:19Z","entity_type":"Product","id":496,"name":"test","options":{"list":false,"allow_nil":true,"default_value":null,"sort":null,"position":null,"hide":false},"schema":{"type":"integer","title":"test","required":false},"updated_at":"2012-11-13T01:05:19Z","type":"IntegerAttr"},{"catalog_id":1,"created_at":"2012-11-13T01:05:19Z","entity_type":"Product","id":497,"name":"test1","options":{"list":false,"allow_nil":true,"default_value":null,"sort":null,"position":null,"hide":false},"schema":{"type":"integer","title":"test1","required":false},"updated_at":"2012-11-13T01:05:19Z","type":"IntegerAttr"},{"catalog_id":1,"created_at":"2012-11-13T01:05:19Z","entity_type":"Brand","id":498,"name":"test2","options":{"list":false,"allow_nil":true,"default_value":null,"sort":null,"position":null,"hide":false},"schema":{"type":"string","title":"test2","required":false},"updated_at":"2012-11-13T01:05:19Z","type":"StringAttr"}]}'
    http_version: 
  recorded_at: Tue, 13 Nov 2012 01:05:20 GMT
- request:
    method: get
    uri: http://localhost:3000/attrs?entity_type=Product&include%5B0%5D=schema
    body:
      encoding: US-ASCII
      string: ''
    headers:
      Accept-Encoding:
      - gzip;q=1.0,deflate;q=0.6,identity;q=0.3
      Accept:
      - ! '*/*'
      User-Agent:
      - Ruby
  response:
    status:
      code: 200
      message: ! 'OK '
    headers:
      Content-Type:
      - application/json; charset=utf-8
      X-Ua-Compatible:
      - IE=Edge,chrome=1
      Etag:
      - ! '"03e72fdfe41ed48d8c4e399594881e71"'
      Cache-Control:
      - max-age=0, private, must-revalidate
      X-Request-Id:
      - 4b3a33a1d1c6ab6b9c3ac997c92e600f
      X-Runtime:
      - '0.014709'
      Content-Length:
      - '974'
      Server:
      - WEBrick/1.3.1 (Ruby/1.9.3/2012-10-12)
      Date:
      - Tue, 13 Nov 2012 01:05:20 GMT
      Connection:
      - Keep-Alive
    body:
      encoding: US-ASCII
      string: ! '{"attrs":[{"catalog_id":1,"created_at":"2012-11-07T19:00:55Z","entity_type":"Product","id":1,"name":"name","options":{"list":false,"allow_nil":false,"default_value":null,"sort":null,"position":null,"hide":false},"schema":{"type":"string","title":"name","required":true},"updated_at":"2012-11-07T19:00:55Z","type":"IdentityAttr"},{"catalog_id":1,"created_at":"2012-11-13T01:05:19Z","entity_type":"Product","id":496,"name":"test","options":{"list":false,"allow_nil":true,"default_value":null,"sort":null,"position":null,"hide":false},"schema":{"type":"integer","title":"test","required":false},"updated_at":"2012-11-13T01:05:19Z","type":"IntegerAttr"},{"catalog_id":1,"created_at":"2012-11-13T01:05:19Z","entity_type":"Product","id":497,"name":"test1","options":{"list":false,"allow_nil":true,"default_value":null,"sort":null,"position":null,"hide":false},"schema":{"type":"integer","title":"test1","required":false},"updated_at":"2012-11-13T01:05:19Z","type":"IntegerAttr"}]}'
    http_version: 
  recorded_at: Tue, 13 Nov 2012 01:05:20 GMT
- request:
    method: get
    uri: http://localhost:3000/attrs?include%5B0%5D=schema&type=StringAttr
    body:
      encoding: US-ASCII
      string: ''
    headers:
      Accept-Encoding:
      - gzip;q=1.0,deflate;q=0.6,identity;q=0.3
      Accept:
      - ! '*/*'
      User-Agent:
      - Ruby
  response:
    status:
      code: 200
      message: ! 'OK '
    headers:
      Content-Type:
      - application/json; charset=utf-8
      X-Ua-Compatible:
      - IE=Edge,chrome=1
      Etag:
      - ! '"39eb812ea1036131143c63a9cdd3194f"'
      Cache-Control:
      - max-age=0, private, must-revalidate
      X-Request-Id:
      - 8b1e027ec25380d5503d34758eb9908d
      X-Runtime:
      - '0.005340'
      Content-Length:
      - '330'
      Server:
      - WEBrick/1.3.1 (Ruby/1.9.3/2012-10-12)
      Date:
      - Tue, 13 Nov 2012 01:05:20 GMT
      Connection:
      - Keep-Alive
    body:
      encoding: US-ASCII
      string: ! '{"attrs":[{"catalog_id":1,"created_at":"2012-11-13T01:05:19Z","entity_type":"Brand","id":498,"name":"test2","options":{"list":false,"allow_nil":true,"default_value":null,"sort":null,"position":null,"hide":false},"schema":{"type":"string","title":"test2","required":false},"updated_at":"2012-11-13T01:05:19Z","type":"StringAttr"}]}'
    http_version: 
  recorded_at: Tue, 13 Nov 2012 01:05:20 GMT
- request:
    method: get
    uri: http://localhost:3000/attrs?catalog_id=1&include%5B0%5D=schema
    body:
      encoding: US-ASCII
      string: ''
    headers:
      Accept-Encoding:
      - gzip;q=1.0,deflate;q=0.6,identity;q=0.3
      Accept:
      - ! '*/*'
      User-Agent:
      - Ruby
  response:
    status:
      code: 200
      message: ! 'OK '
    headers:
      Content-Type:
      - application/json; charset=utf-8
      X-Ua-Compatible:
      - IE=Edge,chrome=1
      Etag:
      - ! '"afbd719e2985e35e74821afe148529e6"'
      Cache-Control:
      - max-age=0, private, must-revalidate
      X-Request-Id:
      - d9a59a39a012d0167e8b9e1b4bf1b431
      X-Runtime:
      - '0.020958'
      Content-Length:
      - '2571'
      Server:
      - WEBrick/1.3.1 (Ruby/1.9.3/2012-10-12)
      Date:
      - Tue, 13 Nov 2012 01:05:20 GMT
      Connection:
      - Keep-Alive
    body:
      encoding: US-ASCII
      string: ! '{"attrs":[{"catalog_id":1,"created_at":"2012-11-07T19:00:55Z","entity_type":"Product","id":1,"name":"name","options":{"list":false,"allow_nil":false,"default_value":null,"sort":null,"position":null,"hide":false},"schema":{"type":"string","title":"name","required":true},"updated_at":"2012-11-07T19:00:55Z","type":"IdentityAttr"},{"catalog_id":1,"created_at":"2012-11-07T19:00:55Z","entity_type":"Ingredient","id":2,"name":"name","options":{"list":false,"allow_nil":false,"default_value":null,"sort":null,"position":null,"hide":false},"schema":{"type":"string","title":"name","required":true},"updated_at":"2012-11-07T19:00:55Z","type":"IdentityAttr"},{"catalog_id":1,"created_at":"2012-11-07T19:00:55Z","entity_type":"Brand","id":3,"name":"name","options":{"list":false,"allow_nil":false,"default_value":null,"sort":null,"position":null,"hide":false},"schema":{"type":"string","title":"name","required":true},"updated_at":"2012-11-07T19:00:55Z","type":"IdentityAttr"},{"catalog_id":1,"created_at":"2012-11-07T19:00:55Z","entity_type":"Company","id":4,"name":"name","options":{"list":false,"allow_nil":false,"default_value":null,"sort":null,"position":null,"hide":false},"schema":{"type":"string","title":"name","required":true},"updated_at":"2012-11-07T19:00:55Z","type":"IdentityAttr"},{"catalog_id":1,"created_at":"2012-11-07T19:00:55Z","entity_type":"Category","id":5,"name":"name","options":{"list":false,"allow_nil":false,"default_value":null,"sort":null,"position":null,"hide":false},"schema":{"type":"string","title":"name","required":true},"updated_at":"2012-11-07T19:00:55Z","type":"IdentityAttr"},{"catalog_id":1,"created_at":"2012-11-13T01:05:19Z","entity_type":"Product","id":496,"name":"test","options":{"list":false,"allow_nil":true,"default_value":null,"sort":null,"position":null,"hide":false},"schema":{"type":"integer","title":"test","required":false},"updated_at":"2012-11-13T01:05:19Z","type":"IntegerAttr"},{"catalog_id":1,"created_at":"2012-11-13T01:05:19Z","entity_type":"Product","id":497,"name":"test1","options":{"list":false,"allow_nil":true,"default_value":null,"sort":null,"position":null,"hide":false},"schema":{"type":"integer","title":"test1","required":false},"updated_at":"2012-11-13T01:05:19Z","type":"IntegerAttr"},{"catalog_id":1,"created_at":"2012-11-13T01:05:19Z","entity_type":"Brand","id":498,"name":"test2","options":{"list":false,"allow_nil":true,"default_value":null,"sort":null,"position":null,"hide":false},"schema":{"type":"string","title":"test2","required":false},"updated_at":"2012-11-13T01:05:19Z","type":"StringAttr"}]}'
    http_version: 
  recorded_at: Tue, 13 Nov 2012 01:05:20 GMT
- request:
    method: get
    uri: http://localhost:3000/attrs?catalog_id=0&include%5B0%5D=schema
    body:
      encoding: US-ASCII
      string: ''
    headers:
      Accept-Encoding:
      - gzip;q=1.0,deflate;q=0.6,identity;q=0.3
      Accept:
      - ! '*/*'
      User-Agent:
      - Ruby
  response:
    status:
      code: 200
      message: ! 'OK '
    headers:
      Content-Type:
      - application/json; charset=utf-8
      X-Ua-Compatible:
      - IE=Edge,chrome=1
      Etag:
      - ! '"308935acf8b376bbce7e14cd1371b33e"'
      Cache-Control:
      - max-age=0, private, must-revalidate
      X-Request-Id:
      - 33340f1e15acfbb334afab8bb82cfc88
      X-Runtime:
      - '0.008054'
      Content-Length:
      - '12'
      Server:
      - WEBrick/1.3.1 (Ruby/1.9.3/2012-10-12)
      Date:
      - Tue, 13 Nov 2012 01:05:20 GMT
      Connection:
      - Keep-Alive
    body:
      encoding: US-ASCII
      string: ! '{"attrs":[]}'
    http_version: 
  recorded_at: Tue, 13 Nov 2012 01:05:20 GMT
- request:
    method: get
    uri: http://localhost:3000/attrs?catalog_id=1&include%5B0%5D=schema&name=test1
    body:
      encoding: US-ASCII
      string: ''
    headers:
      Accept-Encoding:
      - gzip;q=1.0,deflate;q=0.6,identity;q=0.3
      Accept:
      - ! '*/*'
      User-Agent:
      - Ruby
  response:
    status:
      code: 200
      message: ! 'OK '
    headers:
      Content-Type:
      - application/json; charset=utf-8
      X-Ua-Compatible:
      - IE=Edge,chrome=1
      Etag:
      - ! '"e04270747a65c2161a7c1edf312f2408"'
      Cache-Control:
      - max-age=0, private, must-revalidate
      X-Request-Id:
      - 86668fd19952cf53e67238c318ea8230
      X-Runtime:
      - '0.012365'
      Content-Length:
      - '334'
      Server:
      - WEBrick/1.3.1 (Ruby/1.9.3/2012-10-12)
      Date:
      - Tue, 13 Nov 2012 01:05:20 GMT
      Connection:
      - Keep-Alive
    body:
      encoding: US-ASCII
      string: ! '{"attrs":[{"catalog_id":1,"created_at":"2012-11-13T01:05:19Z","entity_type":"Product","id":497,"name":"test1","options":{"list":false,"allow_nil":true,"default_value":null,"sort":null,"position":null,"hide":false},"schema":{"type":"integer","title":"test1","required":false},"updated_at":"2012-11-13T01:05:19Z","type":"IntegerAttr"}]}'
    http_version: 
  recorded_at: Tue, 13 Nov 2012 01:05:20 GMT
- request:
    method: get
    uri: http://localhost:3000/attrs?entity_type=Product&exclude=schema&include%5B0%5D=schema
    body:
      encoding: US-ASCII
      string: ''
    headers:
      Accept-Encoding:
      - gzip;q=1.0,deflate;q=0.6,identity;q=0.3
      Accept:
      - ! '*/*'
      User-Agent:
      - Ruby
  response:
    status:
      code: 200
      message: ! 'OK '
    headers:
      Content-Type:
      - application/json; charset=utf-8
      X-Ua-Compatible:
      - IE=Edge,chrome=1
      Etag:
      - ! '"e6eeae9f4196126593896146c5d00761"'
      Cache-Control:
      - max-age=0, private, must-revalidate
      X-Request-Id:
      - 09352a310ab788bf091aae5cd9936ae4
      X-Runtime:
      - '0.013356'
      Content-Length:
      - '795'
      Server:
      - WEBrick/1.3.1 (Ruby/1.9.3/2012-10-12)
      Date:
      - Tue, 13 Nov 2012 01:05:20 GMT
      Connection:
      - Keep-Alive
    body:
      encoding: US-ASCII
      string: ! '{"attrs":[{"catalog_id":1,"created_at":"2012-11-07T19:00:55Z","entity_type":"Product","id":1,"name":"name","options":{"list":false,"allow_nil":false,"default_value":null,"sort":null,"position":null,"hide":false},"updated_at":"2012-11-07T19:00:55Z","type":"IdentityAttr"},{"catalog_id":1,"created_at":"2012-11-13T01:05:19Z","entity_type":"Product","id":496,"name":"test","options":{"list":false,"allow_nil":true,"default_value":null,"sort":null,"position":null,"hide":false},"updated_at":"2012-11-13T01:05:19Z","type":"IntegerAttr"},{"catalog_id":1,"created_at":"2012-11-13T01:05:19Z","entity_type":"Product","id":497,"name":"test1","options":{"list":false,"allow_nil":true,"default_value":null,"sort":null,"position":null,"hide":false},"updated_at":"2012-11-13T01:05:19Z","type":"IntegerAttr"}]}'
    http_version: 
  recorded_at: Tue, 13 Nov 2012 01:05:20 GMT
recorded_with: VCR 2.2.4
