---
http_interactions:
- request:
    method: get
    uri: http://localhost:3000/catalogs?name=test
    body:
      encoding: US-ASCII
      string: ''
    headers:
      Accept-Encoding:
      - gzip;q=1.0,deflate;q=0.6,identity;q=0.3
      Accept:
      - ! '*/*'
      User-Agent:
      - Ruby
  response:
    status:
      code: 200
      message: ! 'OK '
    headers:
      Content-Type:
      - application/json; charset=utf-8
      X-Ua-Compatible:
      - IE=Edge,chrome=1
      Etag:
      - ! '"b6a228f21e9a09a8b705ff12e466ecc4"'
      Cache-Control:
      - max-age=0, private, must-revalidate
      X-Request-Id:
      - 97e28cb410ac971820e143556df5b87d
      X-Runtime:
      - '0.005432'
      Content-Length:
      - '130'
      Server:
      - WEBrick/1.3.1 (Ruby/1.9.3/2012-10-12)
      Date:
      - Mon, 19 Nov 2012 22:24:02 GMT
      Connection:
      - Keep-Alive
    body:
      encoding: US-ASCII
      string: ! '{"catalogs":[{"created_at":"2012-11-19T22:24:01Z","description":null,"id":568,"name":"test","updated_at":"2012-11-19T22:24:01Z"}]}'
    http_version: 
  recorded_at: Mon, 19 Nov 2012 22:24:02 GMT
- request:
    method: delete
    uri: http://localhost:3000/catalogs/568
    body:
      encoding: US-ASCII
      string: ''
    headers:
      Accept:
      - ! '*/*'
      User-Agent:
      - Ruby
  response:
    status:
      code: 204
      message: ! 'No Content '
    headers:
      X-Ua-Compatible:
      - IE=Edge,chrome=1
      Cache-Control:
      - no-cache
      X-Request-Id:
      - 65232933fe939c90f6629dac90b9f151
      X-Runtime:
      - '0.074530'
      Server:
      - WEBrick/1.3.1 (Ruby/1.9.3/2012-10-12)
      Date:
      - Mon, 19 Nov 2012 22:24:02 GMT
      Connection:
      - close
    body:
      encoding: US-ASCII
      string: ''
    http_version: 
  recorded_at: Mon, 19 Nov 2012 22:24:02 GMT
- request:
    method: post
    uri: http://localhost:3000/catalogs
    body:
      encoding: US-ASCII
      string: name=test
    headers:
      Content-Type:
      - application/x-www-form-urlencoded
      Accept:
      - ! '*/*'
      User-Agent:
      - Ruby
  response:
    status:
      code: 201
      message: ! 'Created '
    headers:
      Location:
      - http://localhost:3000/catalogs/569
      Content-Type:
      - application/json; charset=utf-8
      X-Ua-Compatible:
      - IE=Edge,chrome=1
      Etag:
      - ! '"45c49174f880de7ff92e3b49f06de9e0"'
      Cache-Control:
      - max-age=0, private, must-revalidate
      X-Request-Id:
      - 841da58e11106b85f9f8bb70ad6a6cce
      X-Runtime:
      - '0.018929'
      Content-Length:
      - '115'
      Server:
      - WEBrick/1.3.1 (Ruby/1.9.3/2012-10-12)
      Date:
      - Mon, 19 Nov 2012 22:24:02 GMT
      Connection:
      - Keep-Alive
    body:
      encoding: US-ASCII
      string: ! '{"created_at":"2012-11-19T22:24:02Z","description":null,"id":569,"name":"test","updated_at":"2012-11-19T22:24:02Z"}'
    http_version: 
  recorded_at: Mon, 19 Nov 2012 22:24:02 GMT
- request:
    method: post
    uri: http://localhost:3000/entities
    body:
      encoding: US-ASCII
      string: catalog_id=569&provider_id=1&type=Product
    headers:
      Content-Type:
      - application/x-www-form-urlencoded
      Accept:
      - ! '*/*'
      User-Agent:
      - Ruby
  response:
    status:
      code: 201
      message: ! 'Created '
    headers:
      Location:
      - http://localhost:3000/entities/564
      Content-Type:
      - application/json; charset=utf-8
      X-Ua-Compatible:
      - IE=Edge,chrome=1
      Etag:
      - ! '"e55d5cc4a93cc88c4ef0f458adfa1dc4"'
      Cache-Control:
      - max-age=0, private, must-revalidate
      X-Request-Id:
      - f0801e4b40049a422ba259268e1f6131
      X-Runtime:
      - '0.029636'
      Content-Length:
      - '132'
      Server:
      - WEBrick/1.3.1 (Ruby/1.9.3/2012-10-12)
      Date:
      - Mon, 19 Nov 2012 22:24:02 GMT
      Connection:
      - Keep-Alive
    body:
      encoding: US-ASCII
      string: ! '{"catalog_id":569,"created_at":"2012-11-19T22:24:02Z","id":564,"provider_id":1,"updated_at":"2012-11-19T22:24:02Z","type":"Product"}'
    http_version: 
  recorded_at: Mon, 19 Nov 2012 22:24:02 GMT
- request:
    method: post
    uri: http://localhost:3000/entities
    body:
      encoding: US-ASCII
      string: catalog_id=569&provider_id=1&type=Product
    headers:
      Content-Type:
      - application/x-www-form-urlencoded
      Accept:
      - ! '*/*'
      User-Agent:
      - Ruby
  response:
    status:
      code: 201
      message: ! 'Created '
    headers:
      Location:
      - http://localhost:3000/entities/565
      Content-Type:
      - application/json; charset=utf-8
      X-Ua-Compatible:
      - IE=Edge,chrome=1
      Etag:
      - ! '"a95984c73fca9e4f7e3a79aaaec78d56"'
      Cache-Control:
      - max-age=0, private, must-revalidate
      X-Request-Id:
      - c06be305597178cf8201098a5e244a4a
      X-Runtime:
      - '0.034780'
      Content-Length:
      - '132'
      Server:
      - WEBrick/1.3.1 (Ruby/1.9.3/2012-10-12)
      Date:
      - Mon, 19 Nov 2012 22:24:02 GMT
      Connection:
      - Keep-Alive
    body:
      encoding: US-ASCII
      string: ! '{"catalog_id":569,"created_at":"2012-11-19T22:24:02Z","id":565,"provider_id":1,"updated_at":"2012-11-19T22:24:02Z","type":"Product"}'
    http_version: 
  recorded_at: Mon, 19 Nov 2012 22:24:02 GMT
- request:
    method: post
    uri: http://localhost:3000/entities
    body:
      encoding: US-ASCII
      string: catalog_id=569&provider_id=1&type=Product
    headers:
      Content-Type:
      - application/x-www-form-urlencoded
      Accept:
      - ! '*/*'
      User-Agent:
      - Ruby
  response:
    status:
      code: 201
      message: ! 'Created '
    headers:
      Location:
      - http://localhost:3000/entities/566
      Content-Type:
      - application/json; charset=utf-8
      X-Ua-Compatible:
      - IE=Edge,chrome=1
      Etag:
      - ! '"4a6ceff0a80374bc1e4dc2a75894f1e9"'
      Cache-Control:
      - max-age=0, private, must-revalidate
      X-Request-Id:
      - db394d844a2e65b1df95556d38ed10a4
      X-Runtime:
      - '0.015716'
      Content-Length:
      - '132'
      Server:
      - WEBrick/1.3.1 (Ruby/1.9.3/2012-10-12)
      Date:
      - Mon, 19 Nov 2012 22:24:02 GMT
      Connection:
      - Keep-Alive
    body:
      encoding: US-ASCII
      string: ! '{"catalog_id":569,"created_at":"2012-11-19T22:24:02Z","id":566,"provider_id":1,"updated_at":"2012-11-19T22:24:02Z","type":"Product"}'
    http_version: 
  recorded_at: Mon, 19 Nov 2012 22:24:02 GMT
- request:
    method: post
    uri: http://localhost:3000/entities
    body:
      encoding: US-ASCII
      string: catalog_id=569&provider_id=1&type=Product
    headers:
      Content-Type:
      - application/x-www-form-urlencoded
      Accept:
      - ! '*/*'
      User-Agent:
      - Ruby
  response:
    status:
      code: 201
      message: ! 'Created '
    headers:
      Location:
      - http://localhost:3000/entities/567
      Content-Type:
      - application/json; charset=utf-8
      X-Ua-Compatible:
      - IE=Edge,chrome=1
      Etag:
      - ! '"c3fed98a38ccd1505010beed4080d33a"'
      Cache-Control:
      - max-age=0, private, must-revalidate
      X-Request-Id:
      - 2660c9016c7c8786b63a795beab64dc5
      X-Runtime:
      - '0.043895'
      Content-Length:
      - '132'
      Server:
      - WEBrick/1.3.1 (Ruby/1.9.3/2012-10-12)
      Date:
      - Mon, 19 Nov 2012 22:24:02 GMT
      Connection:
      - Keep-Alive
    body:
      encoding: US-ASCII
      string: ! '{"catalog_id":569,"created_at":"2012-11-19T22:24:02Z","id":567,"provider_id":1,"updated_at":"2012-11-19T22:24:02Z","type":"Product"}'
    http_version: 
  recorded_at: Mon, 19 Nov 2012 22:24:02 GMT
- request:
    method: post
    uri: http://localhost:3000/entities
    body:
      encoding: US-ASCII
      string: catalog_id=569&provider_id=1&type=Product
    headers:
      Content-Type:
      - application/x-www-form-urlencoded
      Accept:
      - ! '*/*'
      User-Agent:
      - Ruby
  response:
    status:
      code: 201
      message: ! 'Created '
    headers:
      Location:
      - http://localhost:3000/entities/568
      Content-Type:
      - application/json; charset=utf-8
      X-Ua-Compatible:
      - IE=Edge,chrome=1
      Etag:
      - ! '"bf37d732f63ca3aba00161e7441df028"'
      Cache-Control:
      - max-age=0, private, must-revalidate
      X-Request-Id:
      - bc77704869d6861eca88c89496614a8b
      X-Runtime:
      - '0.036255'
      Content-Length:
      - '132'
      Server:
      - WEBrick/1.3.1 (Ruby/1.9.3/2012-10-12)
      Date:
      - Mon, 19 Nov 2012 22:24:02 GMT
      Connection:
      - Keep-Alive
    body:
      encoding: US-ASCII
      string: ! '{"catalog_id":569,"created_at":"2012-11-19T22:24:02Z","id":568,"provider_id":1,"updated_at":"2012-11-19T22:24:02Z","type":"Product"}'
    http_version: 
  recorded_at: Mon, 19 Nov 2012 22:24:02 GMT
- request:
    method: post
    uri: http://localhost:3000/entities
    body:
      encoding: US-ASCII
      string: catalog_id=569&provider_id=1&type=Product
    headers:
      Content-Type:
      - application/x-www-form-urlencoded
      Accept:
      - ! '*/*'
      User-Agent:
      - Ruby
  response:
    status:
      code: 201
      message: ! 'Created '
    headers:
      Location:
      - http://localhost:3000/entities/569
      Content-Type:
      - application/json; charset=utf-8
      X-Ua-Compatible:
      - IE=Edge,chrome=1
      Etag:
      - ! '"9d2e99b1ddc467aa62c13f278d1f8e0a"'
      Cache-Control:
      - max-age=0, private, must-revalidate
      X-Request-Id:
      - 7e9d8bf19e4435828c3266e568d0e0e6
      X-Runtime:
      - '0.020440'
      Content-Length:
      - '132'
      Server:
      - WEBrick/1.3.1 (Ruby/1.9.3/2012-10-12)
      Date:
      - Mon, 19 Nov 2012 22:24:02 GMT
      Connection:
      - Keep-Alive
    body:
      encoding: US-ASCII
      string: ! '{"catalog_id":569,"created_at":"2012-11-19T22:24:02Z","id":569,"provider_id":1,"updated_at":"2012-11-19T22:24:02Z","type":"Product"}'
    http_version: 
  recorded_at: Mon, 19 Nov 2012 22:24:02 GMT
- request:
    method: post
    uri: http://localhost:3000/entities
    body:
      encoding: US-ASCII
      string: catalog_id=569&provider_id=1&type=Product
    headers:
      Content-Type:
      - application/x-www-form-urlencoded
      Accept:
      - ! '*/*'
      User-Agent:
      - Ruby
  response:
    status:
      code: 201
      message: ! 'Created '
    headers:
      Location:
      - http://localhost:3000/entities/570
      Content-Type:
      - application/json; charset=utf-8
      X-Ua-Compatible:
      - IE=Edge,chrome=1
      Etag:
      - ! '"fe3c701eb2b3b7cac7fdc4a67f58b10e"'
      Cache-Control:
      - max-age=0, private, must-revalidate
      X-Request-Id:
      - ae05b478993facbc8fd155117cad5726
      X-Runtime:
      - '0.048088'
      Content-Length:
      - '132'
      Server:
      - WEBrick/1.3.1 (Ruby/1.9.3/2012-10-12)
      Date:
      - Mon, 19 Nov 2012 22:24:02 GMT
      Connection:
      - Keep-Alive
    body:
      encoding: US-ASCII
      string: ! '{"catalog_id":569,"created_at":"2012-11-19T22:24:02Z","id":570,"provider_id":1,"updated_at":"2012-11-19T22:24:02Z","type":"Product"}'
    http_version: 
  recorded_at: Mon, 19 Nov 2012 22:24:02 GMT
- request:
    method: post
    uri: http://localhost:3000/entities
    body:
      encoding: US-ASCII
      string: catalog_id=569&provider_id=1&type=Product
    headers:
      Content-Type:
      - application/x-www-form-urlencoded
      Accept:
      - ! '*/*'
      User-Agent:
      - Ruby
  response:
    status:
      code: 201
      message: ! 'Created '
    headers:
      Location:
      - http://localhost:3000/entities/571
      Content-Type:
      - application/json; charset=utf-8
      X-Ua-Compatible:
      - IE=Edge,chrome=1
      Etag:
      - ! '"6a89cfa4152db109d001eae2a52d7331"'
      Cache-Control:
      - max-age=0, private, must-revalidate
      X-Request-Id:
      - a175bbbcdfb7b808b626f8b3b6b5b684
      X-Runtime:
      - '0.027422'
      Content-Length:
      - '132'
      Server:
      - WEBrick/1.3.1 (Ruby/1.9.3/2012-10-12)
      Date:
      - Mon, 19 Nov 2012 22:24:02 GMT
      Connection:
      - Keep-Alive
    body:
      encoding: US-ASCII
      string: ! '{"catalog_id":569,"created_at":"2012-11-19T22:24:02Z","id":571,"provider_id":1,"updated_at":"2012-11-19T22:24:02Z","type":"Product"}'
    http_version: 
  recorded_at: Mon, 19 Nov 2012 22:24:02 GMT
- request:
    method: post
    uri: http://localhost:3000/entities
    body:
      encoding: US-ASCII
      string: catalog_id=569&provider_id=1&type=Product
    headers:
      Content-Type:
      - application/x-www-form-urlencoded
      Accept:
      - ! '*/*'
      User-Agent:
      - Ruby
  response:
    status:
      code: 201
      message: ! 'Created '
    headers:
      Location:
      - http://localhost:3000/entities/572
      Content-Type:
      - application/json; charset=utf-8
      X-Ua-Compatible:
      - IE=Edge,chrome=1
      Etag:
      - ! '"4c73cad0d72f600eb836fb3b1c6dd242"'
      Cache-Control:
      - max-age=0, private, must-revalidate
      X-Request-Id:
      - 25cd59500737ee3e2bdac4fda9f21d79
      X-Runtime:
      - '0.017264'
      Content-Length:
      - '132'
      Server:
      - WEBrick/1.3.1 (Ruby/1.9.3/2012-10-12)
      Date:
      - Mon, 19 Nov 2012 22:24:02 GMT
      Connection:
      - Keep-Alive
    body:
      encoding: US-ASCII
      string: ! '{"catalog_id":569,"created_at":"2012-11-19T22:24:02Z","id":572,"provider_id":1,"updated_at":"2012-11-19T22:24:02Z","type":"Product"}'
    http_version: 
  recorded_at: Mon, 19 Nov 2012 22:24:02 GMT
- request:
    method: post
    uri: http://localhost:3000/entities
    body:
      encoding: US-ASCII
      string: catalog_id=569&provider_id=1&type=Product
    headers:
      Content-Type:
      - application/x-www-form-urlencoded
      Accept:
      - ! '*/*'
      User-Agent:
      - Ruby
  response:
    status:
      code: 201
      message: ! 'Created '
    headers:
      Location:
      - http://localhost:3000/entities/573
      Content-Type:
      - application/json; charset=utf-8
      X-Ua-Compatible:
      - IE=Edge,chrome=1
      Etag:
      - ! '"baa647ebdf4e959b33ab0be8d61ac568"'
      Cache-Control:
      - max-age=0, private, must-revalidate
      X-Request-Id:
      - 80c1c1925ed16e6234c9a222344b7f40
      X-Runtime:
      - '0.031433'
      Content-Length:
      - '132'
      Server:
      - WEBrick/1.3.1 (Ruby/1.9.3/2012-10-12)
      Date:
      - Mon, 19 Nov 2012 22:24:02 GMT
      Connection:
      - Keep-Alive
    body:
      encoding: US-ASCII
      string: ! '{"catalog_id":569,"created_at":"2012-11-19T22:24:02Z","id":573,"provider_id":1,"updated_at":"2012-11-19T22:24:02Z","type":"Product"}'
    http_version: 
  recorded_at: Mon, 19 Nov 2012 22:24:02 GMT
- request:
    method: get
    uri: http://localhost:3000/entities/564?include%5B0%5D=attr_values
    body:
      encoding: US-ASCII
      string: ''
    headers:
      Accept-Encoding:
      - gzip;q=1.0,deflate;q=0.6,identity;q=0.3
      Accept:
      - ! '*/*'
      User-Agent:
      - Ruby
  response:
    status:
      code: 200
      message: ! 'OK '
    headers:
      Content-Type:
      - application/json; charset=utf-8
      X-Ua-Compatible:
      - IE=Edge,chrome=1
      Etag:
      - ! '"9592646e630f1e19d750695431817ec1"'
      Cache-Control:
      - max-age=0, private, must-revalidate
      X-Request-Id:
      - c584006bc090671a91a804d3064cb48a
      X-Runtime:
      - '0.047374'
      Content-Length:
      - '149'
      Server:
      - WEBrick/1.3.1 (Ruby/1.9.3/2012-10-12)
      Date:
      - Mon, 19 Nov 2012 22:24:02 GMT
      Connection:
      - Keep-Alive
    body:
      encoding: US-ASCII
      string: ! '{"catalog_id":569,"created_at":"2012-11-19T22:24:02Z","id":564,"provider_id":1,"updated_at":"2012-11-19T22:24:02Z","attr_values":[],"type":"Product"}'
    http_version: 
  recorded_at: Mon, 19 Nov 2012 22:24:02 GMT
- request:
    method: get
    uri: http://localhost:3000/entities/573?include%5B0%5D=attr_values
    body:
      encoding: US-ASCII
      string: ''
    headers:
      Accept-Encoding:
      - gzip;q=1.0,deflate;q=0.6,identity;q=0.3
      Accept:
      - ! '*/*'
      User-Agent:
      - Ruby
  response:
    status:
      code: 200
      message: ! 'OK '
    headers:
      Content-Type:
      - application/json; charset=utf-8
      X-Ua-Compatible:
      - IE=Edge,chrome=1
      Etag:
      - ! '"6fd1d6f362e957a6cff33667c0baf676"'
      Cache-Control:
      - max-age=0, private, must-revalidate
      X-Request-Id:
      - b6329e06fbf6a2369834f2a06bc40555
      X-Runtime:
      - '0.068491'
      Content-Length:
      - '149'
      Server:
      - WEBrick/1.3.1 (Ruby/1.9.3/2012-10-12)
      Date:
      - Mon, 19 Nov 2012 22:24:02 GMT
      Connection:
      - Keep-Alive
    body:
      encoding: US-ASCII
      string: ! '{"catalog_id":569,"created_at":"2012-11-19T22:24:02Z","id":573,"provider_id":1,"updated_at":"2012-11-19T22:24:02Z","attr_values":[],"type":"Product"}'
    http_version: 
  recorded_at: Mon, 19 Nov 2012 22:24:02 GMT
- request:
    method: get
    uri: http://localhost:3000/entities/567?include%5B0%5D=attr_values
    body:
      encoding: US-ASCII
      string: ''
    headers:
      Accept-Encoding:
      - gzip;q=1.0,deflate;q=0.6,identity;q=0.3
      Accept:
      - ! '*/*'
      User-Agent:
      - Ruby
  response:
    status:
      code: 200
      message: ! 'OK '
    headers:
      Content-Type:
      - application/json; charset=utf-8
      X-Ua-Compatible:
      - IE=Edge,chrome=1
      Etag:
      - ! '"a19f6050f9ef1cec84f9605b36428563"'
      Cache-Control:
      - max-age=0, private, must-revalidate
      X-Request-Id:
      - b5c9ad1ba35b26040740a338e35e37a4
      X-Runtime:
      - '0.015336'
      Content-Length:
      - '149'
      Server:
      - WEBrick/1.3.1 (Ruby/1.9.3/2012-10-12)
      Date:
      - Mon, 19 Nov 2012 22:24:03 GMT
      Connection:
      - Keep-Alive
    body:
      encoding: US-ASCII
      string: ! '{"catalog_id":569,"created_at":"2012-11-19T22:24:02Z","id":567,"provider_id":1,"updated_at":"2012-11-19T22:24:02Z","attr_values":[],"type":"Product"}'
    http_version: 
  recorded_at: Mon, 19 Nov 2012 22:24:03 GMT
- request:
    method: get
    uri: http://localhost:3000/entities/566?include%5B0%5D=attr_values
    body:
      encoding: US-ASCII
      string: ''
    headers:
      Accept-Encoding:
      - gzip;q=1.0,deflate;q=0.6,identity;q=0.3
      Accept:
      - ! '*/*'
      User-Agent:
      - Ruby
  response:
    status:
      code: 200
      message: ! 'OK '
    headers:
      Content-Type:
      - application/json; charset=utf-8
      X-Ua-Compatible:
      - IE=Edge,chrome=1
      Etag:
      - ! '"da9af5ada143387905bf7a2c5c9efdbd"'
      Cache-Control:
      - max-age=0, private, must-revalidate
      X-Request-Id:
      - 250f03282c0edb3b9366e77d8f097a41
      X-Runtime:
      - '0.015203'
      Content-Length:
      - '149'
      Server:
      - WEBrick/1.3.1 (Ruby/1.9.3/2012-10-12)
      Date:
      - Mon, 19 Nov 2012 22:24:03 GMT
      Connection:
      - Keep-Alive
    body:
      encoding: US-ASCII
      string: ! '{"catalog_id":569,"created_at":"2012-11-19T22:24:02Z","id":566,"provider_id":1,"updated_at":"2012-11-19T22:24:02Z","attr_values":[],"type":"Product"}'
    http_version: 
  recorded_at: Mon, 19 Nov 2012 22:24:03 GMT
- request:
    method: get
    uri: http://localhost:3000/entities/572?include%5B0%5D=attr_values
    body:
      encoding: US-ASCII
      string: ''
    headers:
      Accept-Encoding:
      - gzip;q=1.0,deflate;q=0.6,identity;q=0.3
      Accept:
      - ! '*/*'
      User-Agent:
      - Ruby
  response:
    status:
      code: 200
      message: ! 'OK '
    headers:
      Content-Type:
      - application/json; charset=utf-8
      X-Ua-Compatible:
      - IE=Edge,chrome=1
      Etag:
      - ! '"28717f0e8e0bd403ab426f271120de2e"'
      Cache-Control:
      - max-age=0, private, must-revalidate
      X-Request-Id:
      - ce7c811b0b47ac3c0fcb0970a029d24a
      X-Runtime:
      - '0.017496'
      Content-Length:
      - '149'
      Server:
      - WEBrick/1.3.1 (Ruby/1.9.3/2012-10-12)
      Date:
      - Mon, 19 Nov 2012 22:24:03 GMT
      Connection:
      - Keep-Alive
    body:
      encoding: US-ASCII
      string: ! '{"catalog_id":569,"created_at":"2012-11-19T22:24:02Z","id":572,"provider_id":1,"updated_at":"2012-11-19T22:24:02Z","attr_values":[],"type":"Product"}'
    http_version: 
  recorded_at: Mon, 19 Nov 2012 22:24:03 GMT
- request:
    method: get
    uri: http://localhost:3000/entities/571?include%5B0%5D=attr_values
    body:
      encoding: US-ASCII
      string: ''
    headers:
      Accept-Encoding:
      - gzip;q=1.0,deflate;q=0.6,identity;q=0.3
      Accept:
      - ! '*/*'
      User-Agent:
      - Ruby
  response:
    status:
      code: 200
      message: ! 'OK '
    headers:
      Content-Type:
      - application/json; charset=utf-8
      X-Ua-Compatible:
      - IE=Edge,chrome=1
      Etag:
      - ! '"d363774fa6f50205dde7b174bc839f3e"'
      Cache-Control:
      - max-age=0, private, must-revalidate
      X-Request-Id:
      - 26937b572692241d44728d1a7efca83f
      X-Runtime:
      - '0.018103'
      Content-Length:
      - '149'
      Server:
      - WEBrick/1.3.1 (Ruby/1.9.3/2012-10-12)
      Date:
      - Mon, 19 Nov 2012 22:24:03 GMT
      Connection:
      - Keep-Alive
    body:
      encoding: US-ASCII
      string: ! '{"catalog_id":569,"created_at":"2012-11-19T22:24:02Z","id":571,"provider_id":1,"updated_at":"2012-11-19T22:24:02Z","attr_values":[],"type":"Product"}'
    http_version: 
  recorded_at: Mon, 19 Nov 2012 22:24:03 GMT
- request:
    method: get
    uri: http://localhost:3000/entities/570?include%5B0%5D=attr_values
    body:
      encoding: US-ASCII
      string: ''
    headers:
      Accept-Encoding:
      - gzip;q=1.0,deflate;q=0.6,identity;q=0.3
      Accept:
      - ! '*/*'
      User-Agent:
      - Ruby
  response:
    status:
      code: 200
      message: ! 'OK '
    headers:
      Content-Type:
      - application/json; charset=utf-8
      X-Ua-Compatible:
      - IE=Edge,chrome=1
      Etag:
      - ! '"5e03fb4d5ae89e441b2a51e96f717170"'
      Cache-Control:
      - max-age=0, private, must-revalidate
      X-Request-Id:
      - 218af0e4d8957aa8c474c765d0fdcfd9
      X-Runtime:
      - '0.018197'
      Content-Length:
      - '149'
      Server:
      - WEBrick/1.3.1 (Ruby/1.9.3/2012-10-12)
      Date:
      - Mon, 19 Nov 2012 22:24:03 GMT
      Connection:
      - Keep-Alive
    body:
      encoding: US-ASCII
      string: ! '{"catalog_id":569,"created_at":"2012-11-19T22:24:02Z","id":570,"provider_id":1,"updated_at":"2012-11-19T22:24:02Z","attr_values":[],"type":"Product"}'
    http_version: 
  recorded_at: Mon, 19 Nov 2012 22:24:03 GMT
- request:
    method: get
    uri: http://localhost:3000/entities/568?include%5B0%5D=attr_values
    body:
      encoding: US-ASCII
      string: ''
    headers:
      Accept-Encoding:
      - gzip;q=1.0,deflate;q=0.6,identity;q=0.3
      Accept:
      - ! '*/*'
      User-Agent:
      - Ruby
  response:
    status:
      code: 200
      message: ! 'OK '
    headers:
      Content-Type:
      - application/json; charset=utf-8
      X-Ua-Compatible:
      - IE=Edge,chrome=1
      Etag:
      - ! '"bd4ab5bd91c9c352c9192226ae280de5"'
      Cache-Control:
      - max-age=0, private, must-revalidate
      X-Request-Id:
      - d4d15bc07db7b4a58d2afaeae6e4c887
      X-Runtime:
      - '0.027147'
      Content-Length:
      - '149'
      Server:
      - WEBrick/1.3.1 (Ruby/1.9.3/2012-10-12)
      Date:
      - Mon, 19 Nov 2012 22:24:03 GMT
      Connection:
      - Keep-Alive
    body:
      encoding: US-ASCII
      string: ! '{"catalog_id":569,"created_at":"2012-11-19T22:24:02Z","id":568,"provider_id":1,"updated_at":"2012-11-19T22:24:02Z","attr_values":[],"type":"Product"}'
    http_version: 
  recorded_at: Mon, 19 Nov 2012 22:24:03 GMT
- request:
    method: get
    uri: http://localhost:3000/entities/-1?include%5B0%5D=attr_values
    body:
      encoding: US-ASCII
      string: ''
    headers:
      Accept-Encoding:
      - gzip;q=1.0,deflate;q=0.6,identity;q=0.3
      Accept:
      - ! '*/*'
      User-Agent:
      - Ruby
  response:
    status:
      code: 404
      message: ! 'Not Found '
    headers:
      Content-Type:
      - application/json; charset=utf-8
      X-Ua-Compatible:
      - IE=Edge,chrome=1
      Cache-Control:
      - no-cache
      X-Request-Id:
      - 79453fbd004dd9aa5b5f4acfab2e5142
      X-Runtime:
      - '0.077157'
      Content-Length:
      - '76'
      Server:
      - WEBrick/1.3.1 (Ruby/1.9.3/2012-10-12)
      Date:
      - Mon, 19 Nov 2012 22:24:03 GMT
      Connection:
      - Keep-Alive
    body:
      encoding: US-ASCII
      string: ! '{"error":{"base":"not found: Couldn''t find Entity with id=-1"},"status":404}'
    http_version: 
  recorded_at: Mon, 19 Nov 2012 22:24:03 GMT
- request:
    method: get
    uri: http://localhost:3000/entities/569?include%5B0%5D=attr_values
    body:
      encoding: US-ASCII
      string: ''
    headers:
      Accept-Encoding:
      - gzip;q=1.0,deflate;q=0.6,identity;q=0.3
      Accept:
      - ! '*/*'
      User-Agent:
      - Ruby
  response:
    status:
      code: 200
      message: ! 'OK '
    headers:
      Content-Type:
      - application/json; charset=utf-8
      X-Ua-Compatible:
      - IE=Edge,chrome=1
      Etag:
      - ! '"8f47673560f3140bcbe2de601cbac4e2"'
      Cache-Control:
      - max-age=0, private, must-revalidate
      X-Request-Id:
      - 8259f5ce4cb4573bd0c9623b1f130683
      X-Runtime:
      - '0.016786'
      Content-Length:
      - '149'
      Server:
      - WEBrick/1.3.1 (Ruby/1.9.3/2012-10-12)
      Date:
      - Mon, 19 Nov 2012 22:24:03 GMT
      Connection:
      - Keep-Alive
    body:
      encoding: US-ASCII
      string: ! '{"catalog_id":569,"created_at":"2012-11-19T22:24:02Z","id":569,"provider_id":1,"updated_at":"2012-11-19T22:24:02Z","attr_values":[],"type":"Product"}'
    http_version: 
  recorded_at: Mon, 19 Nov 2012 22:24:03 GMT
- request:
    method: get
    uri: http://localhost:3000/entities/565?include%5B0%5D=attr_values
    body:
      encoding: US-ASCII
      string: ''
    headers:
      Accept-Encoding:
      - gzip;q=1.0,deflate;q=0.6,identity;q=0.3
      Accept:
      - ! '*/*'
      User-Agent:
      - Ruby
  response:
    status:
      code: 200
      message: ! 'OK '
    headers:
      Content-Type:
      - application/json; charset=utf-8
      X-Ua-Compatible:
      - IE=Edge,chrome=1
      Etag:
      - ! '"ceff5b2c42f10d0bcafb23a12a58f2f3"'
      Cache-Control:
      - max-age=0, private, must-revalidate
      X-Request-Id:
      - 09fdfb211d568ad9c20d7513e7c55b5e
      X-Runtime:
      - '0.014434'
      Content-Length:
      - '149'
      Server:
      - WEBrick/1.3.1 (Ruby/1.9.3/2012-10-12)
      Date:
      - Mon, 19 Nov 2012 22:24:03 GMT
      Connection:
      - Keep-Alive
    body:
      encoding: US-ASCII
      string: ! '{"catalog_id":569,"created_at":"2012-11-19T22:24:02Z","id":565,"provider_id":1,"updated_at":"2012-11-19T22:24:02Z","attr_values":[],"type":"Product"}'
    http_version: 
  recorded_at: Mon, 19 Nov 2012 22:24:03 GMT
recorded_with: VCR 2.2.4
