--- 
recorded_with: VCR 2.4.0
http_interactions: 
- request: 
    method: post
    uri: http://localhost:3000/users/session.json
    body: 
      string: "{\"email\":\"admin@goodguide.com\",\"password\":\"password\"}"
    headers: 
      User-Agent: 
      - Faraday v0.8.7
      Accept: 
      - "*/*"
      Content-Type: 
      - application/json
  response: 
    status: 
      code: 201
      message: "Created "
    headers: 
      X-Runtime: 
      - "0.122555"
      Etag: 
      - "\"a42ec97a733cd727af2fa6b8d893c919\""
      Date: 
      - Mon, 06 May 2013 17:11:50 GMT
      Set-Cookie: 
      - _session_id=BAh7B0kiD3Nlc3Npb25faWQGOgZFRkkiJTg1MmY1ZjA4MWEyNmVkYjFjZWVkOGUxMTI0M2NmMDIxBjsAVEkiGXdhcmRlbi51c2VyLnVzZXIua2V5BjsAVFsISSIJVXNlcgY7AEZbBmkGSSIiJDJhJDEwJGJYcVFsUHZpdnhSWnhUcE1TOHQ1cnUGOwBU--7ad7aba15599245fa0fb913630b086d1aa26f1d8; path=/; HttpOnly
      Content-Length: 
      - "509"
      Server: 
      - WEBrick/1.3.1 (Ruby/1.9.3/2012-11-10)
      Connection: 
      - Keep-Alive
      Cache-Control: 
      - max-age=0, private, must-revalidate
      X-Request-Id: 
      - 634c70cb798a2391f2fee9703ad25410
      Content-Type: 
      - application/json; charset=utf-8
      Location: 
      - http://localhost:3000/
      X-Ua-Compatible: 
      - IE=Edge
    body: 
      string: "{\"account_id\":1,\"created_at\":\"2013-02-12T01:37:31Z\",\"email\":\"admin@goodguide.com\",\"first_name\":\"Admin\",\"id\":1,\"invitation_accepted_at\":null,\"invitation_limit\":null,\"invitation_sent_at\":null,\"invitation_token\":null,\"invited_by_id\":null,\"invited_by_type\":null,\"last_name\":\"User\",\"updated_at\":\"2013-05-06T17:11:50Z\",\"account_name\":\"GoodGuide\",\"roles\":[{\"created_at\":null,\"name\":\"superuser\",\"resource_id\":null,\"resource_type\":null,\"updated_at\":null,\"resource_name\":null}],\"last_sign_in_at\":\"2013-05-06T17:11:50Z\"}"
    http_version: 
  recorded_at: Mon, 06 May 2013 17:11:50 GMT
- request: 
    method: post
    uri: http://localhost:3000/v1/catalogs.json
    body: 
      string: "{\"name\":\"test\",\"description\":\"test_catalog\"}"
    headers: 
      Cookie: 
      - _session_id=BAh7B0kiD3Nlc3Npb25faWQGOgZFRkkiJTg1MmY1ZjA4MWEyNmVkYjFjZWVkOGUxMTI0M2NmMDIxBjsAVEkiGXdhcmRlbi51c2VyLnVzZXIua2V5BjsAVFsISSIJVXNlcgY7AEZbBmkGSSIiJDJhJDEwJGJYcVFsUHZpdnhSWnhUcE1TOHQ1cnUGOwBU--7ad7aba15599245fa0fb913630b086d1aa26f1d8
      User-Agent: 
      - Faraday v0.8.7
      Accept: 
      - "*/*"
      Content-Type: 
      - application/json
  response: 
    status: 
      code: 201
      message: "Created "
    headers: 
      X-Runtime: 
      - "0.145333"
      Etag: 
      - "\"89e227d0e0c97bdbec5dcb59e9f44d9e\""
      Date: 
      - Mon, 06 May 2013 17:11:50 GMT
      Content-Length: 
      - "268"
      Server: 
      - WEBrick/1.3.1 (Ruby/1.9.3/2012-11-10)
      Connection: 
      - Keep-Alive
      Cache-Control: 
      - max-age=0, private, must-revalidate
      X-Request-Id: 
      - 8cb9601b0a19d2fd8c8f3421143dd8a4
      Content-Type: 
      - application/json; charset=utf-8
      Location: 
      - http://localhost:3000/v1/catalogs/154
      X-Ua-Compatible: 
      - IE=Edge
    body: 
      string: "{\"created_at\":\"2013-05-06T17:11:50Z\",\"description\":\"test_catalog\",\"has_entity_pages\":false,\"has_landing_page\":false,\"id\":154,\"image_src\":null,\"introduction\":null,\"name\":\"test\",\"primary_rating_field_id\":null,\"short_description\":null,\"updated_at\":\"2013-05-06T17:11:50Z\"}"
    http_version: 
  recorded_at: Mon, 06 May 2013 17:11:50 GMT
- request: 
    method: delete
    uri: http://localhost:3000/v1/catalogs/154.json
    body: 
      string: ""
    headers: 
      Cookie: 
      - _session_id=BAh7B0kiD3Nlc3Npb25faWQGOgZFRkkiJTg1MmY1ZjA4MWEyNmVkYjFjZWVkOGUxMTI0M2NmMDIxBjsAVEkiGXdhcmRlbi51c2VyLnVzZXIua2V5BjsAVFsISSIJVXNlcgY7AEZbBmkGSSIiJDJhJDEwJGJYcVFsUHZpdnhSWnhUcE1TOHQ1cnUGOwBU--7ad7aba15599245fa0fb913630b086d1aa26f1d8
      User-Agent: 
      - Faraday v0.8.7
      Accept: 
      - "*/*"
  response: 
    status: 
      code: 204
      message: "No Content "
    headers: 
      X-Runtime: 
      - "0.104940"
      Date: 
      - Mon, 06 May 2013 17:11:51 GMT
      Server: 
      - WEBrick/1.3.1 (Ruby/1.9.3/2012-11-10)
      Connection: 
      - close
      Cache-Control: 
      - no-cache
      X-Request-Id: 
      - 6a564ca757153b4e0119f60e08d2419e
      X-Ua-Compatible: 
      - IE=Edge
    body: 
      string: ""
    http_version: 
  recorded_at: Mon, 06 May 2013 17:11:51 GMT
- request: 
    method: get
    uri: http://localhost:3000/v1/catalogs/154.json
    body: 
      string: ""
    headers: 
      Cookie: 
      - _session_id=BAh7B0kiD3Nlc3Npb25faWQGOgZFRkkiJTg1MmY1ZjA4MWEyNmVkYjFjZWVkOGUxMTI0M2NmMDIxBjsAVEkiGXdhcmRlbi51c2VyLnVzZXIua2V5BjsAVFsISSIJVXNlcgY7AEZbBmkGSSIiJDJhJDEwJGJYcVFsUHZpdnhSWnhUcE1TOHQ1cnUGOwBU--7ad7aba15599245fa0fb913630b086d1aa26f1d8
      User-Agent: 
      - Faraday v0.8.7
      Accept: 
      - "*/*"
  response: 
    status: 
      code: 404
      message: "Not Found "
    headers: 
      X-Runtime: 
      - "0.013022"
      Date: 
      - Mon, 06 May 2013 17:11:51 GMT
      Content-Length: 
      - "78"
      Server: 
      - WEBrick/1.3.1 (Ruby/1.9.3/2012-11-10)
      Connection: 
      - Keep-Alive
      Cache-Control: 
      - no-cache
      X-Request-Id: 
      - d12887693230ca9cba22832b95c8b04b
      Content-Type: 
      - application/json; charset=utf-8
      X-Ua-Compatible: 
      - IE=Edge
    body: 
      string: "{\"error\":{\"base\":\"not found: Couldn't find Catalog with id=154\"},\"status\":404}"
    http_version: 
  recorded_at: Mon, 06 May 2013 17:11:51 GMT
- request: 
    method: get
    uri: http://localhost:3000/v1/catalogs/154.json
    body: 
      string: "{\"error\":{\"base\":\"not found: Couldn't find Catalog with id=154\"},\"status\":404}"
    headers: 
      Cookie: 
      - _session_id=BAh7B0kiD3Nlc3Npb25faWQGOgZFRkkiJTg1MmY1ZjA4MWEyNmVkYjFjZWVkOGUxMTI0M2NmMDIxBjsAVEkiGXdhcmRlbi51c2VyLnVzZXIua2V5BjsAVFsISSIJVXNlcgY7AEZbBmkGSSIiJDJhJDEwJGJYcVFsUHZpdnhSWnhUcE1TOHQ1cnUGOwBU--7ad7aba15599245fa0fb913630b086d1aa26f1d8
      User-Agent: 
      - Faraday v0.8.7
      Accept: 
      - "*/*"
  response: 
    status: 
      code: 404
      message: "Not Found "
    headers: 
      X-Runtime: 
      - "0.014414"
      Date: 
      - Mon, 06 May 2013 17:11:51 GMT
      Content-Length: 
      - "78"
      Server: 
      - WEBrick/1.3.1 (Ruby/1.9.3/2012-11-10)
      Connection: 
      - Keep-Alive
      Cache-Control: 
      - no-cache
      X-Request-Id: 
      - 1d586f7554cfa9f74e50b24d81a0a995
      Content-Type: 
      - application/json; charset=utf-8
      X-Ua-Compatible: 
      - IE=Edge
    body: 
      string: "{\"error\":{\"base\":\"not found: Couldn't find Catalog with id=154\"},\"status\":404}"
    http_version: 
  recorded_at: Mon, 06 May 2013 17:11:51 GMT
- request: 
    method: get
    uri: http://localhost:3000/v1/catalogs/154.json
    body: 
      string: "{\"error\":{\"base\":\"not found: Couldn't find Catalog with id=154\"},\"status\":404}"
    headers: 
      Cookie: 
      - _session_id=BAh7B0kiD3Nlc3Npb25faWQGOgZFRkkiJTg1MmY1ZjA4MWEyNmVkYjFjZWVkOGUxMTI0M2NmMDIxBjsAVEkiGXdhcmRlbi51c2VyLnVzZXIua2V5BjsAVFsISSIJVXNlcgY7AEZbBmkGSSIiJDJhJDEwJGJYcVFsUHZpdnhSWnhUcE1TOHQ1cnUGOwBU--7ad7aba15599245fa0fb913630b086d1aa26f1d8
      User-Agent: 
      - Faraday v0.8.7
      Accept: 
      - "*/*"
  response: 
    status: 
      code: 404
      message: "Not Found "
    headers: 
      X-Runtime: 
      - "0.016770"
      Date: 
      - Mon, 06 May 2013 17:11:51 GMT
      Content-Length: 
      - "78"
      Server: 
      - WEBrick/1.3.1 (Ruby/1.9.3/2012-11-10)
      Connection: 
      - Keep-Alive
      Cache-Control: 
      - no-cache
      X-Request-Id: 
      - dd51a401fc5911bb247ad8831b37d41f
      Content-Type: 
      - application/json; charset=utf-8
      X-Ua-Compatible: 
      - IE=Edge
    body: 
      string: "{\"error\":{\"base\":\"not found: Couldn't find Catalog with id=154\"},\"status\":404}"
    http_version: 
  recorded_at: Mon, 06 May 2013 17:11:51 GMT
- request: 
    method: get
    uri: http://localhost:3000/v1/catalogs/154.json
    body: 
      string: "{\"error\":{\"base\":\"not found: Couldn't find Catalog with id=154\"},\"status\":404}"
    headers: 
      Cookie: 
      - _session_id=BAh7B0kiD3Nlc3Npb25faWQGOgZFRkkiJTg1MmY1ZjA4MWEyNmVkYjFjZWVkOGUxMTI0M2NmMDIxBjsAVEkiGXdhcmRlbi51c2VyLnVzZXIua2V5BjsAVFsISSIJVXNlcgY7AEZbBmkGSSIiJDJhJDEwJGJYcVFsUHZpdnhSWnhUcE1TOHQ1cnUGOwBU--7ad7aba15599245fa0fb913630b086d1aa26f1d8
      User-Agent: 
      - Faraday v0.8.7
      Accept: 
      - "*/*"
  response: 
    status: 
      code: 404
      message: "Not Found "
    headers: 
      X-Runtime: 
      - "0.013528"
      Date: 
      - Mon, 06 May 2013 17:11:51 GMT
      Content-Length: 
      - "78"
      Server: 
      - WEBrick/1.3.1 (Ruby/1.9.3/2012-11-10)
      Connection: 
      - Keep-Alive
      Cache-Control: 
      - no-cache
      X-Request-Id: 
      - a6a8bd26a74f2811fa0536289c78f242
      Content-Type: 
      - application/json; charset=utf-8
      X-Ua-Compatible: 
      - IE=Edge
    body: 
      string: "{\"error\":{\"base\":\"not found: Couldn't find Catalog with id=154\"},\"status\":404}"
    http_version: 
  recorded_at: Mon, 06 May 2013 17:11:51 GMT
- request: 
    method: get
    uri: http://localhost:3000/v1/catalogs/154.json
    body: 
      string: "{\"error\":{\"base\":\"not found: Couldn't find Catalog with id=154\"},\"status\":404}"
    headers: 
      Cookie: 
      - _session_id=BAh7B0kiD3Nlc3Npb25faWQGOgZFRkkiJTg1MmY1ZjA4MWEyNmVkYjFjZWVkOGUxMTI0M2NmMDIxBjsAVEkiGXdhcmRlbi51c2VyLnVzZXIua2V5BjsAVFsISSIJVXNlcgY7AEZbBmkGSSIiJDJhJDEwJGJYcVFsUHZpdnhSWnhUcE1TOHQ1cnUGOwBU--7ad7aba15599245fa0fb913630b086d1aa26f1d8
      User-Agent: 
      - Faraday v0.8.7
      Accept: 
      - "*/*"
  response: 
    status: 
      code: 404
      message: "Not Found "
    headers: 
      X-Runtime: 
      - "0.012845"
      Date: 
      - Mon, 06 May 2013 17:11:51 GMT
      Content-Length: 
      - "78"
      Server: 
      - WEBrick/1.3.1 (Ruby/1.9.3/2012-11-10)
      Connection: 
      - Keep-Alive
      Cache-Control: 
      - no-cache
      X-Request-Id: 
      - 8d36d49508eddcaed5af8cf265e9258f
      Content-Type: 
      - application/json; charset=utf-8
      X-Ua-Compatible: 
      - IE=Edge
    body: 
      string: "{\"error\":{\"base\":\"not found: Couldn't find Catalog with id=154\"},\"status\":404}"
    http_version: 
  recorded_at: Mon, 06 May 2013 17:11:51 GMT
- request: 
    method: get
    uri: http://localhost:3000/v1/catalogs/154.json
    body: 
      string: "{\"error\":{\"base\":\"not found: Couldn't find Catalog with id=154\"},\"status\":404}"
    headers: 
      Cookie: 
      - _session_id=BAh7B0kiD3Nlc3Npb25faWQGOgZFRkkiJTg1MmY1ZjA4MWEyNmVkYjFjZWVkOGUxMTI0M2NmMDIxBjsAVEkiGXdhcmRlbi51c2VyLnVzZXIua2V5BjsAVFsISSIJVXNlcgY7AEZbBmkGSSIiJDJhJDEwJGJYcVFsUHZpdnhSWnhUcE1TOHQ1cnUGOwBU--7ad7aba15599245fa0fb913630b086d1aa26f1d8
      User-Agent: 
      - Faraday v0.8.7
      Accept: 
      - "*/*"
  response: 
    status: 
      code: 404
      message: "Not Found "
    headers: 
      X-Runtime: 
      - "0.013638"
      Date: 
      - Mon, 06 May 2013 17:11:51 GMT
      Content-Length: 
      - "78"
      Server: 
      - WEBrick/1.3.1 (Ruby/1.9.3/2012-11-10)
      Connection: 
      - Keep-Alive
      Cache-Control: 
      - no-cache
      X-Request-Id: 
      - 05c5a5bd1b700367e9ec0e2a0be5ae50
      Content-Type: 
      - application/json; charset=utf-8
      X-Ua-Compatible: 
      - IE=Edge
    body: 
      string: "{\"error\":{\"base\":\"not found: Couldn't find Catalog with id=154\"},\"status\":404}"
    http_version: 
  recorded_at: Mon, 06 May 2013 17:11:51 GMT
- request: 
    method: get
    uri: http://localhost:3000/v1/catalogs/154.json
    body: 
      string: "{\"error\":{\"base\":\"not found: Couldn't find Catalog with id=154\"},\"status\":404}"
    headers: 
      Cookie: 
      - _session_id=BAh7B0kiD3Nlc3Npb25faWQGOgZFRkkiJTg1MmY1ZjA4MWEyNmVkYjFjZWVkOGUxMTI0M2NmMDIxBjsAVEkiGXdhcmRlbi51c2VyLnVzZXIua2V5BjsAVFsISSIJVXNlcgY7AEZbBmkGSSIiJDJhJDEwJGJYcVFsUHZpdnhSWnhUcE1TOHQ1cnUGOwBU--7ad7aba15599245fa0fb913630b086d1aa26f1d8
      User-Agent: 
      - Faraday v0.8.7
      Accept: 
      - "*/*"
  response: 
    status: 
      code: 404
      message: "Not Found "
    headers: 
      X-Runtime: 
      - "0.012323"
      Date: 
      - Mon, 06 May 2013 17:11:51 GMT
      Content-Length: 
      - "78"
      Server: 
      - WEBrick/1.3.1 (Ruby/1.9.3/2012-11-10)
      Connection: 
      - Keep-Alive
      Cache-Control: 
      - no-cache
      X-Request-Id: 
      - 22d9f075c375f9d5201477418f0fbfd0
      Content-Type: 
      - application/json; charset=utf-8
      X-Ua-Compatible: 
      - IE=Edge
    body: 
      string: "{\"error\":{\"base\":\"not found: Couldn't find Catalog with id=154\"},\"status\":404}"
    http_version: 
  recorded_at: Mon, 06 May 2013 17:11:51 GMT
- request: 
    method: get
    uri: http://localhost:3000/v1/catalogs/154.json
    body: 
      string: "{\"error\":{\"base\":\"not found: Couldn't find Catalog with id=154\"},\"status\":404}"
    headers: 
      Cookie: 
      - _session_id=BAh7B0kiD3Nlc3Npb25faWQGOgZFRkkiJTg1MmY1ZjA4MWEyNmVkYjFjZWVkOGUxMTI0M2NmMDIxBjsAVEkiGXdhcmRlbi51c2VyLnVzZXIua2V5BjsAVFsISSIJVXNlcgY7AEZbBmkGSSIiJDJhJDEwJGJYcVFsUHZpdnhSWnhUcE1TOHQ1cnUGOwBU--7ad7aba15599245fa0fb913630b086d1aa26f1d8
      User-Agent: 
      - Faraday v0.8.7
      Accept: 
      - "*/*"
  response: 
    status: 
      code: 404
      message: "Not Found "
    headers: 
      X-Runtime: 
      - "0.012330"
      Date: 
      - Mon, 06 May 2013 17:11:51 GMT
      Content-Length: 
      - "78"
      Server: 
      - WEBrick/1.3.1 (Ruby/1.9.3/2012-11-10)
      Connection: 
      - Keep-Alive
      Cache-Control: 
      - no-cache
      X-Request-Id: 
      - d9942e85181da7d570f63228e3954cc3
      Content-Type: 
      - application/json; charset=utf-8
      X-Ua-Compatible: 
      - IE=Edge
    body: 
      string: "{\"error\":{\"base\":\"not found: Couldn't find Catalog with id=154\"},\"status\":404}"
    http_version: 
  recorded_at: Mon, 06 May 2013 17:11:51 GMT
- request: 
    method: get
    uri: http://localhost:3000/v1/catalogs/154.json
    body: 
      string: "{\"error\":{\"base\":\"not found: Couldn't find Catalog with id=154\"},\"status\":404}"
    headers: 
      Cookie: 
      - _session_id=BAh7B0kiD3Nlc3Npb25faWQGOgZFRkkiJTg1MmY1ZjA4MWEyNmVkYjFjZWVkOGUxMTI0M2NmMDIxBjsAVEkiGXdhcmRlbi51c2VyLnVzZXIua2V5BjsAVFsISSIJVXNlcgY7AEZbBmkGSSIiJDJhJDEwJGJYcVFsUHZpdnhSWnhUcE1TOHQ1cnUGOwBU--7ad7aba15599245fa0fb913630b086d1aa26f1d8
      User-Agent: 
      - Faraday v0.8.7
      Accept: 
      - "*/*"
  response: 
    status: 
      code: 404
      message: "Not Found "
    headers: 
      X-Runtime: 
      - "0.082258"
      Date: 
      - Mon, 06 May 2013 17:11:51 GMT
      Content-Length: 
      - "78"
      Server: 
      - WEBrick/1.3.1 (Ruby/1.9.3/2012-11-10)
      Connection: 
      - Keep-Alive
      Cache-Control: 
      - no-cache
      X-Request-Id: 
      - fc4a439bde31f0eaab082a07721c125d
      Content-Type: 
      - application/json; charset=utf-8
      X-Ua-Compatible: 
      - IE=Edge
    body: 
      string: "{\"error\":{\"base\":\"not found: Couldn't find Catalog with id=154\"},\"status\":404}"
    http_version: 
  recorded_at: Mon, 06 May 2013 17:11:51 GMT
- request: 
    method: get
    uri: http://localhost:3000/v1/catalogs/154.json
    body: 
      string: "{\"error\":{\"base\":\"not found: Couldn't find Catalog with id=154\"},\"status\":404}"
    headers: 
      Cookie: 
      - _session_id=BAh7B0kiD3Nlc3Npb25faWQGOgZFRkkiJTg1MmY1ZjA4MWEyNmVkYjFjZWVkOGUxMTI0M2NmMDIxBjsAVEkiGXdhcmRlbi51c2VyLnVzZXIua2V5BjsAVFsISSIJVXNlcgY7AEZbBmkGSSIiJDJhJDEwJGJYcVFsUHZpdnhSWnhUcE1TOHQ1cnUGOwBU--7ad7aba15599245fa0fb913630b086d1aa26f1d8
      User-Agent: 
      - Faraday v0.8.7
      Accept: 
      - "*/*"
  response: 
    status: 
      code: 404
      message: "Not Found "
    headers: 
      X-Runtime: 
      - "0.023847"
      Date: 
      - Mon, 06 May 2013 17:11:51 GMT
      Content-Length: 
      - "78"
      Server: 
      - WEBrick/1.3.1 (Ruby/1.9.3/2012-11-10)
      Connection: 
      - Keep-Alive
      Cache-Control: 
      - no-cache
      X-Request-Id: 
      - 3856fc4fe1af2b24450048f92d388545
      Content-Type: 
      - application/json; charset=utf-8
      X-Ua-Compatible: 
      - IE=Edge
    body: 
      string: "{\"error\":{\"base\":\"not found: Couldn't find Catalog with id=154\"},\"status\":404}"
    http_version: 
  recorded_at: Mon, 06 May 2013 17:11:51 GMT
- request: 
    method: get
    uri: http://localhost:3000/v1/catalogs/154.json
    body: 
      string: "{\"error\":{\"base\":\"not found: Couldn't find Catalog with id=154\"},\"status\":404}"
    headers: 
      Cookie: 
      - _session_id=BAh7B0kiD3Nlc3Npb25faWQGOgZFRkkiJTg1MmY1ZjA4MWEyNmVkYjFjZWVkOGUxMTI0M2NmMDIxBjsAVEkiGXdhcmRlbi51c2VyLnVzZXIua2V5BjsAVFsISSIJVXNlcgY7AEZbBmkGSSIiJDJhJDEwJGJYcVFsUHZpdnhSWnhUcE1TOHQ1cnUGOwBU--7ad7aba15599245fa0fb913630b086d1aa26f1d8
      User-Agent: 
      - Faraday v0.8.7
      Accept: 
      - "*/*"
  response: 
    status: 
      code: 404
      message: "Not Found "
    headers: 
      X-Runtime: 
      - "0.017002"
      Date: 
      - Mon, 06 May 2013 17:11:51 GMT
      Content-Length: 
      - "78"
      Server: 
      - WEBrick/1.3.1 (Ruby/1.9.3/2012-11-10)
      Connection: 
      - Keep-Alive
      Cache-Control: 
      - no-cache
      X-Request-Id: 
      - 384b34fd8b480382a4ca431384cbbbbe
      Content-Type: 
      - application/json; charset=utf-8
      X-Ua-Compatible: 
      - IE=Edge
    body: 
      string: "{\"error\":{\"base\":\"not found: Couldn't find Catalog with id=154\"},\"status\":404}"
    http_version: 
  recorded_at: Mon, 06 May 2013 17:11:51 GMT
- request: 
    method: delete
    uri: http://localhost:3000/v1/catalogs/154.json
    body: 
      string: ""
    headers: 
      Cookie: 
      - _session_id=BAh7B0kiD3Nlc3Npb25faWQGOgZFRkkiJTg1MmY1ZjA4MWEyNmVkYjFjZWVkOGUxMTI0M2NmMDIxBjsAVEkiGXdhcmRlbi51c2VyLnVzZXIua2V5BjsAVFsISSIJVXNlcgY7AEZbBmkGSSIiJDJhJDEwJGJYcVFsUHZpdnhSWnhUcE1TOHQ1cnUGOwBU--7ad7aba15599245fa0fb913630b086d1aa26f1d8
      User-Agent: 
      - Faraday v0.8.7
      Accept: 
      - "*/*"
  response: 
    status: 
      code: 404
      message: "Not Found "
    headers: 
      X-Runtime: 
      - "0.012701"
      Date: 
      - Mon, 06 May 2013 17:11:51 GMT
      Content-Length: 
      - "78"
      Server: 
      - WEBrick/1.3.1 (Ruby/1.9.3/2012-11-10)
      Connection: 
      - Keep-Alive
      Cache-Control: 
      - no-cache
      X-Request-Id: 
      - 9be0301fa27ece35dfe4df21849ba69e
      Content-Type: 
      - application/json; charset=utf-8
      X-Ua-Compatible: 
      - IE=Edge
    body: 
      string: "{\"error\":{\"base\":\"not found: Couldn't find Catalog with id=154\"},\"status\":404}"
    http_version: 
  recorded_at: Mon, 06 May 2013 17:11:51 GMT
- request: 
    method: delete
    uri: http://localhost:3000/v1/catalogs/154.json
    body: 
      string: "{\"error\":{\"base\":\"not found: Couldn't find Catalog with id=154\"},\"status\":404}"
    headers: 
      Cookie: 
      - _session_id=BAh7B0kiD3Nlc3Npb25faWQGOgZFRkkiJTg1MmY1ZjA4MWEyNmVkYjFjZWVkOGUxMTI0M2NmMDIxBjsAVEkiGXdhcmRlbi51c2VyLnVzZXIua2V5BjsAVFsISSIJVXNlcgY7AEZbBmkGSSIiJDJhJDEwJGJYcVFsUHZpdnhSWnhUcE1TOHQ1cnUGOwBU--7ad7aba15599245fa0fb913630b086d1aa26f1d8
      User-Agent: 
      - Faraday v0.8.7
      Accept: 
      - "*/*"
  response: 
    status: 
      code: 404
      message: "Not Found "
    headers: 
      X-Runtime: 
      - "0.012833"
      Date: 
      - Mon, 06 May 2013 17:11:51 GMT
      Content-Length: 
      - "78"
      Server: 
      - WEBrick/1.3.1 (Ruby/1.9.3/2012-11-10)
      Connection: 
      - Keep-Alive
      Cache-Control: 
      - no-cache
      X-Request-Id: 
      - 483ab85dcd0b2c345dcab35b7c6dff21
      Content-Type: 
      - application/json; charset=utf-8
      X-Ua-Compatible: 
      - IE=Edge
    body: 
      string: "{\"error\":{\"base\":\"not found: Couldn't find Catalog with id=154\"},\"status\":404}"
    http_version: 
  recorded_at: Mon, 06 May 2013 17:11:51 GMT
- request: 
    method: delete
    uri: http://localhost:3000/v1/catalogs/154.json
    body: 
      string: "{\"error\":{\"base\":\"not found: Couldn't find Catalog with id=154\"},\"status\":404}"
    headers: 
      Cookie: 
      - _session_id=BAh7B0kiD3Nlc3Npb25faWQGOgZFRkkiJTg1MmY1ZjA4MWEyNmVkYjFjZWVkOGUxMTI0M2NmMDIxBjsAVEkiGXdhcmRlbi51c2VyLnVzZXIua2V5BjsAVFsISSIJVXNlcgY7AEZbBmkGSSIiJDJhJDEwJGJYcVFsUHZpdnhSWnhUcE1TOHQ1cnUGOwBU--7ad7aba15599245fa0fb913630b086d1aa26f1d8
      User-Agent: 
      - Faraday v0.8.7
      Accept: 
      - "*/*"
  response: 
    status: 
      code: 404
      message: "Not Found "
    headers: 
      X-Runtime: 
      - "0.012612"
      Date: 
      - Mon, 06 May 2013 17:11:51 GMT
      Content-Length: 
      - "78"
      Server: 
      - WEBrick/1.3.1 (Ruby/1.9.3/2012-11-10)
      Connection: 
      - Keep-Alive
      Cache-Control: 
      - no-cache
      X-Request-Id: 
      - 61ffbd04a1741d619b3ccdfcc6f82ef3
      Content-Type: 
      - application/json; charset=utf-8
      X-Ua-Compatible: 
      - IE=Edge
    body: 
      string: "{\"error\":{\"base\":\"not found: Couldn't find Catalog with id=154\"},\"status\":404}"
    http_version: 
  recorded_at: Mon, 06 May 2013 17:11:51 GMT
- request: 
    method: delete
    uri: http://localhost:3000/v1/catalogs/154.json
    body: 
      string: "{\"error\":{\"base\":\"not found: Couldn't find Catalog with id=154\"},\"status\":404}"
    headers: 
      Cookie: 
      - _session_id=BAh7B0kiD3Nlc3Npb25faWQGOgZFRkkiJTg1MmY1ZjA4MWEyNmVkYjFjZWVkOGUxMTI0M2NmMDIxBjsAVEkiGXdhcmRlbi51c2VyLnVzZXIua2V5BjsAVFsISSIJVXNlcgY7AEZbBmkGSSIiJDJhJDEwJGJYcVFsUHZpdnhSWnhUcE1TOHQ1cnUGOwBU--7ad7aba15599245fa0fb913630b086d1aa26f1d8
      User-Agent: 
      - Faraday v0.8.7
      Accept: 
      - "*/*"
  response: 
    status: 
      code: 404
      message: "Not Found "
    headers: 
      X-Runtime: 
      - "0.013875"
      Date: 
      - Mon, 06 May 2013 17:11:51 GMT
      Content-Length: 
      - "78"
      Server: 
      - WEBrick/1.3.1 (Ruby/1.9.3/2012-11-10)
      Connection: 
      - Keep-Alive
      Cache-Control: 
      - no-cache
      X-Request-Id: 
      - 4ca3a1fd2a4723cf755f4dd81ad8c713
      Content-Type: 
      - application/json; charset=utf-8
      X-Ua-Compatible: 
      - IE=Edge
    body: 
      string: "{\"error\":{\"base\":\"not found: Couldn't find Catalog with id=154\"},\"status\":404}"
    http_version: 
  recorded_at: Mon, 06 May 2013 17:11:51 GMT
- request: 
    method: delete
    uri: http://localhost:3000/v1/catalogs/154.json
    body: 
      string: "{\"error\":{\"base\":\"not found: Couldn't find Catalog with id=154\"},\"status\":404}"
    headers: 
      Cookie: 
      - _session_id=BAh7B0kiD3Nlc3Npb25faWQGOgZFRkkiJTg1MmY1ZjA4MWEyNmVkYjFjZWVkOGUxMTI0M2NmMDIxBjsAVEkiGXdhcmRlbi51c2VyLnVzZXIua2V5BjsAVFsISSIJVXNlcgY7AEZbBmkGSSIiJDJhJDEwJGJYcVFsUHZpdnhSWnhUcE1TOHQ1cnUGOwBU--7ad7aba15599245fa0fb913630b086d1aa26f1d8
      User-Agent: 
      - Faraday v0.8.7
      Accept: 
      - "*/*"
  response: 
    status: 
      code: 404
      message: "Not Found "
    headers: 
      X-Runtime: 
      - "0.013056"
      Date: 
      - Mon, 06 May 2013 17:11:51 GMT
      Content-Length: 
      - "78"
      Server: 
      - WEBrick/1.3.1 (Ruby/1.9.3/2012-11-10)
      Connection: 
      - Keep-Alive
      Cache-Control: 
      - no-cache
      X-Request-Id: 
      - 5662a45ecb62252bab5629c3690a6fe4
      Content-Type: 
      - application/json; charset=utf-8
      X-Ua-Compatible: 
      - IE=Edge
    body: 
      string: "{\"error\":{\"base\":\"not found: Couldn't find Catalog with id=154\"},\"status\":404}"
    http_version: 
  recorded_at: Mon, 06 May 2013 17:11:51 GMT
- request: 
    method: delete
    uri: http://localhost:3000/v1/catalogs/154.json
    body: 
      string: "{\"error\":{\"base\":\"not found: Couldn't find Catalog with id=154\"},\"status\":404}"
    headers: 
      Cookie: 
      - _session_id=BAh7B0kiD3Nlc3Npb25faWQGOgZFRkkiJTg1MmY1ZjA4MWEyNmVkYjFjZWVkOGUxMTI0M2NmMDIxBjsAVEkiGXdhcmRlbi51c2VyLnVzZXIua2V5BjsAVFsISSIJVXNlcgY7AEZbBmkGSSIiJDJhJDEwJGJYcVFsUHZpdnhSWnhUcE1TOHQ1cnUGOwBU--7ad7aba15599245fa0fb913630b086d1aa26f1d8
      User-Agent: 
      - Faraday v0.8.7
      Accept: 
      - "*/*"
  response: 
    status: 
      code: 404
      message: "Not Found "
    headers: 
      X-Runtime: 
      - "0.012536"
      Date: 
      - Mon, 06 May 2013 17:11:51 GMT
      Content-Length: 
      - "78"
      Server: 
      - WEBrick/1.3.1 (Ruby/1.9.3/2012-11-10)
      Connection: 
      - Keep-Alive
      Cache-Control: 
      - no-cache
      X-Request-Id: 
      - 94bafa04ca4bdb3b8c7edece3de4d8d6
      Content-Type: 
      - application/json; charset=utf-8
      X-Ua-Compatible: 
      - IE=Edge
    body: 
      string: "{\"error\":{\"base\":\"not found: Couldn't find Catalog with id=154\"},\"status\":404}"
    http_version: 
  recorded_at: Mon, 06 May 2013 17:11:51 GMT
- request: 
    method: delete
    uri: http://localhost:3000/v1/catalogs/154.json
    body: 
      string: "{\"error\":{\"base\":\"not found: Couldn't find Catalog with id=154\"},\"status\":404}"
    headers: 
      Cookie: 
      - _session_id=BAh7B0kiD3Nlc3Npb25faWQGOgZFRkkiJTg1MmY1ZjA4MWEyNmVkYjFjZWVkOGUxMTI0M2NmMDIxBjsAVEkiGXdhcmRlbi51c2VyLnVzZXIua2V5BjsAVFsISSIJVXNlcgY7AEZbBmkGSSIiJDJhJDEwJGJYcVFsUHZpdnhSWnhUcE1TOHQ1cnUGOwBU--7ad7aba15599245fa0fb913630b086d1aa26f1d8
      User-Agent: 
      - Faraday v0.8.7
      Accept: 
      - "*/*"
  response: 
    status: 
      code: 404
      message: "Not Found "
    headers: 
      X-Runtime: 
      - "0.012952"
      Date: 
      - Mon, 06 May 2013 17:11:51 GMT
      Content-Length: 
      - "78"
      Server: 
      - WEBrick/1.3.1 (Ruby/1.9.3/2012-11-10)
      Connection: 
      - Keep-Alive
      Cache-Control: 
      - no-cache
      X-Request-Id: 
      - dd412a26579a1b8512f5ace21d2fe429
      Content-Type: 
      - application/json; charset=utf-8
      X-Ua-Compatible: 
      - IE=Edge
    body: 
      string: "{\"error\":{\"base\":\"not found: Couldn't find Catalog with id=154\"},\"status\":404}"
    http_version: 
  recorded_at: Mon, 06 May 2013 17:11:51 GMT
- request: 
    method: delete
    uri: http://localhost:3000/v1/catalogs/154.json
    body: 
      string: "{\"error\":{\"base\":\"not found: Couldn't find Catalog with id=154\"},\"status\":404}"
    headers: 
      Cookie: 
      - _session_id=BAh7B0kiD3Nlc3Npb25faWQGOgZFRkkiJTg1MmY1ZjA4MWEyNmVkYjFjZWVkOGUxMTI0M2NmMDIxBjsAVEkiGXdhcmRlbi51c2VyLnVzZXIua2V5BjsAVFsISSIJVXNlcgY7AEZbBmkGSSIiJDJhJDEwJGJYcVFsUHZpdnhSWnhUcE1TOHQ1cnUGOwBU--7ad7aba15599245fa0fb913630b086d1aa26f1d8
      User-Agent: 
      - Faraday v0.8.7
      Accept: 
      - "*/*"
  response: 
    status: 
      code: 404
      message: "Not Found "
    headers: 
      X-Runtime: 
      - "0.013386"
      Date: 
      - Mon, 06 May 2013 17:11:51 GMT
      Content-Length: 
      - "78"
      Server: 
      - WEBrick/1.3.1 (Ruby/1.9.3/2012-11-10)
      Connection: 
      - Keep-Alive
      Cache-Control: 
      - no-cache
      X-Request-Id: 
      - 269e913a8e5fa4550754182f55ccc931
      Content-Type: 
      - application/json; charset=utf-8
      X-Ua-Compatible: 
      - IE=Edge
    body: 
      string: "{\"error\":{\"base\":\"not found: Couldn't find Catalog with id=154\"},\"status\":404}"
    http_version: 
  recorded_at: Mon, 06 May 2013 17:11:51 GMT
- request: 
    method: delete
    uri: http://localhost:3000/v1/catalogs/154.json
    body: 
      string: "{\"error\":{\"base\":\"not found: Couldn't find Catalog with id=154\"},\"status\":404}"
    headers: 
      Cookie: 
      - _session_id=BAh7B0kiD3Nlc3Npb25faWQGOgZFRkkiJTg1MmY1ZjA4MWEyNmVkYjFjZWVkOGUxMTI0M2NmMDIxBjsAVEkiGXdhcmRlbi51c2VyLnVzZXIua2V5BjsAVFsISSIJVXNlcgY7AEZbBmkGSSIiJDJhJDEwJGJYcVFsUHZpdnhSWnhUcE1TOHQ1cnUGOwBU--7ad7aba15599245fa0fb913630b086d1aa26f1d8
      User-Agent: 
      - Faraday v0.8.7
      Accept: 
      - "*/*"
  response: 
    status: 
      code: 404
      message: "Not Found "
    headers: 
      X-Runtime: 
      - "0.012418"
      Date: 
      - Mon, 06 May 2013 17:11:51 GMT
      Content-Length: 
      - "78"
      Server: 
      - WEBrick/1.3.1 (Ruby/1.9.3/2012-11-10)
      Connection: 
      - Keep-Alive
      Cache-Control: 
      - no-cache
      X-Request-Id: 
      - 67c8ec4da225f387c74233fc2147923f
      Content-Type: 
      - application/json; charset=utf-8
      X-Ua-Compatible: 
      - IE=Edge
    body: 
      string: "{\"error\":{\"base\":\"not found: Couldn't find Catalog with id=154\"},\"status\":404}"
    http_version: 
  recorded_at: Mon, 06 May 2013 17:11:51 GMT
- request: 
    method: delete
    uri: http://localhost:3000/v1/catalogs/154.json
    body: 
      string: "{\"error\":{\"base\":\"not found: Couldn't find Catalog with id=154\"},\"status\":404}"
    headers: 
      Cookie: 
      - _session_id=BAh7B0kiD3Nlc3Npb25faWQGOgZFRkkiJTg1MmY1ZjA4MWEyNmVkYjFjZWVkOGUxMTI0M2NmMDIxBjsAVEkiGXdhcmRlbi51c2VyLnVzZXIua2V5BjsAVFsISSIJVXNlcgY7AEZbBmkGSSIiJDJhJDEwJGJYcVFsUHZpdnhSWnhUcE1TOHQ1cnUGOwBU--7ad7aba15599245fa0fb913630b086d1aa26f1d8
      User-Agent: 
      - Faraday v0.8.7
      Accept: 
      - "*/*"
  response: 
    status: 
      code: 404
      message: "Not Found "
    headers: 
      X-Runtime: 
      - "0.014160"
      Date: 
      - Mon, 06 May 2013 17:11:51 GMT
      Content-Length: 
      - "78"
      Server: 
      - WEBrick/1.3.1 (Ruby/1.9.3/2012-11-10)
      Connection: 
      - Keep-Alive
      Cache-Control: 
      - no-cache
      X-Request-Id: 
      - 5a7b30badb101c7a8c3415e4f898aba8
      Content-Type: 
      - application/json; charset=utf-8
      X-Ua-Compatible: 
      - IE=Edge
    body: 
      string: "{\"error\":{\"base\":\"not found: Couldn't find Catalog with id=154\"},\"status\":404}"
    http_version: 
  recorded_at: Mon, 06 May 2013 17:11:51 GMT
- request: 
    method: delete
    uri: http://localhost:3000/v1/catalogs/154.json
    body: 
      string: "{\"error\":{\"base\":\"not found: Couldn't find Catalog with id=154\"},\"status\":404}"
    headers: 
      Cookie: 
      - _session_id=BAh7B0kiD3Nlc3Npb25faWQGOgZFRkkiJTg1MmY1ZjA4MWEyNmVkYjFjZWVkOGUxMTI0M2NmMDIxBjsAVEkiGXdhcmRlbi51c2VyLnVzZXIua2V5BjsAVFsISSIJVXNlcgY7AEZbBmkGSSIiJDJhJDEwJGJYcVFsUHZpdnhSWnhUcE1TOHQ1cnUGOwBU--7ad7aba15599245fa0fb913630b086d1aa26f1d8
      User-Agent: 
      - Faraday v0.8.7
      Accept: 
      - "*/*"
  response: 
    status: 
      code: 404
      message: "Not Found "
    headers: 
      X-Runtime: 
      - "0.013119"
      Date: 
      - Mon, 06 May 2013 17:11:51 GMT
      Content-Length: 
      - "78"
      Server: 
      - WEBrick/1.3.1 (Ruby/1.9.3/2012-11-10)
      Connection: 
      - Keep-Alive
      Cache-Control: 
      - no-cache
      X-Request-Id: 
      - 7c0578a67521ebf14a4c72c5a8ce0d55
      Content-Type: 
      - application/json; charset=utf-8
      X-Ua-Compatible: 
      - IE=Edge
    body: 
      string: "{\"error\":{\"base\":\"not found: Couldn't find Catalog with id=154\"},\"status\":404}"
    http_version: 
  recorded_at: Mon, 06 May 2013 17:11:51 GMT
