---
http_interactions:
- request:
    method: post
    uri: http://localhost:3000/users/session.json
    body:
      encoding: UTF-8
      string: ! '{"email":"admin@goodguide.com","password":"password"}'
    headers:
      User-Agent:
      - Faraday v0.8.6
      Content-Type:
      - application/json
      Accept:
      - ! '*/*'
  response:
    status:
      code: 201
      message: ! 'Created '
    headers:
      Location:
      - http://localhost:3000/
      Content-Type:
      - application/json; charset=utf-8
      X-Ua-Compatible:
      - IE=Edge,chrome=1
      Etag:
      - ! '"75131a408ec889e352cb0fb4a6e7c2e2"'
      Cache-Control:
      - max-age=0, private, must-revalidate
      X-Request-Id:
      - c5f3767e89da6a8a71b516bdd145c882
      X-Runtime:
      - '0.010947'
      Server:
      - WEBrick/1.3.1 (Ruby/1.9.2/2012-04-20)
      Date:
      - Tue, 05 Mar 2013 01:22:00 GMT
      Content-Length:
      - '525'
      Connection:
      - Keep-Alive
      Set-Cookie:
      - _session_id=BAh7B0kiD3Nlc3Npb25faWQGOgZFRkkiJTIxODdjZTQ5YWZmYzk0MjYxYjJjMjg3ZjkyMWU1YzNmBjsAVEkiGXdhcmRlbi51c2VyLnVzZXIua2V5BjsAVFsISSIJVXNlcgY7AEZbBmkGSSIiJDJhJDA0JE5JbVFTMlBBeEFvZGRJbzFSck8wc08GOwBU--78db96c66f8f9c464b27dcfce87a5ff2ca185871;
        path=/; HttpOnly
    body:
      encoding: US-ASCII
      string: ! '{"account_id":1,"created_at":"2013-03-04T21:11:48Z","email":"admin@goodguide.com","first_name":null,"id":1,"invitation_accepted_at":null,"invitation_limit":null,"invitation_sent_at":null,"invitation_token":null,"invited_by_id":null,"invited_by_type":null,"last_name":null,"updated_at":"2013-03-04T21:11:48Z","account_name":"GoodGuide","roles":[{"created_at":"2013-03-04T21:11:48Z","name":"superuser","resource_id":null,"resource_type":null,"updated_at":"2013-03-04T21:11:48Z","description":"superuser","resource_name":null}]}'
    http_version: !!null 
  recorded_at: Tue, 05 Mar 2013 01:22:00 GMT
- request:
    method: post
    uri: http://localhost:3000/v1/catalogs.json
    body:
      encoding: UTF-8
      string: ! '{"name":"test","description":"test_catalog"}'
    headers:
      User-Agent:
      - Faraday v0.8.6
      Cookie:
      - _session_id=BAh7B0kiD3Nlc3Npb25faWQGOgZFRkkiJTIxODdjZTQ5YWZmYzk0MjYxYjJjMjg3ZjkyMWU1YzNmBjsAVEkiGXdhcmRlbi51c2VyLnVzZXIua2V5BjsAVFsISSIJVXNlcgY7AEZbBmkGSSIiJDJhJDA0JE5JbVFTMlBBeEFvZGRJbzFSck8wc08GOwBU--78db96c66f8f9c464b27dcfce87a5ff2ca185871
      Content-Type:
      - application/json
      Accept:
      - ! '*/*'
  response:
    status:
      code: 201
      message: ! 'Created '
    headers:
      Location:
      - http://localhost:3000/v1/catalogs/599
      Content-Type:
      - application/json; charset=utf-8
      X-Ua-Compatible:
      - IE=Edge,chrome=1
      Etag:
      - ! '"d99e2485b566cc3dbe8614fd70c3db6d"'
      Cache-Control:
      - max-age=0, private, must-revalidate
      X-Request-Id:
      - 125297c87b395362b3bc7b7eb5935f3f
      X-Runtime:
      - '0.075605'
      Server:
      - WEBrick/1.3.1 (Ruby/1.9.2/2012-04-20)
      Date:
      - Tue, 05 Mar 2013 01:22:00 GMT
      Content-Length:
      - '154'
      Connection:
      - Keep-Alive
    body:
      encoding: US-ASCII
      string: ! '{"created_at":"2013-03-05T01:22:00Z","description":"test_catalog","id":599,"name":"test","options":{"image_src":null},"updated_at":"2013-03-05T01:22:00Z"}'
    http_version: !!null 
  recorded_at: Tue, 05 Mar 2013 01:22:00 GMT
- request:
    method: get
    uri: http://localhost:3000/v1/catalogs.json
    body:
      encoding: US-ASCII
      string: ''
    headers:
      User-Agent:
      - Faraday v0.8.6
      Cookie:
      - _session_id=BAh7B0kiD3Nlc3Npb25faWQGOgZFRkkiJTIxODdjZTQ5YWZmYzk0MjYxYjJjMjg3ZjkyMWU1YzNmBjsAVEkiGXdhcmRlbi51c2VyLnVzZXIua2V5BjsAVFsISSIJVXNlcgY7AEZbBmkGSSIiJDJhJDA0JE5JbVFTMlBBeEFvZGRJbzFSck8wc08GOwBU--78db96c66f8f9c464b27dcfce87a5ff2ca185871
      Accept-Encoding:
      - gzip;q=1.0,deflate;q=0.6,identity;q=0.3
      Accept:
      - ! '*/*'
  response:
    status:
      code: 200
      message: ! 'OK '
    headers:
      Content-Type:
      - application/json; charset=utf-8
      X-Ua-Compatible:
      - IE=Edge,chrome=1
      Etag:
      - ! '"9d30457db76ebea1681eaf9ab8158e62"'
      Cache-Control:
      - max-age=0, private, must-revalidate
      X-Request-Id:
      - c325bc50ed65c8ce948e49fa827eaae7
      X-Runtime:
      - '0.039002'
      Server:
      - WEBrick/1.3.1 (Ruby/1.9.2/2012-04-20)
      Date:
      - Tue, 05 Mar 2013 01:22:00 GMT
      Content-Length:
      - '406'
      Connection:
      - Keep-Alive
    body:
      encoding: US-ASCII
      string: ! '[{"created_at":"2013-03-04T21:11:48Z","description":"GoodGuide catalog","id":1,"name":"GoodGuide","options":{"image_src":null},"updated_at":"2013-03-04T21:11:48Z","entity_types":["Category","Company","Brand","Product","Ingredient"]},{"created_at":"2013-03-05T01:22:00Z","description":"test_catalog","id":599,"name":"test","options":{"image_src":null},"updated_at":"2013-03-05T01:22:00Z","entity_types":[]}]'
    http_version: !!null 
  recorded_at: Tue, 05 Mar 2013 01:22:00 GMT
- request:
    method: delete
    uri: http://localhost:3000/v1/catalogs/599.json
    body:
      encoding: US-ASCII
      string: ''
    headers:
      User-Agent:
      - Faraday v0.8.6
      Cookie:
      - _session_id=BAh7B0kiD3Nlc3Npb25faWQGOgZFRkkiJTIxODdjZTQ5YWZmYzk0MjYxYjJjMjg3ZjkyMWU1YzNmBjsAVEkiGXdhcmRlbi51c2VyLnVzZXIua2V5BjsAVFsISSIJVXNlcgY7AEZbBmkGSSIiJDJhJDA0JE5JbVFTMlBBeEFvZGRJbzFSck8wc08GOwBU--78db96c66f8f9c464b27dcfce87a5ff2ca185871
      Accept:
      - ! '*/*'
  response:
    status:
      code: 204
      message: ! 'No Content '
    headers:
      X-Ua-Compatible:
      - IE=Edge,chrome=1
      Cache-Control:
      - no-cache
      X-Request-Id:
      - 4d22c45f4b96e9094a6ff0c46b0de19f
      X-Runtime:
      - '0.106157'
      Server:
      - WEBrick/1.3.1 (Ruby/1.9.2/2012-04-20)
      Date:
      - Tue, 05 Mar 2013 01:22:00 GMT
    body:
      encoding: US-ASCII
      string: ''
    http_version: !!null 
  recorded_at: Tue, 05 Mar 2013 01:22:00 GMT
recorded_with: VCR 2.4.0
