--- 
recorded_with: VCR 2.4.0
http_interactions: 
- request: 
    method: post
    uri: http://localhost:3000/users/session.json
    body: 
      string: "{\"email\":\"admin@goodguide.com\",\"password\":\"password\"}"
    headers: 
      User-Agent: 
      - Faraday v0.8.7
      Accept: 
      - "*/*"
      Content-Type: 
      - application/json
  response: 
    status: 
      code: 201
      message: "Created "
    headers: 
      X-Runtime: 
      - "0.181195"
      Etag: 
      - "\"3a1af093036dea60044d7b61fcb5e12c\""
      Date: 
      - Mon, 06 May 2013 17:12:04 GMT
      Set-Cookie: 
      - _session_id=BAh7B0kiD3Nlc3Npb25faWQGOgZFRkkiJTlmY2YxYjI2ODMxZGNkZDY4YTUyN2Q0YmQ2ZWMxMTk1BjsAVEkiGXdhcmRlbi51c2VyLnVzZXIua2V5BjsAVFsISSIJVXNlcgY7AEZbBmkGSSIiJDJhJDEwJGJYcVFsUHZpdnhSWnhUcE1TOHQ1cnUGOwBU--8378cf77e1a64dc99145becef63c443d4758bf68; path=/; HttpOnly
      Content-Length: 
      - "509"
      Server: 
      - WEBrick/1.3.1 (Ruby/1.9.3/2012-11-10)
      Connection: 
      - Keep-Alive
      Cache-Control: 
      - max-age=0, private, must-revalidate
      X-Request-Id: 
      - eabf2821380eb5d99efc53476a057b3f
      Content-Type: 
      - application/json; charset=utf-8
      Location: 
      - http://localhost:3000/
      X-Ua-Compatible: 
      - IE=Edge
    body: 
      string: "{\"account_id\":1,\"created_at\":\"2013-02-12T01:37:31Z\",\"email\":\"admin@goodguide.com\",\"first_name\":\"Admin\",\"id\":1,\"invitation_accepted_at\":null,\"invitation_limit\":null,\"invitation_sent_at\":null,\"invitation_token\":null,\"invited_by_id\":null,\"invited_by_type\":null,\"last_name\":\"User\",\"updated_at\":\"2013-05-06T17:12:04Z\",\"account_name\":\"GoodGuide\",\"roles\":[{\"created_at\":null,\"name\":\"superuser\",\"resource_id\":null,\"resource_type\":null,\"updated_at\":null,\"resource_name\":null}],\"last_sign_in_at\":\"2013-05-06T17:12:03Z\"}"
    http_version: 
  recorded_at: Mon, 06 May 2013 17:12:04 GMT
- request: 
    method: post
    uri: http://localhost:3000/v1/catalogs.json
    body: 
      string: "{\"name\":\"test\",\"description\":\"test_catalog\"}"
    headers: 
      Cookie: 
      - _session_id=BAh7B0kiD3Nlc3Npb25faWQGOgZFRkkiJTlmY2YxYjI2ODMxZGNkZDY4YTUyN2Q0YmQ2ZWMxMTk1BjsAVEkiGXdhcmRlbi51c2VyLnVzZXIua2V5BjsAVFsISSIJVXNlcgY7AEZbBmkGSSIiJDJhJDEwJGJYcVFsUHZpdnhSWnhUcE1TOHQ1cnUGOwBU--8378cf77e1a64dc99145becef63c443d4758bf68
      User-Agent: 
      - Faraday v0.8.7
      Accept: 
      - "*/*"
      Content-Type: 
      - application/json
  response: 
    status: 
      code: 201
      message: "Created "
    headers: 
      X-Runtime: 
      - "0.084606"
      Etag: 
      - "\"e4f700652b5b0f0261fd702b086e7101\""
      Date: 
      - Mon, 06 May 2013 17:12:04 GMT
      Content-Length: 
      - "268"
      Server: 
      - WEBrick/1.3.1 (Ruby/1.9.3/2012-11-10)
      Connection: 
      - Keep-Alive
      Cache-Control: 
      - max-age=0, private, must-revalidate
      X-Request-Id: 
      - c6359a98b0da486cd5a0bacc4d278f33
      Content-Type: 
      - application/json; charset=utf-8
      Location: 
      - http://localhost:3000/v1/catalogs/166
      X-Ua-Compatible: 
      - IE=Edge
    body: 
      string: "{\"created_at\":\"2013-05-06T17:12:04Z\",\"description\":\"test_catalog\",\"has_entity_pages\":false,\"has_landing_page\":false,\"id\":166,\"image_src\":null,\"introduction\":null,\"name\":\"test\",\"primary_rating_field_id\":null,\"short_description\":null,\"updated_at\":\"2013-05-06T17:12:04Z\"}"
    http_version: 
  recorded_at: Mon, 06 May 2013 17:12:04 GMT
- request: 
    method: get
    uri: http://localhost:3000/v1/accounts/1.json
    body: 
      string: ""
    headers: 
      Cookie: 
      - _session_id=BAh7B0kiD3Nlc3Npb25faWQGOgZFRkkiJTlmY2YxYjI2ODMxZGNkZDY4YTUyN2Q0YmQ2ZWMxMTk1BjsAVEkiGXdhcmRlbi51c2VyLnVzZXIua2V5BjsAVFsISSIJVXNlcgY7AEZbBmkGSSIiJDJhJDEwJGJYcVFsUHZpdnhSWnhUcE1TOHQ1cnUGOwBU--8378cf77e1a64dc99145becef63c443d4758bf68
      User-Agent: 
      - Faraday v0.8.7
      Accept: 
      - "*/*"
  response: 
    status: 
      code: 200
      message: "OK "
    headers: 
      X-Runtime: 
      - "0.006388"
      Etag: 
      - "\"324913d3dd3ec9d551462328aeb1289e\""
      Date: 
      - Mon, 06 May 2013 17:12:04 GMT
      Content-Length: 
      - "99"
      Server: 
      - WEBrick/1.3.1 (Ruby/1.9.3/2012-11-10)
      Connection: 
      - Keep-Alive
      Cache-Control: 
      - max-age=0, private, must-revalidate
      X-Request-Id: 
      - d0955db53b08135f811b3017b440df3b
      Content-Type: 
      - application/json; charset=utf-8
      X-Ua-Compatible: 
      - IE=Edge
    body: 
      string: "{\"created_at\":\"2012-09-06T20:48:07Z\",\"id\":1,\"name\":\"GoodGuide\",\"updated_at\":\"2012-09-06T20:48:07Z\"}"
    http_version: 
  recorded_at: Mon, 06 May 2013 17:12:04 GMT
- request: 
    method: get
    uri: http://localhost:3000/v1/fields.json?catalog_id=166&entity_type=Product&include%5B0%5D=schema&name=name
    body: 
      string: ""
    headers: 
      Cookie: 
      - _session_id=BAh7B0kiD3Nlc3Npb25faWQGOgZFRkkiJTlmY2YxYjI2ODMxZGNkZDY4YTUyN2Q0YmQ2ZWMxMTk1BjsAVEkiGXdhcmRlbi51c2VyLnVzZXIua2V5BjsAVFsISSIJVXNlcgY7AEZbBmkGSSIiJDJhJDEwJGJYcVFsUHZpdnhSWnhUcE1TOHQ1cnUGOwBU--8378cf77e1a64dc99145becef63c443d4758bf68
      User-Agent: 
      - Faraday v0.8.7
      Accept: 
      - "*/*"
  response: 
    status: 
      code: 200
      message: "OK "
    headers: 
      X-Runtime: 
      - "0.044624"
      Etag: 
      - "\"bbeb297f258453d5439d78a42c4bccfa\""
      Date: 
      - Mon, 06 May 2013 17:12:04 GMT
      Content-Length: 
      - "553"
      Server: 
      - WEBrick/1.3.1 (Ruby/1.9.3/2012-11-10)
      Connection: 
      - Keep-Alive
      Cache-Control: 
      - max-age=0, private, must-revalidate
      X-Request-Id: 
      - 8fc5419e5329bc554eb369a9e46dc7cd
      Content-Type: 
      - application/json; charset=utf-8
      X-Ua-Compatible: 
      - IE=Edge
    body: 
      string: "[{\"allow_nil\":true,\"catalog_id\":166,\"created_at\":\"2013-05-06T17:12:04Z\",\"default_value\":null,\"enforces_uniqueness\":false,\"entity_type\":\"Product\",\"enum\":null,\"enum_titles\":null,\"group\":null,\"hint\":null,\"id\":2233,\"is_autocompleting\":false,\"is_hidden\":false,\"is_identifier\":false,\"is_list\":false,\"max_items\":null,\"min_items\":null,\"name\":\"name\",\"position\":0,\"referenced_catalog_id\":null,\"referenced_field_id\":null,\"rule\":null,\"sort\":null,\"source_field_id\":null,\"title\":\"Name\",\"updated_at\":\"2013-05-06T17:12:04Z\",\"visualization\":null,\"type\":\"IdentityField\"}]"
    http_version: 
  recorded_at: Mon, 06 May 2013 17:12:04 GMT
- request: 
    method: post
    uri: http://localhost:3000/v1/entities.json
    body: 
      string: "{\"account_id\":1,\"value_bindings\":{\"2233\":\"Name\"},\"type\":\"Product\",\"catalog_id\":166}"
    headers: 
      Cookie: 
      - _session_id=BAh7B0kiD3Nlc3Npb25faWQGOgZFRkkiJTlmY2YxYjI2ODMxZGNkZDY4YTUyN2Q0YmQ2ZWMxMTk1BjsAVEkiGXdhcmRlbi51c2VyLnVzZXIua2V5BjsAVFsISSIJVXNlcgY7AEZbBmkGSSIiJDJhJDEwJGJYcVFsUHZpdnhSWnhUcE1TOHQ1cnUGOwBU--8378cf77e1a64dc99145becef63c443d4758bf68
      User-Agent: 
      - Faraday v0.8.7
      Accept: 
      - "*/*"
      Content-Type: 
      - application/json
  response: 
    status: 
      code: 201
      message: "Created "
    headers: 
      X-Runtime: 
      - "0.144725"
      Etag: 
      - "\"0fee01094f5222c69ce6e08567b91f63\""
      Date: 
      - Mon, 06 May 2013 17:12:04 GMT
      Content-Length: 
      - "109"
      Server: 
      - WEBrick/1.3.1 (Ruby/1.9.3/2012-11-10)
      Connection: 
      - Keep-Alive
      Cache-Control: 
      - max-age=0, private, must-revalidate
      X-Request-Id: 
      - 7bd69ff4c9942ac67f3610365ffc95c0
      Content-Type: 
      - application/json; charset=utf-8
      Location: 
      - http://localhost:3000/v1/entities/189323
      X-Ua-Compatible: 
      - IE=Edge
    body: 
      string: "{\"id\":189323,\"type\":\"Product\",\"name\":\"Name\",\"value_bindings\":{\"2233\":\"Name\"},\"catalog_id\":166,\"account_id\":1}"
    http_version: 
  recorded_at: Mon, 06 May 2013 17:12:04 GMT
- request: 
    method: get
    uri: http://localhost:3000/v1/entities.json?catalog_id=166
    body: 
      string: ""
    headers: 
      Cookie: 
      - _session_id=BAh7B0kiD3Nlc3Npb25faWQGOgZFRkkiJTlmY2YxYjI2ODMxZGNkZDY4YTUyN2Q0YmQ2ZWMxMTk1BjsAVEkiGXdhcmRlbi51c2VyLnVzZXIua2V5BjsAVFsISSIJVXNlcgY7AEZbBmkGSSIiJDJhJDEwJGJYcVFsUHZpdnhSWnhUcE1TOHQ1cnUGOwBU--8378cf77e1a64dc99145becef63c443d4758bf68
      User-Agent: 
      - Faraday v0.8.7
      Accept: 
      - "*/*"
  response: 
    status: 
      code: 200
      message: "OK "
    headers: 
      X-Runtime: 
      - "0.173917"
      Etag: 
      - "\"a5a931137887e31657feff77103059db\""
      Date: 
      - Mon, 06 May 2013 17:12:04 GMT
      Content-Length: 
      - "134"
      Server: 
      - WEBrick/1.3.1 (Ruby/1.9.3/2012-11-10)
      Connection: 
      - Keep-Alive
      Cache-Control: 
      - max-age=0, private, must-revalidate
      X-Request-Id: 
      - 8af3d31335ef4af85de9598ba236f0b6
      Content-Type: 
      - application/json; charset=utf-8
      X-Ua-Compatible: 
      - IE=Edge
    body: 
      string: "{\"count\":1,\"entities\":[{\"id\":189323,\"type\":\"Product\",\"name\":\"Name\",\"value_bindings\":{\"2233\":\"Name\"},\"catalog_id\":166,\"account_id\":1}]}"
    http_version: 
  recorded_at: Mon, 06 May 2013 17:12:04 GMT
- request: 
    method: delete
    uri: http://localhost:3000/v1/catalogs/166.json
    body: 
      string: ""
    headers: 
      Cookie: 
      - _session_id=BAh7B0kiD3Nlc3Npb25faWQGOgZFRkkiJTlmY2YxYjI2ODMxZGNkZDY4YTUyN2Q0YmQ2ZWMxMTk1BjsAVEkiGXdhcmRlbi51c2VyLnVzZXIua2V5BjsAVFsISSIJVXNlcgY7AEZbBmkGSSIiJDJhJDEwJGJYcVFsUHZpdnhSWnhUcE1TOHQ1cnUGOwBU--8378cf77e1a64dc99145becef63c443d4758bf68
      User-Agent: 
      - Faraday v0.8.7
      Accept: 
      - "*/*"
  response: 
    status: 
      code: 204
      message: "No Content "
    headers: 
      X-Runtime: 
      - "0.122472"
      Date: 
      - Mon, 06 May 2013 17:12:04 GMT
      Server: 
      - WEBrick/1.3.1 (Ruby/1.9.3/2012-11-10)
      Connection: 
      - close
      Cache-Control: 
      - no-cache
      X-Request-Id: 
      - 72e4d024b425e0149f1528062d38c55d
      X-Ua-Compatible: 
      - IE=Edge
    body: 
      string: ""
    http_version: 
  recorded_at: Mon, 06 May 2013 17:12:04 GMT
