---
http_interactions:
- request:
    method: post
    uri: http://localhost:3000/users/session.json
    body:
      encoding: UTF-8
      string: ! '{"email":"admin@goodguide.com","password":"password"}'
    headers:
      User-Agent:
      - Faraday v0.8.6
      Content-Type:
      - application/json
      Accept:
      - ! '*/*'
  response:
    status:
      code: 201
      message: ! 'Created '
    headers:
      Location:
      - http://localhost:3000/
      Content-Type:
      - application/json; charset=utf-8
      X-Ua-Compatible:
      - IE=Edge,chrome=1
      Etag:
      - ! '"f68ccd4d3f2865f94cfc25cd600a5b8f"'
      Cache-Control:
      - max-age=0, private, must-revalidate
      X-Request-Id:
      - 2c81b1c5284c028ba0e33033af713a0d
      X-Runtime:
      - '0.021327'
      Server:
      - WEBrick/1.3.1 (Ruby/1.9.2/2012-04-20)
      Date:
      - Fri, 01 Mar 2013 21:57:06 GMT
      Content-Length:
      - '525'
      Connection:
      - Keep-Alive
      Set-Cookie:
      - _session_id=BAh7B0kiD3Nlc3Npb25faWQGOgZFRkkiJTIyMzljYzI5MjQ3ZjIwMzNkM2NlZmRkODNlZTI2ZDBjBjsAVEkiGXdhcmRlbi51c2VyLnVzZXIua2V5BjsAVFsISSIJVXNlcgY7AEZbBmkGSSIiJDJhJDA0JGtlZXlHUWFlNVlTVDRESUsyUFNFbU8GOwBU--eb506790c0c9dd8fb79ad2b57d763357160e188b;
        path=/; HttpOnly
    body:
      encoding: US-ASCII
      string: ! '{"account_id":1,"created_at":"2013-03-01T05:39:12Z","email":"admin@goodguide.com","first_name":null,"id":1,"invitation_accepted_at":null,"invitation_limit":null,"invitation_sent_at":null,"invitation_token":null,"invited_by_id":null,"invited_by_type":null,"last_name":null,"updated_at":"2013-03-01T05:39:12Z","account_name":"GoodGuide","roles":[{"created_at":"2013-03-01T05:39:12Z","name":"superuser","resource_id":null,"resource_type":null,"updated_at":"2013-03-01T05:39:12Z","description":"superuser","resource_name":null}]}'
    http_version: !!null 
  recorded_at: Fri, 01 Mar 2013 21:57:06 GMT
- request:
    method: post
    uri: http://localhost:3000/v1/catalogs.json
    body:
      encoding: UTF-8
      string: ! '{"name":"test","description":"test_catalog"}'
    headers:
      User-Agent:
      - Faraday v0.8.6
      Cookie:
      - _session_id=BAh7B0kiD3Nlc3Npb25faWQGOgZFRkkiJTIyMzljYzI5MjQ3ZjIwMzNkM2NlZmRkODNlZTI2ZDBjBjsAVEkiGXdhcmRlbi51c2VyLnVzZXIua2V5BjsAVFsISSIJVXNlcgY7AEZbBmkGSSIiJDJhJDA0JGtlZXlHUWFlNVlTVDRESUsyUFNFbU8GOwBU--eb506790c0c9dd8fb79ad2b57d763357160e188b
      Content-Type:
      - application/json
      Accept:
      - ! '*/*'
  response:
    status:
      code: 201
      message: ! 'Created '
    headers:
      Location:
      - http://localhost:3000/v1/catalogs/637
      Content-Type:
      - application/json; charset=utf-8
      X-Ua-Compatible:
      - IE=Edge,chrome=1
      Etag:
      - ! '"5a3a895c5956713a7742ea396524923b"'
      Cache-Control:
      - max-age=0, private, must-revalidate
      X-Request-Id:
      - 4810cbae49885cdfb9dfdfdab1ce9021
      X-Runtime:
      - '0.141868'
      Server:
      - WEBrick/1.3.1 (Ruby/1.9.2/2012-04-20)
      Date:
      - Fri, 01 Mar 2013 21:57:06 GMT
      Content-Length:
      - '154'
      Connection:
      - Keep-Alive
    body:
      encoding: US-ASCII
      string: ! '{"created_at":"2013-03-01T21:57:06Z","description":"test_catalog","id":637,"name":"test","options":{"image_src":null},"updated_at":"2013-03-01T21:57:06Z"}'
    http_version: !!null 
  recorded_at: Fri, 01 Mar 2013 21:57:06 GMT
- request:
    method: post
    uri: http://localhost:3000/v1/attrs.json
    body:
      encoding: UTF-8
      string: ! '{"name":"test1","type":"IntegerAttr","entity_type":"Product","catalog_id":637}'
    headers:
      User-Agent:
      - Faraday v0.8.6
      Cookie:
      - _session_id=BAh7B0kiD3Nlc3Npb25faWQGOgZFRkkiJTIyMzljYzI5MjQ3ZjIwMzNkM2NlZmRkODNlZTI2ZDBjBjsAVEkiGXdhcmRlbi51c2VyLnVzZXIua2V5BjsAVFsISSIJVXNlcgY7AEZbBmkGSSIiJDJhJDA0JGtlZXlHUWFlNVlTVDRESUsyUFNFbU8GOwBU--eb506790c0c9dd8fb79ad2b57d763357160e188b
      Content-Type:
      - application/json
      Accept:
      - ! '*/*'
  response:
    status:
      code: 201
      message: ! 'Created '
    headers:
      Location:
      - http://localhost:3000/v1/attrs/3465
      Content-Type:
      - application/json; charset=utf-8
      X-Ua-Compatible:
      - IE=Edge,chrome=1
      Etag:
      - ! '"1c6f7811edabbf56d79e4084fcbacf00"'
      Cache-Control:
      - max-age=0, private, must-revalidate
      X-Request-Id:
      - eff827f4dc7a68269a17565c9280a16a
      X-Runtime:
      - '0.029262'
      Server:
      - WEBrick/1.3.1 (Ruby/1.9.2/2012-04-20)
      Date:
      - Fri, 01 Mar 2013 21:57:06 GMT
      Content-Length:
      - '439'
      Connection:
      - Keep-Alive
    body:
      encoding: US-ASCII
      string: ! '{"catalog_id":637,"created_at":"2013-03-01T21:57:06Z","entity_type":"Product","id":3465,"name":"test1","options":{"enum":null,"list":false,"allow_nil":true,"default_value":null,"min_items":null,"max_items":null,"unique_items":null,"referenced_catalog_id":null,"referenced_attr_id":null,"source_attr_id":null,"sort":null,"position":null,"hide":false,"title":null,"enum_titles":null},"updated_at":"2013-03-01T21:57:06Z","type":"IntegerAttr"}'
    http_version: !!null 
  recorded_at: Fri, 01 Mar 2013 21:57:06 GMT
- request:
    method: post
    uri: http://localhost:3000/v1/attrs.json
    body:
      encoding: UTF-8
      string: ! '{"name":"test2","type":"StringAttr","entity_type":"Brand","catalog_id":637}'
    headers:
      User-Agent:
      - Faraday v0.8.6
      Cookie:
      - _session_id=BAh7B0kiD3Nlc3Npb25faWQGOgZFRkkiJTIyMzljYzI5MjQ3ZjIwMzNkM2NlZmRkODNlZTI2ZDBjBjsAVEkiGXdhcmRlbi51c2VyLnVzZXIua2V5BjsAVFsISSIJVXNlcgY7AEZbBmkGSSIiJDJhJDA0JGtlZXlHUWFlNVlTVDRESUsyUFNFbU8GOwBU--eb506790c0c9dd8fb79ad2b57d763357160e188b
      Content-Type:
      - application/json
      Accept:
      - ! '*/*'
  response:
    status:
      code: 201
      message: ! 'Created '
    headers:
      Location:
      - http://localhost:3000/v1/attrs/3466
      Content-Type:
      - application/json; charset=utf-8
      X-Ua-Compatible:
      - IE=Edge,chrome=1
      Etag:
      - ! '"260aec2dcc157b328f890cb105cedd76"'
      Cache-Control:
      - max-age=0, private, must-revalidate
      X-Request-Id:
      - 385b3083c7874155e78ab03e8e63768a
      X-Runtime:
      - '0.036440'
      Server:
      - WEBrick/1.3.1 (Ruby/1.9.2/2012-04-20)
      Date:
      - Fri, 01 Mar 2013 21:57:06 GMT
      Content-Length:
      - '436'
      Connection:
      - Keep-Alive
    body:
      encoding: US-ASCII
      string: ! '{"catalog_id":637,"created_at":"2013-03-01T21:57:06Z","entity_type":"Brand","id":3466,"name":"test2","options":{"enum":null,"list":false,"allow_nil":true,"default_value":null,"min_items":null,"max_items":null,"unique_items":null,"referenced_catalog_id":null,"referenced_attr_id":null,"source_attr_id":null,"sort":null,"position":null,"hide":false,"title":null,"enum_titles":null},"updated_at":"2013-03-01T21:57:06Z","type":"StringAttr"}'
    http_version: !!null 
  recorded_at: Fri, 01 Mar 2013 21:57:06 GMT
- request:
    method: get
    uri: http://localhost:3000/v1/attrs.json?include%5B0%5D=schema
    body:
      encoding: US-ASCII
      string: ''
    headers:
      User-Agent:
      - Faraday v0.8.6
      Cookie:
      - _session_id=BAh7B0kiD3Nlc3Npb25faWQGOgZFRkkiJTIyMzljYzI5MjQ3ZjIwMzNkM2NlZmRkODNlZTI2ZDBjBjsAVEkiGXdhcmRlbi51c2VyLnVzZXIua2V5BjsAVFsISSIJVXNlcgY7AEZbBmkGSSIiJDJhJDA0JGtlZXlHUWFlNVlTVDRESUsyUFNFbU8GOwBU--eb506790c0c9dd8fb79ad2b57d763357160e188b
      Accept-Encoding:
      - gzip;q=1.0,deflate;q=0.6,identity;q=0.3
      Accept:
      - ! '*/*'
  response:
    status:
      code: 200
      message: ! 'OK '
    headers:
      Content-Type:
      - application/json; charset=utf-8
      X-Ua-Compatible:
      - IE=Edge,chrome=1
      Etag:
      - ! '"9730a3467809853b4541149ed5e7453a"'
      Cache-Control:
      - max-age=0, private, must-revalidate
      X-Request-Id:
      - 5efdcf00511924305804b2a062d694ea
      X-Runtime:
      - '0.045216'
      Server:
      - WEBrick/1.3.1 (Ruby/1.9.2/2012-04-20)
      Date:
      - Fri, 01 Mar 2013 21:57:06 GMT
      Content-Length:
      - '5247'
      Connection:
      - Keep-Alive
    body:
      encoding: US-ASCII
      string: ! '[{"catalog_id":1,"created_at":"2013-03-01T05:39:12Z","entity_type":"Category","id":1,"name":"name","options":{"enum":null,"list":false,"allow_nil":true,"default_value":null,"min_items":null,"max_items":null,"unique_items":null,"referenced_catalog_id":null,"referenced_attr_id":null,"source_attr_id":null,"sort":null,"position":0,"hide":false,"title":"Name","enum_titles":null},"updated_at":"2013-03-01T05:39:12Z","type":"IdentityAttr"},{"catalog_id":1,"created_at":"2013-03-01T05:39:12Z","entity_type":"Company","id":2,"name":"name","options":{"enum":null,"list":false,"allow_nil":true,"default_value":null,"min_items":null,"max_items":null,"unique_items":null,"referenced_catalog_id":null,"referenced_attr_id":null,"source_attr_id":null,"sort":null,"position":0,"hide":false,"title":"Name","enum_titles":null},"updated_at":"2013-03-01T05:39:12Z","type":"IdentityAttr"},{"catalog_id":1,"created_at":"2013-03-01T05:39:12Z","entity_type":"Brand","id":3,"name":"name","options":{"enum":null,"list":false,"allow_nil":true,"default_value":null,"min_items":null,"max_items":null,"unique_items":null,"referenced_catalog_id":null,"referenced_attr_id":null,"source_attr_id":null,"sort":null,"position":0,"hide":false,"title":"Name","enum_titles":null},"updated_at":"2013-03-01T05:39:12Z","type":"IdentityAttr"},{"catalog_id":1,"created_at":"2013-03-01T05:39:12Z","entity_type":"Product","id":4,"name":"name","options":{"enum":null,"list":false,"allow_nil":true,"default_value":null,"min_items":null,"max_items":null,"unique_items":null,"referenced_catalog_id":null,"referenced_attr_id":null,"source_attr_id":null,"sort":null,"position":0,"hide":false,"title":"Name","enum_titles":null},"updated_at":"2013-03-01T05:39:12Z","type":"IdentityAttr"},{"catalog_id":1,"created_at":"2013-03-01T05:39:12Z","entity_type":"Ingredient","id":5,"name":"name","options":{"enum":null,"list":false,"allow_nil":true,"default_value":null,"min_items":null,"max_items":null,"unique_items":null,"referenced_catalog_id":null,"referenced_attr_id":null,"source_attr_id":null,"sort":null,"position":0,"hide":false,"title":"Name","enum_titles":null},"updated_at":"2013-03-01T05:39:12Z","type":"IdentityAttr"},{"catalog_id":637,"created_at":"2013-03-01T21:57:06Z","entity_type":"Category","id":3460,"name":"name","options":{"enum":null,"list":false,"allow_nil":true,"default_value":null,"min_items":null,"max_items":null,"unique_items":null,"referenced_catalog_id":null,"referenced_attr_id":null,"source_attr_id":null,"sort":null,"position":0,"hide":false,"title":"Name","enum_titles":null},"updated_at":"2013-03-01T21:57:06Z","type":"IdentityAttr"},{"catalog_id":637,"created_at":"2013-03-01T21:57:06Z","entity_type":"Company","id":3461,"name":"name","options":{"enum":null,"list":false,"allow_nil":true,"default_value":null,"min_items":null,"max_items":null,"unique_items":null,"referenced_catalog_id":null,"referenced_attr_id":null,"source_attr_id":null,"sort":null,"position":0,"hide":false,"title":"Name","enum_titles":null},"updated_at":"2013-03-01T21:57:06Z","type":"IdentityAttr"},{"catalog_id":637,"created_at":"2013-03-01T21:57:06Z","entity_type":"Brand","id":3462,"name":"name","options":{"enum":null,"list":false,"allow_nil":true,"default_value":null,"min_items":null,"max_items":null,"unique_items":null,"referenced_catalog_id":null,"referenced_attr_id":null,"source_attr_id":null,"sort":null,"position":0,"hide":false,"title":"Name","enum_titles":null},"updated_at":"2013-03-01T21:57:06Z","type":"IdentityAttr"},{"catalog_id":637,"created_at":"2013-03-01T21:57:06Z","entity_type":"Product","id":3463,"name":"name","options":{"enum":null,"list":false,"allow_nil":true,"default_value":null,"min_items":null,"max_items":null,"unique_items":null,"referenced_catalog_id":null,"referenced_attr_id":null,"source_attr_id":null,"sort":null,"position":0,"hide":false,"title":"Name","enum_titles":null},"updated_at":"2013-03-01T21:57:06Z","type":"IdentityAttr"},{"catalog_id":637,"created_at":"2013-03-01T21:57:06Z","entity_type":"Ingredient","id":3464,"name":"name","options":{"enum":null,"list":false,"allow_nil":true,"default_value":null,"min_items":null,"max_items":null,"unique_items":null,"referenced_catalog_id":null,"referenced_attr_id":null,"source_attr_id":null,"sort":null,"position":0,"hide":false,"title":"Name","enum_titles":null},"updated_at":"2013-03-01T21:57:06Z","type":"IdentityAttr"},{"catalog_id":637,"created_at":"2013-03-01T21:57:06Z","entity_type":"Product","id":3465,"name":"test1","options":{"enum":null,"list":false,"allow_nil":true,"default_value":null,"min_items":null,"max_items":null,"unique_items":null,"referenced_catalog_id":null,"referenced_attr_id":null,"source_attr_id":null,"sort":null,"position":null,"hide":false,"title":null,"enum_titles":null},"updated_at":"2013-03-01T21:57:06Z","type":"IntegerAttr"},{"catalog_id":637,"created_at":"2013-03-01T21:57:06Z","entity_type":"Brand","id":3466,"name":"test2","options":{"enum":null,"list":false,"allow_nil":true,"default_value":null,"min_items":null,"max_items":null,"unique_items":null,"referenced_catalog_id":null,"referenced_attr_id":null,"source_attr_id":null,"sort":null,"position":null,"hide":false,"title":null,"enum_titles":null},"updated_at":"2013-03-01T21:57:06Z","type":"StringAttr"}]'
    http_version: !!null 
  recorded_at: Fri, 01 Mar 2013 21:57:06 GMT
- request:
    method: get
    uri: http://localhost:3000/v1/attrs.json?entity_type=Product&include%5B0%5D=schema
    body:
      encoding: US-ASCII
      string: ''
    headers:
      User-Agent:
      - Faraday v0.8.6
      Cookie:
      - _session_id=BAh7B0kiD3Nlc3Npb25faWQGOgZFRkkiJTIyMzljYzI5MjQ3ZjIwMzNkM2NlZmRkODNlZTI2ZDBjBjsAVEkiGXdhcmRlbi51c2VyLnVzZXIua2V5BjsAVFsISSIJVXNlcgY7AEZbBmkGSSIiJDJhJDA0JGtlZXlHUWFlNVlTVDRESUsyUFNFbU8GOwBU--eb506790c0c9dd8fb79ad2b57d763357160e188b
      Accept-Encoding:
      - gzip;q=1.0,deflate;q=0.6,identity;q=0.3
      Accept:
      - ! '*/*'
  response:
    status:
      code: 200
      message: ! 'OK '
    headers:
      Content-Type:
      - application/json; charset=utf-8
      X-Ua-Compatible:
      - IE=Edge,chrome=1
      Etag:
      - ! '"888b7b8ca6b1449724c88122107ee6e8"'
      Cache-Control:
      - max-age=0, private, must-revalidate
      X-Request-Id:
      - 422399eea94959a31f3be4838f045b67
      X-Runtime:
      - '0.026950'
      Server:
      - WEBrick/1.3.1 (Ruby/1.9.2/2012-04-20)
      Date:
      - Fri, 01 Mar 2013 21:57:06 GMT
      Content-Length:
      - '1314'
      Connection:
      - Keep-Alive
    body:
      encoding: US-ASCII
      string: ! '[{"catalog_id":1,"created_at":"2013-03-01T05:39:12Z","entity_type":"Product","id":4,"name":"name","options":{"enum":null,"list":false,"allow_nil":true,"default_value":null,"min_items":null,"max_items":null,"unique_items":null,"referenced_catalog_id":null,"referenced_attr_id":null,"source_attr_id":null,"sort":null,"position":0,"hide":false,"title":"Name","enum_titles":null},"updated_at":"2013-03-01T05:39:12Z","type":"IdentityAttr"},{"catalog_id":637,"created_at":"2013-03-01T21:57:06Z","entity_type":"Product","id":3463,"name":"name","options":{"enum":null,"list":false,"allow_nil":true,"default_value":null,"min_items":null,"max_items":null,"unique_items":null,"referenced_catalog_id":null,"referenced_attr_id":null,"source_attr_id":null,"sort":null,"position":0,"hide":false,"title":"Name","enum_titles":null},"updated_at":"2013-03-01T21:57:06Z","type":"IdentityAttr"},{"catalog_id":637,"created_at":"2013-03-01T21:57:06Z","entity_type":"Product","id":3465,"name":"test1","options":{"enum":null,"list":false,"allow_nil":true,"default_value":null,"min_items":null,"max_items":null,"unique_items":null,"referenced_catalog_id":null,"referenced_attr_id":null,"source_attr_id":null,"sort":null,"position":null,"hide":false,"title":null,"enum_titles":null},"updated_at":"2013-03-01T21:57:06Z","type":"IntegerAttr"}]'
    http_version: !!null 
  recorded_at: Fri, 01 Mar 2013 21:57:06 GMT
- request:
    method: get
    uri: http://localhost:3000/v1/attrs.json?include%5B0%5D=schema&type=StringAttr
    body:
      encoding: US-ASCII
      string: ''
    headers:
      User-Agent:
      - Faraday v0.8.6
      Cookie:
      - _session_id=BAh7B0kiD3Nlc3Npb25faWQGOgZFRkkiJTIyMzljYzI5MjQ3ZjIwMzNkM2NlZmRkODNlZTI2ZDBjBjsAVEkiGXdhcmRlbi51c2VyLnVzZXIua2V5BjsAVFsISSIJVXNlcgY7AEZbBmkGSSIiJDJhJDA0JGtlZXlHUWFlNVlTVDRESUsyUFNFbU8GOwBU--eb506790c0c9dd8fb79ad2b57d763357160e188b
      Accept-Encoding:
      - gzip;q=1.0,deflate;q=0.6,identity;q=0.3
      Accept:
      - ! '*/*'
  response:
    status:
      code: 200
      message: ! 'OK '
    headers:
      Content-Type:
      - application/json; charset=utf-8
      X-Ua-Compatible:
      - IE=Edge,chrome=1
      Etag:
      - ! '"c31fca3e859f2799c7a3ddcf381195aa"'
      Cache-Control:
      - max-age=0, private, must-revalidate
      X-Request-Id:
      - 6675311c9eb8e3c1579dbcc564efbe68
      X-Runtime:
      - '0.026379'
      Server:
      - WEBrick/1.3.1 (Ruby/1.9.2/2012-04-20)
      Date:
      - Fri, 01 Mar 2013 21:57:06 GMT
      Content-Length:
      - '438'
      Connection:
      - Keep-Alive
    body:
      encoding: US-ASCII
      string: ! '[{"catalog_id":637,"created_at":"2013-03-01T21:57:06Z","entity_type":"Brand","id":3466,"name":"test2","options":{"enum":null,"list":false,"allow_nil":true,"default_value":null,"min_items":null,"max_items":null,"unique_items":null,"referenced_catalog_id":null,"referenced_attr_id":null,"source_attr_id":null,"sort":null,"position":null,"hide":false,"title":null,"enum_titles":null},"updated_at":"2013-03-01T21:57:06Z","type":"StringAttr"}]'
    http_version: !!null 
  recorded_at: Fri, 01 Mar 2013 21:57:06 GMT
- request:
    method: get
    uri: http://localhost:3000/v1/attrs.json?catalog_id=637&include%5B0%5D=schema
    body:
      encoding: US-ASCII
      string: ''
    headers:
      User-Agent:
      - Faraday v0.8.6
      Cookie:
      - _session_id=BAh7B0kiD3Nlc3Npb25faWQGOgZFRkkiJTIyMzljYzI5MjQ3ZjIwMzNkM2NlZmRkODNlZTI2ZDBjBjsAVEkiGXdhcmRlbi51c2VyLnVzZXIua2V5BjsAVFsISSIJVXNlcgY7AEZbBmkGSSIiJDJhJDA0JGtlZXlHUWFlNVlTVDRESUsyUFNFbU8GOwBU--eb506790c0c9dd8fb79ad2b57d763357160e188b
      Accept-Encoding:
      - gzip;q=1.0,deflate;q=0.6,identity;q=0.3
      Accept:
      - ! '*/*'
  response:
    status:
      code: 200
      message: ! 'OK '
    headers:
      Content-Type:
      - application/json; charset=utf-8
      X-Ua-Compatible:
      - IE=Edge,chrome=1
      Etag:
      - ! '"3faf31373698f75ecb45a9f52f229f5e"'
      Cache-Control:
      - max-age=0, private, must-revalidate
      X-Request-Id:
      - 6c01139a0287e619de2a33467aabf9e2
      X-Runtime:
      - '0.030078'
      Server:
      - WEBrick/1.3.1 (Ruby/1.9.2/2012-04-20)
      Date:
      - Fri, 01 Mar 2013 21:57:07 GMT
      Content-Length:
      - '3075'
      Connection:
      - Keep-Alive
    body:
      encoding: US-ASCII
      string: ! '[{"catalog_id":637,"created_at":"2013-03-01T21:57:06Z","entity_type":"Category","id":3460,"name":"name","options":{"enum":null,"list":false,"allow_nil":true,"default_value":null,"min_items":null,"max_items":null,"unique_items":null,"referenced_catalog_id":null,"referenced_attr_id":null,"source_attr_id":null,"sort":null,"position":0,"hide":false,"title":"Name","enum_titles":null},"updated_at":"2013-03-01T21:57:06Z","type":"IdentityAttr"},{"catalog_id":637,"created_at":"2013-03-01T21:57:06Z","entity_type":"Company","id":3461,"name":"name","options":{"enum":null,"list":false,"allow_nil":true,"default_value":null,"min_items":null,"max_items":null,"unique_items":null,"referenced_catalog_id":null,"referenced_attr_id":null,"source_attr_id":null,"sort":null,"position":0,"hide":false,"title":"Name","enum_titles":null},"updated_at":"2013-03-01T21:57:06Z","type":"IdentityAttr"},{"catalog_id":637,"created_at":"2013-03-01T21:57:06Z","entity_type":"Brand","id":3462,"name":"name","options":{"enum":null,"list":false,"allow_nil":true,"default_value":null,"min_items":null,"max_items":null,"unique_items":null,"referenced_catalog_id":null,"referenced_attr_id":null,"source_attr_id":null,"sort":null,"position":0,"hide":false,"title":"Name","enum_titles":null},"updated_at":"2013-03-01T21:57:06Z","type":"IdentityAttr"},{"catalog_id":637,"created_at":"2013-03-01T21:57:06Z","entity_type":"Product","id":3463,"name":"name","options":{"enum":null,"list":false,"allow_nil":true,"default_value":null,"min_items":null,"max_items":null,"unique_items":null,"referenced_catalog_id":null,"referenced_attr_id":null,"source_attr_id":null,"sort":null,"position":0,"hide":false,"title":"Name","enum_titles":null},"updated_at":"2013-03-01T21:57:06Z","type":"IdentityAttr"},{"catalog_id":637,"created_at":"2013-03-01T21:57:06Z","entity_type":"Ingredient","id":3464,"name":"name","options":{"enum":null,"list":false,"allow_nil":true,"default_value":null,"min_items":null,"max_items":null,"unique_items":null,"referenced_catalog_id":null,"referenced_attr_id":null,"source_attr_id":null,"sort":null,"position":0,"hide":false,"title":"Name","enum_titles":null},"updated_at":"2013-03-01T21:57:06Z","type":"IdentityAttr"},{"catalog_id":637,"created_at":"2013-03-01T21:57:06Z","entity_type":"Product","id":3465,"name":"test1","options":{"enum":null,"list":false,"allow_nil":true,"default_value":null,"min_items":null,"max_items":null,"unique_items":null,"referenced_catalog_id":null,"referenced_attr_id":null,"source_attr_id":null,"sort":null,"position":null,"hide":false,"title":null,"enum_titles":null},"updated_at":"2013-03-01T21:57:06Z","type":"IntegerAttr"},{"catalog_id":637,"created_at":"2013-03-01T21:57:06Z","entity_type":"Brand","id":3466,"name":"test2","options":{"enum":null,"list":false,"allow_nil":true,"default_value":null,"min_items":null,"max_items":null,"unique_items":null,"referenced_catalog_id":null,"referenced_attr_id":null,"source_attr_id":null,"sort":null,"position":null,"hide":false,"title":null,"enum_titles":null},"updated_at":"2013-03-01T21:57:06Z","type":"StringAttr"}]'
    http_version: !!null 
  recorded_at: Fri, 01 Mar 2013 21:57:07 GMT
- request:
    method: get
    uri: http://localhost:3000/v1/attrs.json?catalog_id=0&include%5B0%5D=schema
    body:
      encoding: US-ASCII
      string: ''
    headers:
      User-Agent:
      - Faraday v0.8.6
      Cookie:
      - _session_id=BAh7B0kiD3Nlc3Npb25faWQGOgZFRkkiJTIyMzljYzI5MjQ3ZjIwMzNkM2NlZmRkODNlZTI2ZDBjBjsAVEkiGXdhcmRlbi51c2VyLnVzZXIua2V5BjsAVFsISSIJVXNlcgY7AEZbBmkGSSIiJDJhJDA0JGtlZXlHUWFlNVlTVDRESUsyUFNFbU8GOwBU--eb506790c0c9dd8fb79ad2b57d763357160e188b
      Accept-Encoding:
      - gzip;q=1.0,deflate;q=0.6,identity;q=0.3
      Accept:
      - ! '*/*'
  response:
    status:
      code: 404
      message: ! 'Not Found '
    headers:
      Content-Type:
      - application/json; charset=utf-8
      X-Ua-Compatible:
      - IE=Edge,chrome=1
      Cache-Control:
      - no-cache
      X-Request-Id:
      - 109336316ca09f4e0fa59f0b44c9007b
      X-Runtime:
      - '0.008075'
      Server:
      - WEBrick/1.3.1 (Ruby/1.9.2/2012-04-20)
      Date:
      - Fri, 01 Mar 2013 21:57:07 GMT
      Content-Length:
      - '76'
      Connection:
      - Keep-Alive
    body:
      encoding: US-ASCII
      string: ! '{"error":{"base":"not found: Couldn''t find Catalog with id=0"},"status":404}'
    http_version: !!null 
  recorded_at: Fri, 01 Mar 2013 21:57:07 GMT
- request:
    method: get
    uri: http://localhost:3000/v1/attrs.json?catalog_id=637&include%5B0%5D=schema&name=test1
    body:
      encoding: US-ASCII
      string: ''
    headers:
      User-Agent:
      - Faraday v0.8.6
      Cookie:
      - _session_id=BAh7B0kiD3Nlc3Npb25faWQGOgZFRkkiJTIyMzljYzI5MjQ3ZjIwMzNkM2NlZmRkODNlZTI2ZDBjBjsAVEkiGXdhcmRlbi51c2VyLnVzZXIua2V5BjsAVFsISSIJVXNlcgY7AEZbBmkGSSIiJDJhJDA0JGtlZXlHUWFlNVlTVDRESUsyUFNFbU8GOwBU--eb506790c0c9dd8fb79ad2b57d763357160e188b
      Accept-Encoding:
      - gzip;q=1.0,deflate;q=0.6,identity;q=0.3
      Accept:
      - ! '*/*'
  response:
    status:
      code: 200
      message: ! 'OK '
    headers:
      Content-Type:
      - application/json; charset=utf-8
      X-Ua-Compatible:
      - IE=Edge,chrome=1
      Etag:
      - ! '"e70f3b1df70d2087cd86b4c197a80e08"'
      Cache-Control:
      - max-age=0, private, must-revalidate
      X-Request-Id:
      - 2976a6e61d75900605011da527017e98
      X-Runtime:
      - '0.037197'
      Server:
      - WEBrick/1.3.1 (Ruby/1.9.2/2012-04-20)
      Date:
      - Fri, 01 Mar 2013 21:57:07 GMT
      Content-Length:
      - '441'
      Connection:
      - Keep-Alive
    body:
      encoding: US-ASCII
      string: ! '[{"catalog_id":637,"created_at":"2013-03-01T21:57:06Z","entity_type":"Product","id":3465,"name":"test1","options":{"enum":null,"list":false,"allow_nil":true,"default_value":null,"min_items":null,"max_items":null,"unique_items":null,"referenced_catalog_id":null,"referenced_attr_id":null,"source_attr_id":null,"sort":null,"position":null,"hide":false,"title":null,"enum_titles":null},"updated_at":"2013-03-01T21:57:06Z","type":"IntegerAttr"}]'
    http_version: !!null 
  recorded_at: Fri, 01 Mar 2013 21:57:07 GMT
- request:
    method: get
    uri: http://localhost:3000/v1/attrs.json?entity_type=Product&include%5B0%5D=schema
    body:
      encoding: US-ASCII
      string: ''
    headers:
      User-Agent:
      - Faraday v0.8.6
      Cookie:
      - _session_id=BAh7B0kiD3Nlc3Npb25faWQGOgZFRkkiJTIyMzljYzI5MjQ3ZjIwMzNkM2NlZmRkODNlZTI2ZDBjBjsAVEkiGXdhcmRlbi51c2VyLnVzZXIua2V5BjsAVFsISSIJVXNlcgY7AEZbBmkGSSIiJDJhJDA0JGtlZXlHUWFlNVlTVDRESUsyUFNFbU8GOwBU--eb506790c0c9dd8fb79ad2b57d763357160e188b
      Accept-Encoding:
      - gzip;q=1.0,deflate;q=0.6,identity;q=0.3
      Accept:
      - ! '*/*'
  response:
    status:
      code: 200
      message: ! 'OK '
    headers:
      Content-Type:
      - application/json; charset=utf-8
      X-Ua-Compatible:
      - IE=Edge,chrome=1
      Etag:
      - ! '"888b7b8ca6b1449724c88122107ee6e8"'
      Cache-Control:
      - max-age=0, private, must-revalidate
      X-Request-Id:
      - 5fcabdb3e474719ccdbe847d64d24283
      X-Runtime:
      - '0.035751'
      Server:
      - WEBrick/1.3.1 (Ruby/1.9.2/2012-04-20)
      Date:
      - Fri, 01 Mar 2013 21:57:07 GMT
      Content-Length:
      - '1314'
      Connection:
      - Keep-Alive
    body:
      encoding: US-ASCII
      string: ! '[{"catalog_id":1,"created_at":"2013-03-01T05:39:12Z","entity_type":"Product","id":4,"name":"name","options":{"enum":null,"list":false,"allow_nil":true,"default_value":null,"min_items":null,"max_items":null,"unique_items":null,"referenced_catalog_id":null,"referenced_attr_id":null,"source_attr_id":null,"sort":null,"position":0,"hide":false,"title":"Name","enum_titles":null},"updated_at":"2013-03-01T05:39:12Z","type":"IdentityAttr"},{"catalog_id":637,"created_at":"2013-03-01T21:57:06Z","entity_type":"Product","id":3463,"name":"name","options":{"enum":null,"list":false,"allow_nil":true,"default_value":null,"min_items":null,"max_items":null,"unique_items":null,"referenced_catalog_id":null,"referenced_attr_id":null,"source_attr_id":null,"sort":null,"position":0,"hide":false,"title":"Name","enum_titles":null},"updated_at":"2013-03-01T21:57:06Z","type":"IdentityAttr"},{"catalog_id":637,"created_at":"2013-03-01T21:57:06Z","entity_type":"Product","id":3465,"name":"test1","options":{"enum":null,"list":false,"allow_nil":true,"default_value":null,"min_items":null,"max_items":null,"unique_items":null,"referenced_catalog_id":null,"referenced_attr_id":null,"source_attr_id":null,"sort":null,"position":null,"hide":false,"title":null,"enum_titles":null},"updated_at":"2013-03-01T21:57:06Z","type":"IntegerAttr"}]'
    http_version: !!null 
  recorded_at: Fri, 01 Mar 2013 21:57:07 GMT
- request:
    method: delete
    uri: http://localhost:3000/v1/catalogs/637.json
    body:
      encoding: US-ASCII
      string: ''
    headers:
      User-Agent:
      - Faraday v0.8.6
      Cookie:
      - _session_id=BAh7B0kiD3Nlc3Npb25faWQGOgZFRkkiJTIyMzljYzI5MjQ3ZjIwMzNkM2NlZmRkODNlZTI2ZDBjBjsAVEkiGXdhcmRlbi51c2VyLnVzZXIua2V5BjsAVFsISSIJVXNlcgY7AEZbBmkGSSIiJDJhJDA0JGtlZXlHUWFlNVlTVDRESUsyUFNFbU8GOwBU--eb506790c0c9dd8fb79ad2b57d763357160e188b
      Accept:
      - ! '*/*'
  response:
    status:
      code: 204
      message: ! 'No Content '
    headers:
      X-Ua-Compatible:
      - IE=Edge,chrome=1
      Cache-Control:
      - no-cache
      X-Request-Id:
      - 0b405341c36f894c011755fa8205803c
      X-Runtime:
      - '0.060850'
      Server:
      - WEBrick/1.3.1 (Ruby/1.9.2/2012-04-20)
      Date:
      - Fri, 01 Mar 2013 21:57:07 GMT
    body:
      encoding: US-ASCII
      string: ''
    http_version: !!null 
  recorded_at: Fri, 01 Mar 2013 21:57:07 GMT
recorded_with: VCR 2.4.0
