---
http_interactions:
- request:
    method: post
    uri: http://localhost:3000/users/session.json
    body:
      encoding: UTF-8
      string: ! '{"email":"admin@goodguide.com","password":"password"}'
    headers:
      User-Agent:
      - Faraday v0.8.7
      Content-Type:
      - application/json
      Accept:
      - ! '*/*'
  response:
    status:
      code: 201
      message: ! 'Created '
    headers:
      Location:
      - http://localhost:3000/
      Content-Type:
      - application/json; charset=utf-8
      X-Ua-Compatible:
      - IE=Edge,chrome=1
      Etag:
      - ! '"8a67125cb74bb649aa3211159ea7001c"'
      Cache-Control:
      - max-age=0, private, must-revalidate
      X-Request-Id:
      - ee04500693e40c461420e6b00116693f
      X-Runtime:
      - '0.023999'
      Server:
      - WEBrick/1.3.1 (Ruby/1.9.3/2012-11-10)
      Date:
      - Fri, 19 Jul 2013 00:40:23 GMT
      Content-Length:
      - '646'
      Connection:
      - Keep-Alive
      Set-Cookie:
      - _session_id=BAh7B0kiD3Nlc3Npb25faWQGOgZFRkkiJWJhNWNmY2NlYTE4NWU2N2Y3YWVkNjQzZGM2Yjg1YjUzBjsAVEkiGXdhcmRlbi51c2VyLnVzZXIua2V5BjsAVFsISSIJVXNlcgY7AEZbBmkGSSIiJDJhJDA0JDM0TTVYSkdwcHV2SC5ISi80Tks3Q08GOwBU--c43256dd7341ceda823e75f29dc3a70c52c1a2ac;
        path=/; HttpOnly
    body:
      encoding: US-ASCII
      string: ! '{"account_id":1,"created_at":"2013-07-17T21:20:35Z","email":"admin@goodguide.com","first_name":"Admin","id":1,"invitation_accepted_at":null,"invitation_limit":null,"invitation_sent_at":null,"invitation_token":null,"invited_by_id":null,"invited_by_type":null,"last_name":"Vandelay","phone":"1234567890","provider":null,"terms_of_service_accepted":null,"title":"Ruler","uid":null,"updated_at":"2013-07-19T00:40:23Z","account_name":"GoodGuide","roles":[{"created_at":"2013-07-17T21:20:35Z","name":"superuser","resource_id":null,"resource_type":null,"updated_at":"2013-07-17T21:20:35Z","resource_name":null}],"last_sign_in_at":"2013-07-19T00:40:23Z"}'
    http_version: 
  recorded_at: Fri, 19 Jul 2013 00:40:23 GMT
- request:
    method: post
    uri: http://localhost:3000/v1/catalogs.json
    body:
      encoding: UTF-8
      string: ! '{"name":"test","description":"test_catalog","entity_types":["Product","Brand"]}'
    headers:
      User-Agent:
      - Faraday v0.8.7
      Cookie:
      - _session_id=BAh7B0kiD3Nlc3Npb25faWQGOgZFRkkiJWJhNWNmY2NlYTE4NWU2N2Y3YWVkNjQzZGM2Yjg1YjUzBjsAVEkiGXdhcmRlbi51c2VyLnVzZXIua2V5BjsAVFsISSIJVXNlcgY7AEZbBmkGSSIiJDJhJDA0JDM0TTVYSkdwcHV2SC5ISi80Tks3Q08GOwBU--c43256dd7341ceda823e75f29dc3a70c52c1a2ac
      Content-Type:
      - application/json
      Accept:
      - ! '*/*'
  response:
    status:
      code: 201
      message: ! 'Created '
    headers:
      Content-Type:
      - application/json; charset=utf-8
      X-Ua-Compatible:
      - IE=Edge,chrome=1
      Etag:
      - ! '"76d582d0c0f22120c6d691cd7d67b1a6"'
      Cache-Control:
      - max-age=0, private, must-revalidate
      X-Request-Id:
      - 923cbbad36e67b52df494e3a1882de8a
      X-Runtime:
      - '0.098603'
      Server:
      - WEBrick/1.3.1 (Ruby/1.9.3/2012-11-10)
      Date:
      - Fri, 19 Jul 2013 00:40:24 GMT
      Content-Length:
      - '546'
      Connection:
      - Keep-Alive
    body:
      encoding: US-ASCII
      string: ! '{"created_at":"2013-07-19T00:40:23Z","description":"test_catalog","has_entity_pages":false,"has_landing_page":false,"id":73,"image_src":null,"introduction":null,"is_reference":null,"name":"test","primary_rating_field_id":null,"short_description":null,"slug":"test","start_action":"index","step_one_description":null,"step_one_image":null,"step_one_title":null,"step_three_description":null,"step_three_image":null,"step_three_title":null,"step_two_description":null,"step_two_image":null,"step_two_title":null,"updated_at":"2013-07-19T00:40:23Z"}'
    http_version: 
  recorded_at: Fri, 19 Jul 2013 00:40:24 GMT
- request:
    method: get
    uri: http://localhost:3000/v1/accounts/1.json
    body:
      encoding: US-ASCII
      string: ''
    headers:
      User-Agent:
      - Faraday v0.8.7
      Cookie:
      - _session_id=BAh7B0kiD3Nlc3Npb25faWQGOgZFRkkiJWJhNWNmY2NlYTE4NWU2N2Y3YWVkNjQzZGM2Yjg1YjUzBjsAVEkiGXdhcmRlbi51c2VyLnVzZXIua2V5BjsAVFsISSIJVXNlcgY7AEZbBmkGSSIiJDJhJDA0JDM0TTVYSkdwcHV2SC5ISi80Tks3Q08GOwBU--c43256dd7341ceda823e75f29dc3a70c52c1a2ac
      Accept-Encoding:
      - gzip;q=1.0,deflate;q=0.6,identity;q=0.3
      Accept:
      - ! '*/*'
  response:
    status:
      code: 200
      message: ! 'OK '
    headers:
      Content-Type:
      - application/json; charset=utf-8
      X-Ua-Compatible:
      - IE=Edge,chrome=1
      Etag:
      - ! '"c35d59ddb130a1e32c8f347a3c8e9c30"'
      Cache-Control:
      - max-age=0, private, must-revalidate
      X-Request-Id:
      - dbf2408f8013ec266199b773628d464e
      X-Runtime:
      - '0.025723'
      Server:
      - WEBrick/1.3.1 (Ruby/1.9.3/2012-11-10)
      Date:
      - Fri, 19 Jul 2013 00:40:24 GMT
      Content-Length:
      - '231'
      Connection:
      - Keep-Alive
    body:
      encoding: US-ASCII
      string: ! '{"address_city":null,"address_state":null,"address_street":null,"address_street2":null,"address_zip":null,"company_name":"GoodGuide","created_at":"2013-07-17T21:20:33Z","id":1,"name":"GoodGuide","updated_at":"2013-07-17T21:20:33Z"}'
    http_version: 
  recorded_at: Fri, 19 Jul 2013 00:40:24 GMT
- request:
    method: get
    uri: http://localhost:3000/v1/fields.json?catalog_id=73&entity_type=Product&name=name
    body:
      encoding: US-ASCII
      string: ''
    headers:
      User-Agent:
      - Faraday v0.8.7
      Cookie:
      - _session_id=BAh7B0kiD3Nlc3Npb25faWQGOgZFRkkiJWJhNWNmY2NlYTE4NWU2N2Y3YWVkNjQzZGM2Yjg1YjUzBjsAVEkiGXdhcmRlbi51c2VyLnVzZXIua2V5BjsAVFsISSIJVXNlcgY7AEZbBmkGSSIiJDJhJDA0JDM0TTVYSkdwcHV2SC5ISi80Tks3Q08GOwBU--c43256dd7341ceda823e75f29dc3a70c52c1a2ac
      Accept-Encoding:
      - gzip;q=1.0,deflate;q=0.6,identity;q=0.3
      Accept:
      - ! '*/*'
  response:
    status:
      code: 200
      message: ! 'OK '
    headers:
      Content-Type:
      - application/json; charset=utf-8
      X-Ua-Compatible:
      - IE=Edge,chrome=1
      Etag:
      - ! '"e57dabc898d7c8fb737fa6a25db4c387"'
      Cache-Control:
      - max-age=0, private, must-revalidate
      X-Request-Id:
      - c1361b1611bb2ccd39a4a74925a7dde3
      X-Runtime:
      - '0.044690'
      Server:
      - WEBrick/1.3.1 (Ruby/1.9.3/2012-11-10)
      Date:
      - Fri, 19 Jul 2013 00:40:24 GMT
      Content-Length:
      - '666'
      Connection:
      - Keep-Alive
    body:
      encoding: US-ASCII
      string: ! '[{"created_at":"2013-07-19T00:40:23Z","default_value":null,"enum":null,"enum_titles":null,"group":null,"hint":null,"id":136,"is_autocompleting":false,"is_hidden":false,"is_identifier":true,"is_list":false,"is_primary":null,"listing_id":106,"max_items":null,"max_value":null,"min_items":null,"name":"name","passing_value":null,"position":0,"proxied_attribute":null,"referenced_catalog_id":null,"referenced_entity_type":null,"referenced_field_id":null,"required":"for
        saving","rule":null,"source_field_id":null,"title":"Name","unique_items":false,"updated_at":"2013-07-19T00:40:23Z","visualization":null,"type":"IdentityField","entity_type":"Product","catalog_id":73}]'
    http_version: 
  recorded_at: Fri, 19 Jul 2013 00:40:24 GMT
- request:
    method: post
    uri: http://localhost:3000/v1/entities.json
    body:
      encoding: UTF-8
      string: ! '{"type":"Product","account_id":1,"catalog_id":73,"value_bindings":{"136":"Name"}}'
    headers:
      User-Agent:
      - Faraday v0.8.7
      Cookie:
      - _session_id=BAh7B0kiD3Nlc3Npb25faWQGOgZFRkkiJWJhNWNmY2NlYTE4NWU2N2Y3YWVkNjQzZGM2Yjg1YjUzBjsAVEkiGXdhcmRlbi51c2VyLnVzZXIua2V5BjsAVFsISSIJVXNlcgY7AEZbBmkGSSIiJDJhJDA0JDM0TTVYSkdwcHV2SC5ISi80Tks3Q08GOwBU--c43256dd7341ceda823e75f29dc3a70c52c1a2ac
      Content-Type:
      - application/json
      Accept:
      - ! '*/*'
  response:
    status:
      code: 201
      message: ! 'Created '
    headers:
      Content-Type:
      - application/json; charset=utf-8
      X-Ua-Compatible:
      - IE=Edge,chrome=1
      Etag:
      - ! '"7413f8a0970435728a0c616f2b5bed6c"'
      Cache-Control:
      - max-age=0, private, must-revalidate
      X-Request-Id:
      - 331deabd0c59137648b92ba8f651e77c
      X-Runtime:
      - '0.129240'
      Server:
      - WEBrick/1.3.1 (Ruby/1.9.3/2012-11-10)
      Date:
      - Fri, 19 Jul 2013 00:40:24 GMT
      Content-Length:
      - '431'
      Connection:
      - Keep-Alive
    body:
      encoding: US-ASCII
      string: ! '{"id":109,"type":"Product","name":"Name","catalog_id":73,"derived_sources":{},"derived_source_tree":{},"value_bindings":{"136":"Name"},"created_at":"2013-07-19T00:40:24Z","updated_at":"2013-07-19T00:40:24Z","created_by":{"user":{"id":1,"name":"Admin
        Vandelay"},"account":{"id":1,"name":"GoodGuide"}},"updated_by":{"user":{"id":1,"name":"Admin
        Vandelay"},"account":{"id":1,"name":"GoodGuide"}},"account":{"id":1,"name":"GoodGuide"}}'
    http_version: 
  recorded_at: Fri, 19 Jul 2013 00:40:24 GMT
- request:
    method: get
    uri: http://localhost:3000/v1/entities/109.json?catalog_id=73
    body:
      encoding: US-ASCII
      string: ''
    headers:
      User-Agent:
      - Faraday v0.8.7
      Cookie:
      - _session_id=BAh7B0kiD3Nlc3Npb25faWQGOgZFRkkiJWJhNWNmY2NlYTE4NWU2N2Y3YWVkNjQzZGM2Yjg1YjUzBjsAVEkiGXdhcmRlbi51c2VyLnVzZXIua2V5BjsAVFsISSIJVXNlcgY7AEZbBmkGSSIiJDJhJDA0JDM0TTVYSkdwcHV2SC5ISi80Tks3Q08GOwBU--c43256dd7341ceda823e75f29dc3a70c52c1a2ac
      Accept-Encoding:
      - gzip;q=1.0,deflate;q=0.6,identity;q=0.3
      Accept:
      - ! '*/*'
  response:
    status:
      code: 200
      message: ! 'OK '
    headers:
      Content-Type:
      - application/json; charset=utf-8
      X-Ua-Compatible:
      - IE=Edge,chrome=1
      Etag:
      - ! '"7413f8a0970435728a0c616f2b5bed6c"'
      Cache-Control:
      - max-age=0, private, must-revalidate
      X-Request-Id:
      - 56b1c115b8dfcfd6e05f7e77dc557128
      X-Runtime:
      - '0.053437'
      Server:
      - WEBrick/1.3.1 (Ruby/1.9.3/2012-11-10)
      Date:
      - Fri, 19 Jul 2013 00:40:24 GMT
      Content-Length:
      - '431'
      Connection:
      - Keep-Alive
    body:
      encoding: US-ASCII
      string: ! '{"id":109,"type":"Product","name":"Name","catalog_id":73,"derived_sources":{},"derived_source_tree":{},"value_bindings":{"136":"Name"},"created_at":"2013-07-19T00:40:24Z","updated_at":"2013-07-19T00:40:24Z","created_by":{"user":{"id":1,"name":"Admin
        Vandelay"},"account":{"id":1,"name":"GoodGuide"}},"updated_by":{"user":{"id":1,"name":"Admin
        Vandelay"},"account":{"id":1,"name":"GoodGuide"}},"account":{"id":1,"name":"GoodGuide"}}'
    http_version: 
  recorded_at: Fri, 19 Jul 2013 00:40:24 GMT
- request:
    method: delete
    uri: http://localhost:3000/v1/catalogs/73.json?created_at=2013-07-19T00:40:23Z&description=test_catalog&has_entity_pages=false&has_landing_page=false&id=73&image_src&introduction&is_reference&name=test&primary_rating_field_id&short_description&slug=test&start_action=index&step_one_description&step_one_image&step_one_title&step_three_description&step_three_image&step_three_title&step_two_description&step_two_image&step_two_title&updated_at=2013-07-19T00:40:23Z
    body:
      encoding: US-ASCII
      string: ''
    headers:
      User-Agent:
      - Faraday v0.8.7
      Cookie:
      - _session_id=BAh7B0kiD3Nlc3Npb25faWQGOgZFRkkiJWJhNWNmY2NlYTE4NWU2N2Y3YWVkNjQzZGM2Yjg1YjUzBjsAVEkiGXdhcmRlbi51c2VyLnVzZXIua2V5BjsAVFsISSIJVXNlcgY7AEZbBmkGSSIiJDJhJDA0JDM0TTVYSkdwcHV2SC5ISi80Tks3Q08GOwBU--c43256dd7341ceda823e75f29dc3a70c52c1a2ac
      Accept:
      - ! '*/*'
  response:
    status:
      code: 204
      message: ! 'No Content '
    headers:
      X-Ua-Compatible:
      - IE=Edge,chrome=1
      Cache-Control:
      - no-cache
      X-Request-Id:
      - 6ac90cfa0b43946b491e41d5e48bb68b
      X-Runtime:
      - '0.080752'
      Server:
      - WEBrick/1.3.1 (Ruby/1.9.3/2012-11-10)
      Date:
      - Fri, 19 Jul 2013 00:40:24 GMT
      Connection:
      - close
    body:
      encoding: US-ASCII
      string: ''
    http_version: 
  recorded_at: Fri, 19 Jul 2013 00:40:24 GMT
recorded_with: VCR 2.4.0
