---
http_interactions:
- request:
    method: post
    uri: http://localhost:3000/users/session.json
    body:
      encoding: UTF-8
      string: ! '{"email":"admin@goodguide.com","password":"password"}'
    headers:
      User-Agent:
      - Faraday v0.8.6
      Content-Type:
      - application/json
      Accept:
      - ! '*/*'
  response:
    status:
      code: 201
      message: ! 'Created '
    headers:
      Location:
      - http://localhost:3000/
      Content-Type:
      - application/json; charset=utf-8
      X-Ua-Compatible:
      - IE=Edge,chrome=1
      Etag:
      - ! '"f68ccd4d3f2865f94cfc25cd600a5b8f"'
      Cache-Control:
      - max-age=0, private, must-revalidate
      X-Request-Id:
      - 22f31ad1e16ad8ccea043000c0dbb3d2
      X-Runtime:
      - '0.016087'
      Server:
      - WEBrick/1.3.1 (Ruby/1.9.2/2012-04-20)
      Date:
      - Fri, 01 Mar 2013 11:50:59 GMT
      Content-Length:
      - '525'
      Connection:
      - Keep-Alive
      Set-Cookie:
      - _session_id=BAh7B0kiD3Nlc3Npb25faWQGOgZFRkkiJTBjOGY0ZGI3OTMwOTU2ODllMjk5MzExNTdjM2JjMzgwBjsAVEkiGXdhcmRlbi51c2VyLnVzZXIua2V5BjsAVFsISSIJVXNlcgY7AEZbBmkGSSIiJDJhJDA0JGtlZXlHUWFlNVlTVDRESUsyUFNFbU8GOwBU--bc1809853a1c653670996a40a8ff2a5552b67a90;
        path=/; HttpOnly
    body:
      encoding: US-ASCII
      string: ! '{"account_id":1,"created_at":"2013-03-01T05:39:12Z","email":"admin@goodguide.com","first_name":null,"id":1,"invitation_accepted_at":null,"invitation_limit":null,"invitation_sent_at":null,"invitation_token":null,"invited_by_id":null,"invited_by_type":null,"last_name":null,"updated_at":"2013-03-01T05:39:12Z","account_name":"GoodGuide","roles":[{"created_at":"2013-03-01T05:39:12Z","name":"superuser","resource_id":null,"resource_type":null,"updated_at":"2013-03-01T05:39:12Z","description":"superuser","resource_name":null}]}'
    http_version: !!null 
  recorded_at: Fri, 01 Mar 2013 11:50:59 GMT
- request:
    method: post
    uri: http://localhost:3000/v1/catalogs.json
    body:
      encoding: UTF-8
      string: ! '{"name":"test","description":"test_catalog"}'
    headers:
      User-Agent:
      - Faraday v0.8.6
      Cookie:
      - _session_id=BAh7B0kiD3Nlc3Npb25faWQGOgZFRkkiJTBjOGY0ZGI3OTMwOTU2ODllMjk5MzExNTdjM2JjMzgwBjsAVEkiGXdhcmRlbi51c2VyLnVzZXIua2V5BjsAVFsISSIJVXNlcgY7AEZbBmkGSSIiJDJhJDA0JGtlZXlHUWFlNVlTVDRESUsyUFNFbU8GOwBU--bc1809853a1c653670996a40a8ff2a5552b67a90
      Content-Type:
      - application/json
      Accept:
      - ! '*/*'
  response:
    status:
      code: 201
      message: ! 'Created '
    headers:
      Location:
      - http://localhost:3000/v1/catalogs/596
      Content-Type:
      - application/json; charset=utf-8
      X-Ua-Compatible:
      - IE=Edge,chrome=1
      Etag:
      - ! '"2aa0dedfe105a5af023e7e0b17138981"'
      Cache-Control:
      - max-age=0, private, must-revalidate
      X-Request-Id:
      - d29e7eafc2318a6f088d39bfd5112a78
      X-Runtime:
      - '0.092853'
      Server:
      - WEBrick/1.3.1 (Ruby/1.9.2/2012-04-20)
      Date:
      - Fri, 01 Mar 2013 11:50:59 GMT
      Content-Length:
      - '154'
      Connection:
      - Keep-Alive
    body:
      encoding: US-ASCII
      string: ! '{"created_at":"2013-03-01T11:50:59Z","description":"test_catalog","id":596,"name":"test","options":{"image_src":null},"updated_at":"2013-03-01T11:50:59Z"}'
    http_version: !!null 
  recorded_at: Fri, 01 Mar 2013 11:50:59 GMT
- request:
    method: post
    uri: http://localhost:3000/v1/attrs.json
    body:
      encoding: UTF-8
      string: ! '{"name":"test","type":"IntegerAttr","entity_type":"Product","catalog_id":596}'
    headers:
      User-Agent:
      - Faraday v0.8.6
      Cookie:
      - _session_id=BAh7B0kiD3Nlc3Npb25faWQGOgZFRkkiJTBjOGY0ZGI3OTMwOTU2ODllMjk5MzExNTdjM2JjMzgwBjsAVEkiGXdhcmRlbi51c2VyLnVzZXIua2V5BjsAVFsISSIJVXNlcgY7AEZbBmkGSSIiJDJhJDA0JGtlZXlHUWFlNVlTVDRESUsyUFNFbU8GOwBU--bc1809853a1c653670996a40a8ff2a5552b67a90
      Content-Type:
      - application/json
      Accept:
      - ! '*/*'
  response:
    status:
      code: 201
      message: ! 'Created '
    headers:
      Location:
      - http://localhost:3000/v1/attrs/3241
      Content-Type:
      - application/json; charset=utf-8
      X-Ua-Compatible:
      - IE=Edge,chrome=1
      Etag:
      - ! '"aab188bdd75198afc71afde03b7b3373"'
      Cache-Control:
      - max-age=0, private, must-revalidate
      X-Request-Id:
      - 7ffdc4a2d0140f298c7e0e913b88048a
      X-Runtime:
      - '0.046822'
      Server:
      - WEBrick/1.3.1 (Ruby/1.9.2/2012-04-20)
      Date:
      - Fri, 01 Mar 2013 11:50:59 GMT
      Content-Length:
      - '438'
      Connection:
      - Keep-Alive
    body:
      encoding: US-ASCII
      string: ! '{"catalog_id":596,"created_at":"2013-03-01T11:50:59Z","entity_type":"Product","id":3241,"name":"test","options":{"enum":null,"list":false,"allow_nil":true,"default_value":null,"min_items":null,"max_items":null,"unique_items":null,"referenced_catalog_id":null,"referenced_attr_id":null,"source_attr_id":null,"sort":null,"position":null,"hide":false,"title":null,"enum_titles":null},"updated_at":"2013-03-01T11:50:59Z","type":"IntegerAttr"}'
    http_version: !!null 
  recorded_at: Fri, 01 Mar 2013 11:50:59 GMT
- request:
    method: get
    uri: http://localhost:3000/v1/attrs/3241.json?include%5B0%5D=schema
    body:
      encoding: US-ASCII
      string: ''
    headers:
      User-Agent:
      - Faraday v0.8.6
      Cookie:
      - _session_id=BAh7B0kiD3Nlc3Npb25faWQGOgZFRkkiJTBjOGY0ZGI3OTMwOTU2ODllMjk5MzExNTdjM2JjMzgwBjsAVEkiGXdhcmRlbi51c2VyLnVzZXIua2V5BjsAVFsISSIJVXNlcgY7AEZbBmkGSSIiJDJhJDA0JGtlZXlHUWFlNVlTVDRESUsyUFNFbU8GOwBU--bc1809853a1c653670996a40a8ff2a5552b67a90
      Accept-Encoding:
      - gzip;q=1.0,deflate;q=0.6,identity;q=0.3
      Accept:
      - ! '*/*'
  response:
    status:
      code: 200
      message: ! 'OK '
    headers:
      Content-Type:
      - application/json; charset=utf-8
      X-Ua-Compatible:
      - IE=Edge,chrome=1
      Etag:
      - ! '"aab188bdd75198afc71afde03b7b3373"'
      Cache-Control:
      - max-age=0, private, must-revalidate
      X-Request-Id:
      - 101dddec8dffc75209924dbf6489dc92
      X-Runtime:
      - '0.024150'
      Server:
      - WEBrick/1.3.1 (Ruby/1.9.2/2012-04-20)
      Date:
      - Fri, 01 Mar 2013 11:50:59 GMT
      Content-Length:
      - '438'
      Connection:
      - Keep-Alive
    body:
      encoding: US-ASCII
      string: ! '{"catalog_id":596,"created_at":"2013-03-01T11:50:59Z","entity_type":"Product","id":3241,"name":"test","options":{"enum":null,"list":false,"allow_nil":true,"default_value":null,"min_items":null,"max_items":null,"unique_items":null,"referenced_catalog_id":null,"referenced_attr_id":null,"source_attr_id":null,"sort":null,"position":null,"hide":false,"title":null,"enum_titles":null},"updated_at":"2013-03-01T11:50:59Z","type":"IntegerAttr"}'
    http_version: !!null 
  recorded_at: Fri, 01 Mar 2013 11:50:59 GMT
- request:
    method: delete
    uri: http://localhost:3000/v1/catalogs/596.json
    body:
      encoding: US-ASCII
      string: ''
    headers:
      User-Agent:
      - Faraday v0.8.6
      Cookie:
      - _session_id=BAh7B0kiD3Nlc3Npb25faWQGOgZFRkkiJTBjOGY0ZGI3OTMwOTU2ODllMjk5MzExNTdjM2JjMzgwBjsAVEkiGXdhcmRlbi51c2VyLnVzZXIua2V5BjsAVFsISSIJVXNlcgY7AEZbBmkGSSIiJDJhJDA0JGtlZXlHUWFlNVlTVDRESUsyUFNFbU8GOwBU--bc1809853a1c653670996a40a8ff2a5552b67a90
      Accept:
      - ! '*/*'
  response:
    status:
      code: 204
      message: ! 'No Content '
    headers:
      X-Ua-Compatible:
      - IE=Edge,chrome=1
      Cache-Control:
      - no-cache
      X-Request-Id:
      - d69ae5fd7245f0ceab1451f14c2f5e2c
      X-Runtime:
      - '0.050069'
      Server:
      - WEBrick/1.3.1 (Ruby/1.9.2/2012-04-20)
      Date:
      - Fri, 01 Mar 2013 11:50:59 GMT
    body:
      encoding: US-ASCII
      string: ''
    http_version: !!null 
  recorded_at: Fri, 01 Mar 2013 11:50:59 GMT
recorded_with: VCR 2.4.0
