---
http_interactions:
- request:
    method: post
    uri: http://localhost:3000/users/session.json
    body:
      encoding: UTF-8
      string: ! '{"email":"admin@goodguide.com","password":"password"}'
    headers:
      User-Agent:
      - Faraday v0.8.7
      Content-Type:
      - application/json
      Accept:
      - ! '*/*'
  response:
    status:
      code: 201
      message: ! 'Created '
    headers:
      Location:
      - http://localhost:3000/
      Content-Type:
      - application/json; charset=utf-8
      X-Ua-Compatible:
      - IE=Edge,chrome=1
      Etag:
      - ! '"06840adf0cda8bfb21405ff7f18b3f84"'
      Cache-Control:
      - max-age=0, private, must-revalidate
      X-Request-Id:
      - 59ede262f0125a0343bb0b7c24147b7a
      X-Runtime:
      - '0.036964'
      Server:
      - WEBrick/1.3.1 (Ruby/1.9.3/2012-11-10)
      Date:
      - Fri, 19 Jul 2013 00:40:20 GMT
      Content-Length:
      - '646'
      Connection:
      - Keep-Alive
      Set-Cookie:
      - _session_id=BAh7B0kiD3Nlc3Npb25faWQGOgZFRkkiJWM2YzJjZjNlMGNmNDZjNGNiM2UwMTkwZDE5NzE1NDc3BjsAVEkiGXdhcmRlbi51c2VyLnVzZXIua2V5BjsAVFsISSIJVXNlcgY7AEZbBmkGSSIiJDJhJDA0JDM0TTVYSkdwcHV2SC5ISi80Tks3Q08GOwBU--21836ad428525edf94d03814a3d5e7b2a43ff851;
        path=/; HttpOnly
    body:
      encoding: US-ASCII
      string: ! '{"account_id":1,"created_at":"2013-07-17T21:20:35Z","email":"admin@goodguide.com","first_name":"Admin","id":1,"invitation_accepted_at":null,"invitation_limit":null,"invitation_sent_at":null,"invitation_token":null,"invited_by_id":null,"invited_by_type":null,"last_name":"Vandelay","phone":"1234567890","provider":null,"terms_of_service_accepted":null,"title":"Ruler","uid":null,"updated_at":"2013-07-19T00:40:20Z","account_name":"GoodGuide","roles":[{"created_at":"2013-07-17T21:20:35Z","name":"superuser","resource_id":null,"resource_type":null,"updated_at":"2013-07-17T21:20:35Z","resource_name":null}],"last_sign_in_at":"2013-07-19T00:40:20Z"}'
    http_version: 
  recorded_at: Fri, 19 Jul 2013 00:40:20 GMT
- request:
    method: post
    uri: http://localhost:3000/v1/accounts.json
    body:
      encoding: UTF-8
      string: ! '{"name":"test","company_name":"Acme Inc."}'
    headers:
      User-Agent:
      - Faraday v0.8.7
      Cookie:
      - _session_id=BAh7B0kiD3Nlc3Npb25faWQGOgZFRkkiJWM2YzJjZjNlMGNmNDZjNGNiM2UwMTkwZDE5NzE1NDc3BjsAVEkiGXdhcmRlbi51c2VyLnVzZXIua2V5BjsAVFsISSIJVXNlcgY7AEZbBmkGSSIiJDJhJDA0JDM0TTVYSkdwcHV2SC5ISi80Tks3Q08GOwBU--21836ad428525edf94d03814a3d5e7b2a43ff851
      Content-Type:
      - application/json
      Accept:
      - ! '*/*'
  response:
    status:
      code: 201
      message: ! 'Created '
    headers:
      Content-Type:
      - application/json; charset=utf-8
      X-Ua-Compatible:
      - IE=Edge,chrome=1
      Etag:
      - ! '"9bc9ea2831b3cec81bb22104aee7a289"'
      Cache-Control:
      - max-age=0, private, must-revalidate
      X-Request-Id:
      - d029f8c7df559a38adcaf2d402854e2e
      X-Runtime:
      - '0.122824'
      Server:
      - WEBrick/1.3.1 (Ruby/1.9.3/2012-11-10)
      Date:
      - Fri, 19 Jul 2013 00:40:20 GMT
      Content-Length:
      - '226'
      Connection:
      - Keep-Alive
    body:
      encoding: US-ASCII
      string: ! '{"address_city":null,"address_state":null,"address_street":null,"address_street2":null,"address_zip":null,"company_name":"Acme
        Inc.","created_at":"2013-07-19T00:40:20Z","id":4,"name":"test","updated_at":"2013-07-19T00:40:20Z"}'
    http_version: 
  recorded_at: Fri, 19 Jul 2013 00:40:20 GMT
- request:
    method: get
    uri: http://localhost:3000/v1/accounts/4.json
    body:
      encoding: US-ASCII
      string: ''
    headers:
      User-Agent:
      - Faraday v0.8.7
      Cookie:
      - _session_id=BAh7B0kiD3Nlc3Npb25faWQGOgZFRkkiJWM2YzJjZjNlMGNmNDZjNGNiM2UwMTkwZDE5NzE1NDc3BjsAVEkiGXdhcmRlbi51c2VyLnVzZXIua2V5BjsAVFsISSIJVXNlcgY7AEZbBmkGSSIiJDJhJDA0JDM0TTVYSkdwcHV2SC5ISi80Tks3Q08GOwBU--21836ad428525edf94d03814a3d5e7b2a43ff851
      Accept-Encoding:
      - gzip;q=1.0,deflate;q=0.6,identity;q=0.3
      Accept:
      - ! '*/*'
  response:
    status:
      code: 200
      message: ! 'OK '
    headers:
      Content-Type:
      - application/json; charset=utf-8
      X-Ua-Compatible:
      - IE=Edge,chrome=1
      Etag:
      - ! '"9bc9ea2831b3cec81bb22104aee7a289"'
      Cache-Control:
      - max-age=0, private, must-revalidate
      X-Request-Id:
      - 081637f425a702be6860b9e9ca74e38b
      X-Runtime:
      - '0.023481'
      Server:
      - WEBrick/1.3.1 (Ruby/1.9.3/2012-11-10)
      Date:
      - Fri, 19 Jul 2013 00:40:20 GMT
      Content-Length:
      - '226'
      Connection:
      - Keep-Alive
    body:
      encoding: US-ASCII
      string: ! '{"address_city":null,"address_state":null,"address_street":null,"address_street2":null,"address_zip":null,"company_name":"Acme
        Inc.","created_at":"2013-07-19T00:40:20Z","id":4,"name":"test","updated_at":"2013-07-19T00:40:20Z"}'
    http_version: 
  recorded_at: Fri, 19 Jul 2013 00:40:20 GMT
- request:
    method: delete
    uri: http://localhost:3000/v1/accounts/4.json?address_city&address_state&address_street&address_street2&address_zip&company_name=Acme%20Inc.&created_at=2013-07-19T00:40:20Z&id=4&name=test&updated_at=2013-07-19T00:40:20Z
    body:
      encoding: US-ASCII
      string: ''
    headers:
      User-Agent:
      - Faraday v0.8.7
      Cookie:
      - _session_id=BAh7B0kiD3Nlc3Npb25faWQGOgZFRkkiJWM2YzJjZjNlMGNmNDZjNGNiM2UwMTkwZDE5NzE1NDc3BjsAVEkiGXdhcmRlbi51c2VyLnVzZXIua2V5BjsAVFsISSIJVXNlcgY7AEZbBmkGSSIiJDJhJDA0JDM0TTVYSkdwcHV2SC5ISi80Tks3Q08GOwBU--21836ad428525edf94d03814a3d5e7b2a43ff851
      Accept:
      - ! '*/*'
  response:
    status:
      code: 204
      message: ! 'No Content '
    headers:
      X-Ua-Compatible:
      - IE=Edge,chrome=1
      Cache-Control:
      - no-cache
      X-Request-Id:
      - 57ee9cca82c0d0c642e16dd221bb1ac2
      X-Runtime:
      - '0.026913'
      Server:
      - WEBrick/1.3.1 (Ruby/1.9.3/2012-11-10)
      Date:
      - Fri, 19 Jul 2013 00:40:20 GMT
      Connection:
      - close
    body:
      encoding: US-ASCII
      string: ''
    http_version: 
  recorded_at: Fri, 19 Jul 2013 00:40:20 GMT
- request:
    method: get
    uri: http://localhost:3000/v1/accounts/4.json
    body:
      encoding: US-ASCII
      string: ''
    headers:
      User-Agent:
      - Faraday v0.8.7
      Cookie:
      - _session_id=BAh7B0kiD3Nlc3Npb25faWQGOgZFRkkiJWM2YzJjZjNlMGNmNDZjNGNiM2UwMTkwZDE5NzE1NDc3BjsAVEkiGXdhcmRlbi51c2VyLnVzZXIua2V5BjsAVFsISSIJVXNlcgY7AEZbBmkGSSIiJDJhJDA0JDM0TTVYSkdwcHV2SC5ISi80Tks3Q08GOwBU--21836ad428525edf94d03814a3d5e7b2a43ff851
      Accept-Encoding:
      - gzip;q=1.0,deflate;q=0.6,identity;q=0.3
      Accept:
      - ! '*/*'
  response:
    status:
      code: 404
      message: ! 'Not Found '
    headers:
      Content-Type:
      - application/json; charset=utf-8
      X-Ua-Compatible:
      - IE=Edge,chrome=1
      Cache-Control:
      - no-cache
      X-Request-Id:
      - 146acc0f965328b1c2d77377483f6be5
      X-Runtime:
      - '0.017871'
      Server:
      - WEBrick/1.3.1 (Ruby/1.9.3/2012-11-10)
      Date:
      - Fri, 19 Jul 2013 00:40:20 GMT
      Content-Length:
      - '77'
      Connection:
      - Keep-Alive
    body:
      encoding: US-ASCII
      string: ! '{"errors":{"base":"not found: Couldn''t find Account with id=4"},"status":404}'
    http_version: 
  recorded_at: Fri, 19 Jul 2013 00:40:20 GMT
recorded_with: VCR 2.4.0
