--- 
recorded_with: VCR 2.4.0
http_interactions: 
- request: 
    method: post
    uri: http://localhost:3000/users/session.json
    body: 
      string: "{\"password\":\"password\",\"email\":\"admin@goodguide.com\"}"
    headers: 
      User-Agent: 
      - Faraday v0.8.7
      Content-Type: 
      - application/json
      Accept: 
      - "*/*"
  response: 
    status: 
      code: 201
      message: "Created "
    headers: 
      Cache-Control: 
      - max-age=0, private, must-revalidate
      Connection: 
      - Keep-Alive
      Location: 
      - http://localhost:3000/
      X-Ua-Compatible: 
      - IE=Edge
      Server: 
      - WEBrick/1.3.1 (Ruby/1.9.3/2012-11-10)
      Content-Length: 
      - "571"
      Date: 
      - Mon, 01 Apr 2013 23:43:31 GMT
      Content-Type: 
      - application/json; charset=utf-8
      X-Request-Id: 
      - b6184f177bf70c29e366b318f0762265
      Set-Cookie: 
      - _session_id=BAh7B0kiD3Nlc3Npb25faWQGOgZFRkkiJTMzZjMyZWVkNmFhNWQ0MzJmNzljMTBlOWVlNjI0OWM1BjsAVEkiGXdhcmRlbi51c2VyLnVzZXIua2V5BjsAVFsISSIJVXNlcgY7AEZbBmkGSSIiJDJhJDEwJDVOMkZTQkE0TUI4Z2o4aWRseS5FZXUGOwBU--9428cd2b87af53e6d971432753669374d3d9b81d; path=/; HttpOnly
      Etag: 
      - "\"865a2f2f1172bd074c8822345e188c78\""
      X-Runtime: 
      - "0.184713"
    body: 
      string: "{\"account_id\":1,\"created_at\":\"2013-01-24T23:03:51Z\",\"email\":\"admin@goodguide.com\",\"first_name\":\"Admin\",\"id\":1,\"invitation_accepted_at\":null,\"invitation_limit\":null,\"invitation_sent_at\":null,\"invitation_token\":null,\"invited_by_id\":null,\"invited_by_type\":null,\"last_name\":\"User\",\"updated_at\":\"2013-04-01T23:43:31Z\",\"account_name\":\"GoodGuide\",\"roles\":[{\"created_at\":\"2013-03-23T00:13:12Z\",\"name\":\"superuser\",\"resource_id\":null,\"resource_type\":null,\"updated_at\":\"2013-03-23T00:13:12Z\",\"description\":\"Superuser\",\"resource_name\":null}],\"last_sign_in_at\":\"2013-04-01T23:43:29Z\"}"
    http_version: 
  recorded_at: Mon, 01 Apr 2013 23:43:31 GMT
- request: 
    method: post
    uri: http://localhost:3000/v1/catalogs.json
    body: 
      string: "{\"description\":\"test_catalog\",\"name\":\"test\"}"
    headers: 
      Cookie: 
      - _session_id=BAh7B0kiD3Nlc3Npb25faWQGOgZFRkkiJTMzZjMyZWVkNmFhNWQ0MzJmNzljMTBlOWVlNjI0OWM1BjsAVEkiGXdhcmRlbi51c2VyLnVzZXIua2V5BjsAVFsISSIJVXNlcgY7AEZbBmkGSSIiJDJhJDEwJDVOMkZTQkE0TUI4Z2o4aWRseS5FZXUGOwBU--9428cd2b87af53e6d971432753669374d3d9b81d
      User-Agent: 
      - Faraday v0.8.7
      Content-Type: 
      - application/json
      Accept: 
      - "*/*"
  response: 
    status: 
      code: 201
      message: "Created "
    headers: 
      Cache-Control: 
      - max-age=0, private, must-revalidate
      Connection: 
      - Keep-Alive
      Location: 
      - http://localhost:3000/v1/catalogs/212
      X-Ua-Compatible: 
      - IE=Edge
      Server: 
      - WEBrick/1.3.1 (Ruby/1.9.3/2012-11-10)
      Content-Length: 
      - "154"
      Date: 
      - Mon, 01 Apr 2013 23:43:31 GMT
      Content-Type: 
      - application/json; charset=utf-8
      X-Request-Id: 
      - dc2aca6e32b4e59ddb08dc9250c77298
      Etag: 
      - "\"7bdaef8161057bf9651aa9ffbc8e798b\""
      X-Runtime: 
      - "0.065535"
    body: 
      string: "{\"created_at\":\"2013-04-01T23:43:31Z\",\"description\":\"test_catalog\",\"id\":212,\"name\":\"test\",\"options\":{\"image_src\":null},\"updated_at\":\"2013-04-01T23:43:31Z\"}"
    http_version: 
  recorded_at: Mon, 01 Apr 2013 23:43:31 GMT
- request: 
    method: post
    uri: http://localhost:3000/v1/attrs.json
    body: 
      string: "{\"entity_type\":\"Product\",\"type\":\"IntegerAttr\",\"catalog_id\":212,\"name\":\"test1\"}"
    headers: 
      Cookie: 
      - _session_id=BAh7B0kiD3Nlc3Npb25faWQGOgZFRkkiJTMzZjMyZWVkNmFhNWQ0MzJmNzljMTBlOWVlNjI0OWM1BjsAVEkiGXdhcmRlbi51c2VyLnVzZXIua2V5BjsAVFsISSIJVXNlcgY7AEZbBmkGSSIiJDJhJDEwJDVOMkZTQkE0TUI4Z2o4aWRseS5FZXUGOwBU--9428cd2b87af53e6d971432753669374d3d9b81d
      User-Agent: 
      - Faraday v0.8.7
      Content-Type: 
      - application/json
      Accept: 
      - "*/*"
  response: 
    status: 
      code: 201
      message: "Created "
    headers: 
      Cache-Control: 
      - max-age=0, private, must-revalidate
      Connection: 
      - Keep-Alive
      Location: 
      - http://localhost:3000/v1/attrs/1955
      X-Ua-Compatible: 
      - IE=Edge
      Server: 
      - WEBrick/1.3.1 (Ruby/1.9.3/2012-11-10)
      Content-Length: 
      - "452"
      Date: 
      - Mon, 01 Apr 2013 23:43:31 GMT
      Content-Type: 
      - application/json; charset=utf-8
      X-Request-Id: 
      - 1367d8aa7d072ee1a6940c4874de2c97
      Etag: 
      - "\"e1ece8fb531ab8d406f3a16de4b249fa\""
      X-Runtime: 
      - "0.026959"
    body: 
      string: "{\"catalog_id\":212,\"created_at\":\"2013-04-01T23:43:31Z\",\"entity_type\":\"Product\",\"group\":null,\"id\":1955,\"name\":\"test1\",\"options\":{\"enum\":null,\"list\":false,\"allow_nil\":true,\"default_value\":null,\"min_items\":null,\"max_items\":null,\"unique_items\":null,\"referenced_catalog_id\":null,\"referenced_attr_id\":null,\"source_attr_id\":null,\"sort\":null,\"position\":null,\"hide\":false,\"title\":null,\"enum_titles\":null},\"updated_at\":\"2013-04-01T23:43:31Z\",\"type\":\"IntegerAttr\"}"
    http_version: 
  recorded_at: Mon, 01 Apr 2013 23:43:31 GMT
- request: 
    method: post
    uri: http://localhost:3000/v1/attrs.json
    body: 
      string: "{\"entity_type\":\"Brand\",\"type\":\"StringAttr\",\"catalog_id\":212,\"name\":\"test2\"}"
    headers: 
      Cookie: 
      - _session_id=BAh7B0kiD3Nlc3Npb25faWQGOgZFRkkiJTMzZjMyZWVkNmFhNWQ0MzJmNzljMTBlOWVlNjI0OWM1BjsAVEkiGXdhcmRlbi51c2VyLnVzZXIua2V5BjsAVFsISSIJVXNlcgY7AEZbBmkGSSIiJDJhJDEwJDVOMkZTQkE0TUI4Z2o4aWRseS5FZXUGOwBU--9428cd2b87af53e6d971432753669374d3d9b81d
      User-Agent: 
      - Faraday v0.8.7
      Content-Type: 
      - application/json
      Accept: 
      - "*/*"
  response: 
    status: 
      code: 201
      message: "Created "
    headers: 
      Cache-Control: 
      - max-age=0, private, must-revalidate
      Connection: 
      - Keep-Alive
      Location: 
      - http://localhost:3000/v1/attrs/1956
      X-Ua-Compatible: 
      - IE=Edge
      Server: 
      - WEBrick/1.3.1 (Ruby/1.9.3/2012-11-10)
      Content-Length: 
      - "449"
      Date: 
      - Mon, 01 Apr 2013 23:43:31 GMT
      Content-Type: 
      - application/json; charset=utf-8
      X-Request-Id: 
      - 62479e5b5741ea62c70f6188a055031e
      Etag: 
      - "\"19c9ed6cf6442bb9c20a33dbda510c07\""
      X-Runtime: 
      - "0.026473"
    body: 
      string: "{\"catalog_id\":212,\"created_at\":\"2013-04-01T23:43:31Z\",\"entity_type\":\"Brand\",\"group\":null,\"id\":1956,\"name\":\"test2\",\"options\":{\"enum\":null,\"list\":false,\"allow_nil\":true,\"default_value\":null,\"min_items\":null,\"max_items\":null,\"unique_items\":null,\"referenced_catalog_id\":null,\"referenced_attr_id\":null,\"source_attr_id\":null,\"sort\":null,\"position\":null,\"hide\":false,\"title\":null,\"enum_titles\":null},\"updated_at\":\"2013-04-01T23:43:31Z\",\"type\":\"StringAttr\"}"
    http_version: 
  recorded_at: Mon, 01 Apr 2013 23:43:31 GMT
- request: 
    method: get
    uri: http://localhost:3000/v1/attrs.json?catalog_id=212&include%5B0%5D=schema
    body: 
      string: ""
    headers: 
      Cookie: 
      - _session_id=BAh7B0kiD3Nlc3Npb25faWQGOgZFRkkiJTMzZjMyZWVkNmFhNWQ0MzJmNzljMTBlOWVlNjI0OWM1BjsAVEkiGXdhcmRlbi51c2VyLnVzZXIua2V5BjsAVFsISSIJVXNlcgY7AEZbBmkGSSIiJDJhJDEwJDVOMkZTQkE0TUI4Z2o4aWRseS5FZXUGOwBU--9428cd2b87af53e6d971432753669374d3d9b81d
      User-Agent: 
      - Faraday v0.8.7
      Accept: 
      - "*/*"
  response: 
    status: 
      code: 200
      message: "OK "
    headers: 
      Cache-Control: 
      - max-age=0, private, must-revalidate
      Connection: 
      - Keep-Alive
      X-Ua-Compatible: 
      - IE=Edge
      Server: 
      - WEBrick/1.3.1 (Ruby/1.9.3/2012-11-10)
      Content-Length: 
      - "3166"
      Date: 
      - Mon, 01 Apr 2013 23:43:31 GMT
      Content-Type: 
      - application/json; charset=utf-8
      X-Request-Id: 
      - a9c5351e131751d08b017e10b6d81937
      Etag: 
      - "\"b29ee2ec1c64247208a77f687a28033a\""
      X-Runtime: 
      - "0.027919"
    body: 
      string: "[{\"catalog_id\":212,\"created_at\":\"2013-04-01T23:43:31Z\",\"entity_type\":\"Category\",\"group\":null,\"id\":1950,\"name\":\"name\",\"options\":{\"enum\":null,\"list\":false,\"allow_nil\":true,\"default_value\":null,\"min_items\":null,\"max_items\":null,\"unique_items\":null,\"referenced_catalog_id\":null,\"referenced_attr_id\":null,\"source_attr_id\":null,\"sort\":null,\"position\":0,\"hide\":false,\"title\":\"Name\",\"enum_titles\":null},\"updated_at\":\"2013-04-01T23:43:31Z\",\"type\":\"IdentityAttr\"},{\"catalog_id\":212,\"created_at\":\"2013-04-01T23:43:31Z\",\"entity_type\":\"Company\",\"group\":null,\"id\":1951,\"name\":\"name\",\"options\":{\"enum\":null,\"list\":false,\"allow_nil\":true,\"default_value\":null,\"min_items\":null,\"max_items\":null,\"unique_items\":null,\"referenced_catalog_id\":null,\"referenced_attr_id\":null,\"source_attr_id\":null,\"sort\":null,\"position\":0,\"hide\":false,\"title\":\"Name\",\"enum_titles\":null},\"updated_at\":\"2013-04-01T23:43:31Z\",\"type\":\"IdentityAttr\"},{\"catalog_id\":212,\"created_at\":\"2013-04-01T23:43:31Z\",\"entity_type\":\"Brand\",\"group\":null,\"id\":1952,\"name\":\"name\",\"options\":{\"enum\":null,\"list\":false,\"allow_nil\":true,\"default_value\":null,\"min_items\":null,\"max_items\":null,\"unique_items\":null,\"referenced_catalog_id\":null,\"referenced_attr_id\":null,\"source_attr_id\":null,\"sort\":null,\"position\":0,\"hide\":false,\"title\":\"Name\",\"enum_titles\":null},\"updated_at\":\"2013-04-01T23:43:31Z\",\"type\":\"IdentityAttr\"},{\"catalog_id\":212,\"created_at\":\"2013-04-01T23:43:31Z\",\"entity_type\":\"Product\",\"group\":null,\"id\":1953,\"name\":\"name\",\"options\":{\"enum\":null,\"list\":false,\"allow_nil\":true,\"default_value\":null,\"min_items\":null,\"max_items\":null,\"unique_items\":null,\"referenced_catalog_id\":null,\"referenced_attr_id\":null,\"source_attr_id\":null,\"sort\":null,\"position\":0,\"hide\":false,\"title\":\"Name\",\"enum_titles\":null},\"updated_at\":\"2013-04-01T23:43:31Z\",\"type\":\"IdentityAttr\"},{\"catalog_id\":212,\"created_at\":\"2013-04-01T23:43:31Z\",\"entity_type\":\"Ingredient\",\"group\":null,\"id\":1954,\"name\":\"name\",\"options\":{\"enum\":null,\"list\":false,\"allow_nil\":true,\"default_value\":null,\"min_items\":null,\"max_items\":null,\"unique_items\":null,\"referenced_catalog_id\":null,\"referenced_attr_id\":null,\"source_attr_id\":null,\"sort\":null,\"position\":0,\"hide\":false,\"title\":\"Name\",\"enum_titles\":null},\"updated_at\":\"2013-04-01T23:43:31Z\",\"type\":\"IdentityAttr\"},{\"catalog_id\":212,\"created_at\":\"2013-04-01T23:43:31Z\",\"entity_type\":\"Product\",\"group\":null,\"id\":1955,\"name\":\"test1\",\"options\":{\"enum\":null,\"list\":false,\"allow_nil\":true,\"default_value\":null,\"min_items\":null,\"max_items\":null,\"unique_items\":null,\"referenced_catalog_id\":null,\"referenced_attr_id\":null,\"source_attr_id\":null,\"sort\":null,\"position\":null,\"hide\":false,\"title\":null,\"enum_titles\":null},\"updated_at\":\"2013-04-01T23:43:31Z\",\"type\":\"IntegerAttr\"},{\"catalog_id\":212,\"created_at\":\"2013-04-01T23:43:31Z\",\"entity_type\":\"Brand\",\"group\":null,\"id\":1956,\"name\":\"test2\",\"options\":{\"enum\":null,\"list\":false,\"allow_nil\":true,\"default_value\":null,\"min_items\":null,\"max_items\":null,\"unique_items\":null,\"referenced_catalog_id\":null,\"referenced_attr_id\":null,\"source_attr_id\":null,\"sort\":null,\"position\":null,\"hide\":false,\"title\":null,\"enum_titles\":null},\"updated_at\":\"2013-04-01T23:43:31Z\",\"type\":\"StringAttr\"}]"
    http_version: 
  recorded_at: Mon, 01 Apr 2013 23:43:31 GMT
- request: 
    method: get
    uri: http://localhost:3000/v1/attrs.json?catalog_id=212&include%5B0%5D=schema&type=IntegerAttr
    body: 
      string: ""
    headers: 
      Cookie: 
      - _session_id=BAh7B0kiD3Nlc3Npb25faWQGOgZFRkkiJTMzZjMyZWVkNmFhNWQ0MzJmNzljMTBlOWVlNjI0OWM1BjsAVEkiGXdhcmRlbi51c2VyLnVzZXIua2V5BjsAVFsISSIJVXNlcgY7AEZbBmkGSSIiJDJhJDEwJDVOMkZTQkE0TUI4Z2o4aWRseS5FZXUGOwBU--9428cd2b87af53e6d971432753669374d3d9b81d
      User-Agent: 
      - Faraday v0.8.7
      Accept: 
      - "*/*"
  response: 
    status: 
      code: 200
      message: "OK "
    headers: 
      Cache-Control: 
      - max-age=0, private, must-revalidate
      Connection: 
      - Keep-Alive
      X-Ua-Compatible: 
      - IE=Edge
      Server: 
      - WEBrick/1.3.1 (Ruby/1.9.3/2012-11-10)
      Content-Length: 
      - "454"
      Date: 
      - Mon, 01 Apr 2013 23:43:32 GMT
      Content-Type: 
      - application/json; charset=utf-8
      X-Request-Id: 
      - 617da86fb5ee82c8cfea803d2a41ebe5
      Etag: 
      - "\"e603156ec7e8e87ae32e18b3e780229e\""
      X-Runtime: 
      - "0.101021"
    body: 
      string: "[{\"catalog_id\":212,\"created_at\":\"2013-04-01T23:43:31Z\",\"entity_type\":\"Product\",\"group\":null,\"id\":1955,\"name\":\"test1\",\"options\":{\"enum\":null,\"list\":false,\"allow_nil\":true,\"default_value\":null,\"min_items\":null,\"max_items\":null,\"unique_items\":null,\"referenced_catalog_id\":null,\"referenced_attr_id\":null,\"source_attr_id\":null,\"sort\":null,\"position\":null,\"hide\":false,\"title\":null,\"enum_titles\":null},\"updated_at\":\"2013-04-01T23:43:31Z\",\"type\":\"IntegerAttr\"}]"
    http_version: 
  recorded_at: Mon, 01 Apr 2013 23:43:32 GMT
- request: 
    method: get
    uri: http://localhost:3000/v1/attrs.json?catalog_id=212&entity_type=Brand&include%5B0%5D=schema
    body: 
      string: ""
    headers: 
      Cookie: 
      - _session_id=BAh7B0kiD3Nlc3Npb25faWQGOgZFRkkiJTMzZjMyZWVkNmFhNWQ0MzJmNzljMTBlOWVlNjI0OWM1BjsAVEkiGXdhcmRlbi51c2VyLnVzZXIua2V5BjsAVFsISSIJVXNlcgY7AEZbBmkGSSIiJDJhJDEwJDVOMkZTQkE0TUI4Z2o4aWRseS5FZXUGOwBU--9428cd2b87af53e6d971432753669374d3d9b81d
      User-Agent: 
      - Faraday v0.8.7
      Accept: 
      - "*/*"
  response: 
    status: 
      code: 200
      message: "OK "
    headers: 
      Cache-Control: 
      - max-age=0, private, must-revalidate
      Connection: 
      - Keep-Alive
      X-Ua-Compatible: 
      - IE=Edge
      Server: 
      - WEBrick/1.3.1 (Ruby/1.9.3/2012-11-10)
      Content-Length: 
      - "901"
      Date: 
      - Mon, 01 Apr 2013 23:43:32 GMT
      Content-Type: 
      - application/json; charset=utf-8
      X-Request-Id: 
      - 0b5506a09df348a006adb865be55bc0d
      Etag: 
      - "\"2f5cb1b899098d019825404a383e982c\""
      X-Runtime: 
      - "0.028332"
    body: 
      string: "[{\"catalog_id\":212,\"created_at\":\"2013-04-01T23:43:31Z\",\"entity_type\":\"Brand\",\"group\":null,\"id\":1952,\"name\":\"name\",\"options\":{\"enum\":null,\"list\":false,\"allow_nil\":true,\"default_value\":null,\"min_items\":null,\"max_items\":null,\"unique_items\":null,\"referenced_catalog_id\":null,\"referenced_attr_id\":null,\"source_attr_id\":null,\"sort\":null,\"position\":0,\"hide\":false,\"title\":\"Name\",\"enum_titles\":null},\"updated_at\":\"2013-04-01T23:43:31Z\",\"type\":\"IdentityAttr\"},{\"catalog_id\":212,\"created_at\":\"2013-04-01T23:43:31Z\",\"entity_type\":\"Brand\",\"group\":null,\"id\":1956,\"name\":\"test2\",\"options\":{\"enum\":null,\"list\":false,\"allow_nil\":true,\"default_value\":null,\"min_items\":null,\"max_items\":null,\"unique_items\":null,\"referenced_catalog_id\":null,\"referenced_attr_id\":null,\"source_attr_id\":null,\"sort\":null,\"position\":null,\"hide\":false,\"title\":null,\"enum_titles\":null},\"updated_at\":\"2013-04-01T23:43:31Z\",\"type\":\"StringAttr\"}]"
    http_version: 
  recorded_at: Mon, 01 Apr 2013 23:43:32 GMT
- request: 
    method: delete
    uri: http://localhost:3000/v1/catalogs/212.json
    body: 
      string: ""
    headers: 
      Cookie: 
      - _session_id=BAh7B0kiD3Nlc3Npb25faWQGOgZFRkkiJTMzZjMyZWVkNmFhNWQ0MzJmNzljMTBlOWVlNjI0OWM1BjsAVEkiGXdhcmRlbi51c2VyLnVzZXIua2V5BjsAVFsISSIJVXNlcgY7AEZbBmkGSSIiJDJhJDEwJDVOMkZTQkE0TUI4Z2o4aWRseS5FZXUGOwBU--9428cd2b87af53e6d971432753669374d3d9b81d
      User-Agent: 
      - Faraday v0.8.7
      Accept: 
      - "*/*"
  response: 
    status: 
      code: 204
      message: "No Content "
    headers: 
      Cache-Control: 
      - no-cache
      Connection: 
      - close
      X-Ua-Compatible: 
      - IE=Edge
      Server: 
      - WEBrick/1.3.1 (Ruby/1.9.3/2012-11-10)
      Date: 
      - Mon, 01 Apr 2013 23:43:32 GMT
      X-Request-Id: 
      - 8830589aa966d25e9630c3c2383bbbfa
      X-Runtime: 
      - "0.042590"
    body: 
      string: ""
    http_version: 
  recorded_at: Mon, 01 Apr 2013 23:43:32 GMT
