---
http_interactions:
- request:
    method: post
    uri: http://localhost:3000/users/session.json
    body:
      encoding: UTF-8
      string: ! '{"email":"admin@goodguide.com","password":"password"}'
    headers:
      User-Agent:
      - Faraday v0.8.6
      Content-Type:
      - application/json
      Accept:
      - ! '*/*'
  response:
    status:
      code: 201
      message: ! 'Created '
    headers:
      Location:
      - http://localhost:3000/
      Content-Type:
      - application/json; charset=utf-8
      X-Ua-Compatible:
      - IE=Edge,chrome=1
      Etag:
      - ! '"75131a408ec889e352cb0fb4a6e7c2e2"'
      Cache-Control:
      - max-age=0, private, must-revalidate
      X-Request-Id:
      - ee761526c0bca761e23a4c2f87f80fef
      X-Runtime:
      - '0.019449'
      Server:
      - WEBrick/1.3.1 (Ruby/1.9.2/2012-04-20)
      Date:
      - Tue, 05 Mar 2013 01:22:01 GMT
      Content-Length:
      - '525'
      Connection:
      - Keep-Alive
      Set-Cookie:
      - _session_id=BAh7B0kiD3Nlc3Npb25faWQGOgZFRkkiJTk5MDBiYzI0YTRjNmZlMzRlMGZjMzE3NTA5N2IxMzRmBjsAVEkiGXdhcmRlbi51c2VyLnVzZXIua2V5BjsAVFsISSIJVXNlcgY7AEZbBmkGSSIiJDJhJDA0JE5JbVFTMlBBeEFvZGRJbzFSck8wc08GOwBU--55995229352c2bc0e6fcaf3c6c6d4e386bbb28e1;
        path=/; HttpOnly
    body:
      encoding: US-ASCII
      string: ! '{"account_id":1,"created_at":"2013-03-04T21:11:48Z","email":"admin@goodguide.com","first_name":null,"id":1,"invitation_accepted_at":null,"invitation_limit":null,"invitation_sent_at":null,"invitation_token":null,"invited_by_id":null,"invited_by_type":null,"last_name":null,"updated_at":"2013-03-04T21:11:48Z","account_name":"GoodGuide","roles":[{"created_at":"2013-03-04T21:11:48Z","name":"superuser","resource_id":null,"resource_type":null,"updated_at":"2013-03-04T21:11:48Z","description":"superuser","resource_name":null}]}'
    http_version: !!null 
  recorded_at: Tue, 05 Mar 2013 01:22:01 GMT
- request:
    method: post
    uri: http://localhost:3000/v1/catalogs.json
    body:
      encoding: UTF-8
      string: ! '{"name":"test","description":"test_catalog"}'
    headers:
      User-Agent:
      - Faraday v0.8.6
      Cookie:
      - _session_id=BAh7B0kiD3Nlc3Npb25faWQGOgZFRkkiJTk5MDBiYzI0YTRjNmZlMzRlMGZjMzE3NTA5N2IxMzRmBjsAVEkiGXdhcmRlbi51c2VyLnVzZXIua2V5BjsAVFsISSIJVXNlcgY7AEZbBmkGSSIiJDJhJDA0JE5JbVFTMlBBeEFvZGRJbzFSck8wc08GOwBU--55995229352c2bc0e6fcaf3c6c6d4e386bbb28e1
      Content-Type:
      - application/json
      Accept:
      - ! '*/*'
  response:
    status:
      code: 201
      message: ! 'Created '
    headers:
      Location:
      - http://localhost:3000/v1/catalogs/605
      Content-Type:
      - application/json; charset=utf-8
      X-Ua-Compatible:
      - IE=Edge,chrome=1
      Etag:
      - ! '"d68c00e8ab39763a4ac3ae6663f0426d"'
      Cache-Control:
      - max-age=0, private, must-revalidate
      X-Request-Id:
      - 420b0f8fd5e43a8c1010281597eb2bf3
      X-Runtime:
      - '0.100343'
      Server:
      - WEBrick/1.3.1 (Ruby/1.9.2/2012-04-20)
      Date:
      - Tue, 05 Mar 2013 01:22:02 GMT
      Content-Length:
      - '154'
      Connection:
      - Keep-Alive
    body:
      encoding: US-ASCII
      string: ! '{"created_at":"2013-03-05T01:22:01Z","description":"test_catalog","id":605,"name":"test","options":{"image_src":null},"updated_at":"2013-03-05T01:22:01Z"}'
    http_version: !!null 
  recorded_at: Tue, 05 Mar 2013 01:22:02 GMT
- request:
    method: get
    uri: http://localhost:3000/v1/catalogs/605/schemas/Product.json
    body:
      encoding: US-ASCII
      string: ''
    headers:
      User-Agent:
      - Faraday v0.8.6
      Cookie:
      - _session_id=BAh7B0kiD3Nlc3Npb25faWQGOgZFRkkiJTk5MDBiYzI0YTRjNmZlMzRlMGZjMzE3NTA5N2IxMzRmBjsAVEkiGXdhcmRlbi51c2VyLnVzZXIua2V5BjsAVFsISSIJVXNlcgY7AEZbBmkGSSIiJDJhJDA0JE5JbVFTMlBBeEFvZGRJbzFSck8wc08GOwBU--55995229352c2bc0e6fcaf3c6c6d4e386bbb28e1
      Accept-Encoding:
      - gzip;q=1.0,deflate;q=0.6,identity;q=0.3
      Accept:
      - ! '*/*'
  response:
    status:
      code: 200
      message: ! 'OK '
    headers:
      Content-Type:
      - application/json; charset=utf-8
      X-Ua-Compatible:
      - IE=Edge,chrome=1
      Etag:
      - ! '"4853cd3a14acd09761680c02ad80d485"'
      Cache-Control:
      - max-age=0, private, must-revalidate
      X-Request-Id:
      - d21cd29c790011213c77eca66f4c183c
      X-Runtime:
      - '0.011961'
      Server:
      - WEBrick/1.3.1 (Ruby/1.9.2/2012-04-20)
      Date:
      - Tue, 05 Mar 2013 01:22:02 GMT
      Content-Length:
      - '452'
      Connection:
      - Keep-Alive
    body:
      encoding: US-ASCII
      string: ! '{"id":"/catalogs/605/schemas/Product","title":"Product","type":"object","additionalProperties":false,"properties":{"id":{"type":"integer","readonly":"true"},"type":{"type":"string","required":"true","readonly":"true"},"catalog_id":{"type":"integer","readonly":"true"},"account_id":{"type":"integer","readonly":"true"},"attr_values":{"type":"object","additionalProperties":false,"properties":{"3327":{"type":"string","title":"name","required":false}}}}}'
    http_version: !!null 
  recorded_at: Tue, 05 Mar 2013 01:22:02 GMT
- request:
    method: delete
    uri: http://localhost:3000/v1/catalogs/605.json
    body:
      encoding: US-ASCII
      string: ''
    headers:
      User-Agent:
      - Faraday v0.8.6
      Cookie:
      - _session_id=BAh7B0kiD3Nlc3Npb25faWQGOgZFRkkiJTk5MDBiYzI0YTRjNmZlMzRlMGZjMzE3NTA5N2IxMzRmBjsAVEkiGXdhcmRlbi51c2VyLnVzZXIua2V5BjsAVFsISSIJVXNlcgY7AEZbBmkGSSIiJDJhJDA0JE5JbVFTMlBBeEFvZGRJbzFSck8wc08GOwBU--55995229352c2bc0e6fcaf3c6c6d4e386bbb28e1
      Accept:
      - ! '*/*'
  response:
    status:
      code: 204
      message: ! 'No Content '
    headers:
      X-Ua-Compatible:
      - IE=Edge,chrome=1
      Cache-Control:
      - no-cache
      X-Request-Id:
      - aca181d61cbfecb4c00a7d59a54fb92f
      X-Runtime:
      - '0.038911'
      Server:
      - WEBrick/1.3.1 (Ruby/1.9.2/2012-04-20)
      Date:
      - Tue, 05 Mar 2013 01:22:02 GMT
    body:
      encoding: US-ASCII
      string: ''
    http_version: !!null 
  recorded_at: Tue, 05 Mar 2013 01:22:02 GMT
recorded_with: VCR 2.4.0
