---
http_interactions:
- request:
    method: post
    uri: http://localhost:3000/users/session.json
    body:
      encoding: UTF-8
      string: ! '{"email":"admin@goodguide.com","password":"password"}'
    headers:
      User-Agent:
      - Faraday v0.8.6
      Content-Type:
      - application/json
      Accept:
      - ! '*/*'
  response:
    status:
      code: 201
      message: ! 'Created '
    headers:
      Location:
      - http://localhost:3000/
      Content-Type:
      - application/json; charset=utf-8
      X-Ua-Compatible:
      - IE=Edge,chrome=1
      Etag:
      - ! '"75131a408ec889e352cb0fb4a6e7c2e2"'
      Cache-Control:
      - max-age=0, private, must-revalidate
      X-Request-Id:
      - 780bfbb96299a9dc242ca2dc5634ec93
      X-Runtime:
      - '0.073575'
      Server:
      - WEBrick/1.3.1 (Ruby/1.9.2/2012-04-20)
      Date:
      - Tue, 05 Mar 2013 01:22:01 GMT
      Content-Length:
      - '525'
      Connection:
      - Keep-Alive
      Set-Cookie:
      - _session_id=BAh7B0kiD3Nlc3Npb25faWQGOgZFRkkiJWIyNGQyMTNiYjM0YmM3YzUwN2Q5MTA4NGQ3NzBiM2JmBjsAVEkiGXdhcmRlbi51c2VyLnVzZXIua2V5BjsAVFsISSIJVXNlcgY7AEZbBmkGSSIiJDJhJDA0JE5JbVFTMlBBeEFvZGRJbzFSck8wc08GOwBU--405a9f6e46ba5d7060c7c7081fedffb97ebfedca;
        path=/; HttpOnly
    body:
      encoding: US-ASCII
      string: ! '{"account_id":1,"created_at":"2013-03-04T21:11:48Z","email":"admin@goodguide.com","first_name":null,"id":1,"invitation_accepted_at":null,"invitation_limit":null,"invitation_sent_at":null,"invitation_token":null,"invited_by_id":null,"invited_by_type":null,"last_name":null,"updated_at":"2013-03-04T21:11:48Z","account_name":"GoodGuide","roles":[{"created_at":"2013-03-04T21:11:48Z","name":"superuser","resource_id":null,"resource_type":null,"updated_at":"2013-03-04T21:11:48Z","description":"superuser","resource_name":null}]}'
    http_version: !!null 
  recorded_at: Tue, 05 Mar 2013 01:22:01 GMT
- request:
    method: post
    uri: http://localhost:3000/v1/catalogs.json
    body:
      encoding: UTF-8
      string: ! '{"name":"test","description":"test_catalog"}'
    headers:
      User-Agent:
      - Faraday v0.8.6
      Cookie:
      - _session_id=BAh7B0kiD3Nlc3Npb25faWQGOgZFRkkiJWIyNGQyMTNiYjM0YmM3YzUwN2Q5MTA4NGQ3NzBiM2JmBjsAVEkiGXdhcmRlbi51c2VyLnVzZXIua2V5BjsAVFsISSIJVXNlcgY7AEZbBmkGSSIiJDJhJDA0JE5JbVFTMlBBeEFvZGRJbzFSck8wc08GOwBU--405a9f6e46ba5d7060c7c7081fedffb97ebfedca
      Content-Type:
      - application/json
      Accept:
      - ! '*/*'
  response:
    status:
      code: 201
      message: ! 'Created '
    headers:
      Location:
      - http://localhost:3000/v1/catalogs/603
      Content-Type:
      - application/json; charset=utf-8
      X-Ua-Compatible:
      - IE=Edge,chrome=1
      Etag:
      - ! '"9102039354c6d6e1eedcc4cb6c3c67bc"'
      Cache-Control:
      - max-age=0, private, must-revalidate
      X-Request-Id:
      - 07a4bfa1ac98fa4c6a6a2add958d740e
      X-Runtime:
      - '0.107505'
      Server:
      - WEBrick/1.3.1 (Ruby/1.9.2/2012-04-20)
      Date:
      - Tue, 05 Mar 2013 01:22:01 GMT
      Content-Length:
      - '154'
      Connection:
      - Keep-Alive
    body:
      encoding: US-ASCII
      string: ! '{"created_at":"2013-03-05T01:22:01Z","description":"test_catalog","id":603,"name":"test","options":{"image_src":null},"updated_at":"2013-03-05T01:22:01Z"}'
    http_version: !!null 
  recorded_at: Tue, 05 Mar 2013 01:22:01 GMT
- request:
    method: delete
    uri: http://localhost:3000/v1/catalogs/603.json
    body:
      encoding: US-ASCII
      string: ''
    headers:
      User-Agent:
      - Faraday v0.8.6
      Cookie:
      - _session_id=BAh7B0kiD3Nlc3Npb25faWQGOgZFRkkiJWIyNGQyMTNiYjM0YmM3YzUwN2Q5MTA4NGQ3NzBiM2JmBjsAVEkiGXdhcmRlbi51c2VyLnVzZXIua2V5BjsAVFsISSIJVXNlcgY7AEZbBmkGSSIiJDJhJDA0JE5JbVFTMlBBeEFvZGRJbzFSck8wc08GOwBU--405a9f6e46ba5d7060c7c7081fedffb97ebfedca
      Accept:
      - ! '*/*'
  response:
    status:
      code: 204
      message: ! 'No Content '
    headers:
      X-Ua-Compatible:
      - IE=Edge,chrome=1
      Cache-Control:
      - no-cache
      X-Request-Id:
      - 0b15a477b70741c918818ed909600421
      X-Runtime:
      - '0.050849'
      Server:
      - WEBrick/1.3.1 (Ruby/1.9.2/2012-04-20)
      Date:
      - Tue, 05 Mar 2013 01:22:01 GMT
    body:
      encoding: US-ASCII
      string: ''
    http_version: !!null 
  recorded_at: Tue, 05 Mar 2013 01:22:01 GMT
- request:
    method: get
    uri: http://localhost:3000/v1/catalogs/603.json
    body:
      encoding: US-ASCII
      string: ''
    headers:
      User-Agent:
      - Faraday v0.8.6
      Cookie:
      - _session_id=BAh7B0kiD3Nlc3Npb25faWQGOgZFRkkiJWIyNGQyMTNiYjM0YmM3YzUwN2Q5MTA4NGQ3NzBiM2JmBjsAVEkiGXdhcmRlbi51c2VyLnVzZXIua2V5BjsAVFsISSIJVXNlcgY7AEZbBmkGSSIiJDJhJDA0JE5JbVFTMlBBeEFvZGRJbzFSck8wc08GOwBU--405a9f6e46ba5d7060c7c7081fedffb97ebfedca
      Accept-Encoding:
      - gzip;q=1.0,deflate;q=0.6,identity;q=0.3
      Accept:
      - ! '*/*'
  response:
    status:
      code: 404
      message: ! 'Not Found '
    headers:
      Content-Type:
      - application/json; charset=utf-8
      X-Ua-Compatible:
      - IE=Edge,chrome=1
      Cache-Control:
      - no-cache
      X-Request-Id:
      - 37cf4a082bc31e9d2c003cb5145d760b
      X-Runtime:
      - '0.015558'
      Server:
      - WEBrick/1.3.1 (Ruby/1.9.2/2012-04-20)
      Date:
      - Tue, 05 Mar 2013 01:22:01 GMT
      Content-Length:
      - '78'
      Connection:
      - Keep-Alive
    body:
      encoding: US-ASCII
      string: ! '{"error":{"base":"not found: Couldn''t find Catalog with id=603"},"status":404}'
    http_version: !!null 
  recorded_at: Tue, 05 Mar 2013 01:22:01 GMT
- request:
    method: delete
    uri: http://localhost:3000/v1/catalogs/603.json
    body:
      encoding: US-ASCII
      string: ''
    headers:
      User-Agent:
      - Faraday v0.8.6
      Cookie:
      - _session_id=BAh7B0kiD3Nlc3Npb25faWQGOgZFRkkiJWIyNGQyMTNiYjM0YmM3YzUwN2Q5MTA4NGQ3NzBiM2JmBjsAVEkiGXdhcmRlbi51c2VyLnVzZXIua2V5BjsAVFsISSIJVXNlcgY7AEZbBmkGSSIiJDJhJDA0JE5JbVFTMlBBeEFvZGRJbzFSck8wc08GOwBU--405a9f6e46ba5d7060c7c7081fedffb97ebfedca
      Accept:
      - ! '*/*'
  response:
    status:
      code: 404
      message: ! 'Not Found '
    headers:
      Content-Type:
      - application/json; charset=utf-8
      X-Ua-Compatible:
      - IE=Edge,chrome=1
      Cache-Control:
      - no-cache
      X-Request-Id:
      - 918109aa56974dec16468e9ae7822c67
      X-Runtime:
      - '0.013613'
      Server:
      - WEBrick/1.3.1 (Ruby/1.9.2/2012-04-20)
      Date:
      - Tue, 05 Mar 2013 01:22:01 GMT
      Content-Length:
      - '78'
      Connection:
      - Keep-Alive
    body:
      encoding: US-ASCII
      string: ! '{"error":{"base":"not found: Couldn''t find Catalog with id=603"},"status":404}'
    http_version: !!null 
  recorded_at: Tue, 05 Mar 2013 01:22:01 GMT
recorded_with: VCR 2.4.0
