--- 
recorded_with: VCR 2.4.0
http_interactions: 
- request: 
    method: post
    uri: http://localhost:3000/users/session.json
    body: 
      string: "{\"password\":\"password\",\"email\":\"admin@goodguide.com\"}"
    headers: 
      User-Agent: 
      - Faraday v0.8.7
      Content-Type: 
      - application/json
      Accept: 
      - "*/*"
  response: 
    status: 
      code: 201
      message: "Created "
    headers: 
      Cache-Control: 
      - max-age=0, private, must-revalidate
      Connection: 
      - Keep-Alive
      Location: 
      - http://localhost:3000/
      X-Ua-Compatible: 
      - IE=Edge
      Server: 
      - WEBrick/1.3.1 (Ruby/1.9.3/2012-11-10)
      Content-Length: 
      - "571"
      Date: 
      - Mon, 01 Apr 2013 23:43:37 GMT
      Content-Type: 
      - application/json; charset=utf-8
      X-Request-Id: 
      - 2f332769eff1d81f50bfeb0e36d03778
      Set-Cookie: 
      - _session_id=BAh7B0kiD3Nlc3Npb25faWQGOgZFRkkiJWM4MTM4ZTZjOWVmOGQ1NjBiOTIxOTJiMzZjYTRiZTI2BjsAVEkiGXdhcmRlbi51c2VyLnVzZXIua2V5BjsAVFsISSIJVXNlcgY7AEZbBmkGSSIiJDJhJDEwJDVOMkZTQkE0TUI4Z2o4aWRseS5FZXUGOwBU--8f00621cdea5a9da5da51742b012a6e576e92639; path=/; HttpOnly
      Etag: 
      - "\"0fad75c2b44ef93d9104a3329d9955aa\""
      X-Runtime: 
      - "0.113185"
    body: 
      string: "{\"account_id\":1,\"created_at\":\"2013-01-24T23:03:51Z\",\"email\":\"admin@goodguide.com\",\"first_name\":\"Admin\",\"id\":1,\"invitation_accepted_at\":null,\"invitation_limit\":null,\"invitation_sent_at\":null,\"invitation_token\":null,\"invited_by_id\":null,\"invited_by_type\":null,\"last_name\":\"User\",\"updated_at\":\"2013-04-01T23:43:37Z\",\"account_name\":\"GoodGuide\",\"roles\":[{\"created_at\":\"2013-03-23T00:13:12Z\",\"name\":\"superuser\",\"resource_id\":null,\"resource_type\":null,\"updated_at\":\"2013-03-23T00:13:12Z\",\"description\":\"Superuser\",\"resource_name\":null}],\"last_sign_in_at\":\"2013-04-01T23:43:36Z\"}"
    http_version: 
  recorded_at: Mon, 01 Apr 2013 23:43:37 GMT
- request: 
    method: post
    uri: http://localhost:3000/v1/catalogs.json
    body: 
      string: "{\"description\":\"test_catalog\",\"name\":\"test\"}"
    headers: 
      Cookie: 
      - _session_id=BAh7B0kiD3Nlc3Npb25faWQGOgZFRkkiJWM4MTM4ZTZjOWVmOGQ1NjBiOTIxOTJiMzZjYTRiZTI2BjsAVEkiGXdhcmRlbi51c2VyLnVzZXIua2V5BjsAVFsISSIJVXNlcgY7AEZbBmkGSSIiJDJhJDEwJDVOMkZTQkE0TUI4Z2o4aWRseS5FZXUGOwBU--8f00621cdea5a9da5da51742b012a6e576e92639
      User-Agent: 
      - Faraday v0.8.7
      Content-Type: 
      - application/json
      Accept: 
      - "*/*"
  response: 
    status: 
      code: 201
      message: "Created "
    headers: 
      Cache-Control: 
      - max-age=0, private, must-revalidate
      Connection: 
      - Keep-Alive
      Location: 
      - http://localhost:3000/v1/catalogs/219
      X-Ua-Compatible: 
      - IE=Edge
      Server: 
      - WEBrick/1.3.1 (Ruby/1.9.3/2012-11-10)
      Content-Length: 
      - "154"
      Date: 
      - Mon, 01 Apr 2013 23:43:37 GMT
      Content-Type: 
      - application/json; charset=utf-8
      X-Request-Id: 
      - 24b989a1a9547492dd9910d4eb3a6c5c
      Etag: 
      - "\"952704de4f685859cd10519653a41fdb\""
      X-Runtime: 
      - "0.066685"
    body: 
      string: "{\"created_at\":\"2013-04-01T23:43:37Z\",\"description\":\"test_catalog\",\"id\":219,\"name\":\"test\",\"options\":{\"image_src\":null},\"updated_at\":\"2013-04-01T23:43:37Z\"}"
    http_version: 
  recorded_at: Mon, 01 Apr 2013 23:43:37 GMT
- request: 
    method: get
    uri: http://localhost:3000/v1/accounts/1.json
    body: 
      string: ""
    headers: 
      Cookie: 
      - _session_id=BAh7B0kiD3Nlc3Npb25faWQGOgZFRkkiJWM4MTM4ZTZjOWVmOGQ1NjBiOTIxOTJiMzZjYTRiZTI2BjsAVEkiGXdhcmRlbi51c2VyLnVzZXIua2V5BjsAVFsISSIJVXNlcgY7AEZbBmkGSSIiJDJhJDEwJDVOMkZTQkE0TUI4Z2o4aWRseS5FZXUGOwBU--8f00621cdea5a9da5da51742b012a6e576e92639
      User-Agent: 
      - Faraday v0.8.7
      Accept: 
      - "*/*"
  response: 
    status: 
      code: 200
      message: "OK "
    headers: 
      Cache-Control: 
      - max-age=0, private, must-revalidate
      Connection: 
      - Keep-Alive
      X-Ua-Compatible: 
      - IE=Edge
      Server: 
      - WEBrick/1.3.1 (Ruby/1.9.3/2012-11-10)
      Content-Length: 
      - "99"
      Date: 
      - Mon, 01 Apr 2013 23:43:37 GMT
      Content-Type: 
      - application/json; charset=utf-8
      X-Request-Id: 
      - a2d16e9b4cd6b175f26c578b596ba285
      Etag: 
      - "\"a09c7135bab561274da98c5896df5e7a\""
      X-Runtime: 
      - "0.006730"
    body: 
      string: "{\"created_at\":\"2012-11-20T00:43:57Z\",\"id\":1,\"name\":\"GoodGuide\",\"updated_at\":\"2012-11-20T00:43:57Z\"}"
    http_version: 
  recorded_at: Mon, 01 Apr 2013 23:43:37 GMT
- request: 
    method: get
    uri: http://localhost:3000/v1/attrs.json?catalog_id=219&entity_type=Product&include%5B0%5D=schema&name=name
    body: 
      string: ""
    headers: 
      Cookie: 
      - _session_id=BAh7B0kiD3Nlc3Npb25faWQGOgZFRkkiJWM4MTM4ZTZjOWVmOGQ1NjBiOTIxOTJiMzZjYTRiZTI2BjsAVEkiGXdhcmRlbi51c2VyLnVzZXIua2V5BjsAVFsISSIJVXNlcgY7AEZbBmkGSSIiJDJhJDEwJDVOMkZTQkE0TUI4Z2o4aWRseS5FZXUGOwBU--8f00621cdea5a9da5da51742b012a6e576e92639
      User-Agent: 
      - Faraday v0.8.7
      Accept: 
      - "*/*"
  response: 
    status: 
      code: 200
      message: "OK "
    headers: 
      Cache-Control: 
      - max-age=0, private, must-revalidate
      Connection: 
      - Keep-Alive
      X-Ua-Compatible: 
      - IE=Edge
      Server: 
      - WEBrick/1.3.1 (Ruby/1.9.3/2012-11-10)
      Content-Length: 
      - "453"
      Date: 
      - Mon, 01 Apr 2013 23:43:37 GMT
      Content-Type: 
      - application/json; charset=utf-8
      X-Request-Id: 
      - ca1790e9a6f32819a977349789c92f96
      Etag: 
      - "\"81c2b695a1f18bc161897beb5017d42a\""
      X-Runtime: 
      - "0.106506"
    body: 
      string: "[{\"catalog_id\":219,\"created_at\":\"2013-04-01T23:43:37Z\",\"entity_type\":\"Product\",\"group\":null,\"id\":1994,\"name\":\"name\",\"options\":{\"enum\":null,\"list\":false,\"allow_nil\":true,\"default_value\":null,\"min_items\":null,\"max_items\":null,\"unique_items\":null,\"referenced_catalog_id\":null,\"referenced_attr_id\":null,\"source_attr_id\":null,\"sort\":null,\"position\":0,\"hide\":false,\"title\":\"Name\",\"enum_titles\":null},\"updated_at\":\"2013-04-01T23:43:37Z\",\"type\":\"IdentityAttr\"}]"
    http_version: 
  recorded_at: Mon, 01 Apr 2013 23:43:37 GMT
- request: 
    method: post
    uri: http://localhost:3000/v1/entities.json
    body: 
      string: "{\"account_id\":1,\"type\":\"Product\",\"catalog_id\":219,\"attr_values\":{\"1994\":\"Name\"}}"
    headers: 
      Cookie: 
      - _session_id=BAh7B0kiD3Nlc3Npb25faWQGOgZFRkkiJWM4MTM4ZTZjOWVmOGQ1NjBiOTIxOTJiMzZjYTRiZTI2BjsAVEkiGXdhcmRlbi51c2VyLnVzZXIua2V5BjsAVFsISSIJVXNlcgY7AEZbBmkGSSIiJDJhJDEwJDVOMkZTQkE0TUI4Z2o4aWRseS5FZXUGOwBU--8f00621cdea5a9da5da51742b012a6e576e92639
      User-Agent: 
      - Faraday v0.8.7
      Content-Type: 
      - application/json
      Accept: 
      - "*/*"
  response: 
    status: 
      code: 201
      message: "Created "
    headers: 
      Cache-Control: 
      - max-age=0, private, must-revalidate
      Connection: 
      - Keep-Alive
      Location: 
      - http://localhost:3000/v1/entities/1589
      X-Ua-Compatible: 
      - IE=Edge
      Server: 
      - WEBrick/1.3.1 (Ruby/1.9.3/2012-11-10)
      Content-Length: 
      - "104"
      Date: 
      - Mon, 01 Apr 2013 23:43:37 GMT
      Content-Type: 
      - application/json; charset=utf-8
      X-Request-Id: 
      - cbb5bb02c89549b02b76dfd972694316
      Etag: 
      - "\"ee6ba1efe4ffc422aa0b9cda86284923\""
      X-Runtime: 
      - "0.087691"
    body: 
      string: "{\"id\":1589,\"type\":\"Product\",\"name\":\"Name\",\"attr_values\":{\"1994\":\"Name\"},\"catalog_id\":219,\"account_id\":1}"
    http_version: 
  recorded_at: Mon, 01 Apr 2013 23:43:37 GMT
- request: 
    method: get
    uri: http://localhost:3000/v1/entities.json?catalog_id=219
    body: 
      string: ""
    headers: 
      Cookie: 
      - _session_id=BAh7B0kiD3Nlc3Npb25faWQGOgZFRkkiJWM4MTM4ZTZjOWVmOGQ1NjBiOTIxOTJiMzZjYTRiZTI2BjsAVEkiGXdhcmRlbi51c2VyLnVzZXIua2V5BjsAVFsISSIJVXNlcgY7AEZbBmkGSSIiJDJhJDEwJDVOMkZTQkE0TUI4Z2o4aWRseS5FZXUGOwBU--8f00621cdea5a9da5da51742b012a6e576e92639
      User-Agent: 
      - Faraday v0.8.7
      Accept: 
      - "*/*"
  response: 
    status: 
      code: 200
      message: "OK "
    headers: 
      Cache-Control: 
      - max-age=0, private, must-revalidate
      Connection: 
      - Keep-Alive
      X-Ua-Compatible: 
      - IE=Edge
      Server: 
      - WEBrick/1.3.1 (Ruby/1.9.3/2012-11-10)
      Content-Length: 
      - "129"
      Date: 
      - Mon, 01 Apr 2013 23:43:38 GMT
      Content-Type: 
      - application/json; charset=utf-8
      X-Request-Id: 
      - 9002bfd0f43e9756318f76f24f0c151d
      Etag: 
      - "\"94eff1e439c10c546e5d1ba327c2dd89\""
      X-Runtime: 
      - "0.066831"
    body: 
      string: "{\"count\":1,\"entities\":[{\"id\":1589,\"type\":\"Product\",\"name\":\"Name\",\"attr_values\":{\"1994\":\"Name\"},\"catalog_id\":219,\"account_id\":1}]}"
    http_version: 
  recorded_at: Mon, 01 Apr 2013 23:43:38 GMT
- request: 
    method: delete
    uri: http://localhost:3000/v1/catalogs/219.json
    body: 
      string: ""
    headers: 
      Cookie: 
      - _session_id=BAh7B0kiD3Nlc3Npb25faWQGOgZFRkkiJWM4MTM4ZTZjOWVmOGQ1NjBiOTIxOTJiMzZjYTRiZTI2BjsAVEkiGXdhcmRlbi51c2VyLnVzZXIua2V5BjsAVFsISSIJVXNlcgY7AEZbBmkGSSIiJDJhJDEwJDVOMkZTQkE0TUI4Z2o4aWRseS5FZXUGOwBU--8f00621cdea5a9da5da51742b012a6e576e92639
      User-Agent: 
      - Faraday v0.8.7
      Accept: 
      - "*/*"
  response: 
    status: 
      code: 204
      message: "No Content "
    headers: 
      Cache-Control: 
      - no-cache
      Connection: 
      - close
      X-Ua-Compatible: 
      - IE=Edge
      Server: 
      - WEBrick/1.3.1 (Ruby/1.9.3/2012-11-10)
      Date: 
      - Mon, 01 Apr 2013 23:43:38 GMT
      X-Request-Id: 
      - bff8e253027be73a9fcb86e3ff22d7df
      X-Runtime: 
      - "0.167771"
    body: 
      string: ""
    http_version: 
  recorded_at: Mon, 01 Apr 2013 23:43:38 GMT
