--- 
recorded_with: VCR 2.4.0
http_interactions: 
- request: 
    method: post
    uri: http://localhost:3000/users/session.json
    body: 
      string: "{\"email\":\"admin@goodguide.com\",\"password\":\"password\"}"
    headers: 
      User-Agent: 
      - Faraday v0.8.7
      Accept: 
      - "*/*"
      Content-Type: 
      - application/json
  response: 
    status: 
      code: 201
      message: "Created "
    headers: 
      X-Runtime: 
      - "0.115310"
      Etag: 
      - "\"82c6075e33a603ee5c9219f9fdbb03e2\""
      Date: 
      - Mon, 06 May 2013 17:12:00 GMT
      Set-Cookie: 
      - _session_id=BAh7B0kiD3Nlc3Npb25faWQGOgZFRkkiJTc0NjY1MWUyZGRiOTIxMzg3NTgzMmE2ZTE5YzRkMmQwBjsAVEkiGXdhcmRlbi51c2VyLnVzZXIua2V5BjsAVFsISSIJVXNlcgY7AEZbBmkGSSIiJDJhJDEwJGJYcVFsUHZpdnhSWnhUcE1TOHQ1cnUGOwBU--ae55c35dc382554589778d63adeb71e96efe6b8e; path=/; HttpOnly
      Content-Length: 
      - "509"
      Server: 
      - WEBrick/1.3.1 (Ruby/1.9.3/2012-11-10)
      Connection: 
      - Keep-Alive
      Cache-Control: 
      - max-age=0, private, must-revalidate
      X-Request-Id: 
      - 68f66f450ee664113e3afe388ded19a7
      Content-Type: 
      - application/json; charset=utf-8
      Location: 
      - http://localhost:3000/
      X-Ua-Compatible: 
      - IE=Edge
    body: 
      string: "{\"account_id\":1,\"created_at\":\"2013-02-12T01:37:31Z\",\"email\":\"admin@goodguide.com\",\"first_name\":\"Admin\",\"id\":1,\"invitation_accepted_at\":null,\"invitation_limit\":null,\"invitation_sent_at\":null,\"invitation_token\":null,\"invited_by_id\":null,\"invited_by_type\":null,\"last_name\":\"User\",\"updated_at\":\"2013-05-06T17:12:00Z\",\"account_name\":\"GoodGuide\",\"roles\":[{\"created_at\":null,\"name\":\"superuser\",\"resource_id\":null,\"resource_type\":null,\"updated_at\":null,\"resource_name\":null}],\"last_sign_in_at\":\"2013-05-06T17:12:00Z\"}"
    http_version: 
  recorded_at: Mon, 06 May 2013 17:12:00 GMT
- request: 
    method: post
    uri: http://localhost:3000/v1/catalogs.json
    body: 
      string: "{\"name\":\"test\",\"description\":\"test_catalog\"}"
    headers: 
      Cookie: 
      - _session_id=BAh7B0kiD3Nlc3Npb25faWQGOgZFRkkiJTc0NjY1MWUyZGRiOTIxMzg3NTgzMmE2ZTE5YzRkMmQwBjsAVEkiGXdhcmRlbi51c2VyLnVzZXIua2V5BjsAVFsISSIJVXNlcgY7AEZbBmkGSSIiJDJhJDEwJGJYcVFsUHZpdnhSWnhUcE1TOHQ1cnUGOwBU--ae55c35dc382554589778d63adeb71e96efe6b8e
      User-Agent: 
      - Faraday v0.8.7
      Accept: 
      - "*/*"
      Content-Type: 
      - application/json
  response: 
    status: 
      code: 201
      message: "Created "
    headers: 
      X-Runtime: 
      - "0.149260"
      Etag: 
      - "\"7d195c6890d13882b80757f3ebddf70e\""
      Date: 
      - Mon, 06 May 2013 17:12:01 GMT
      Content-Length: 
      - "268"
      Server: 
      - WEBrick/1.3.1 (Ruby/1.9.3/2012-11-10)
      Connection: 
      - Keep-Alive
      Cache-Control: 
      - max-age=0, private, must-revalidate
      X-Request-Id: 
      - fdb7d3208020a128be032b880a16a48c
      Content-Type: 
      - application/json; charset=utf-8
      Location: 
      - http://localhost:3000/v1/catalogs/163
      X-Ua-Compatible: 
      - IE=Edge
    body: 
      string: "{\"created_at\":\"2013-05-06T17:12:00Z\",\"description\":\"test_catalog\",\"has_entity_pages\":false,\"has_landing_page\":false,\"id\":163,\"image_src\":null,\"introduction\":null,\"name\":\"test\",\"primary_rating_field_id\":null,\"short_description\":null,\"updated_at\":\"2013-05-06T17:12:00Z\"}"
    http_version: 
  recorded_at: Mon, 06 May 2013 17:12:01 GMT
- request: 
    method: get
    uri: http://localhost:3000/v1/accounts/1.json
    body: 
      string: ""
    headers: 
      Cookie: 
      - _session_id=BAh7B0kiD3Nlc3Npb25faWQGOgZFRkkiJTc0NjY1MWUyZGRiOTIxMzg3NTgzMmE2ZTE5YzRkMmQwBjsAVEkiGXdhcmRlbi51c2VyLnVzZXIua2V5BjsAVFsISSIJVXNlcgY7AEZbBmkGSSIiJDJhJDEwJGJYcVFsUHZpdnhSWnhUcE1TOHQ1cnUGOwBU--ae55c35dc382554589778d63adeb71e96efe6b8e
      User-Agent: 
      - Faraday v0.8.7
      Accept: 
      - "*/*"
  response: 
    status: 
      code: 200
      message: "OK "
    headers: 
      X-Runtime: 
      - "0.007766"
      Etag: 
      - "\"324913d3dd3ec9d551462328aeb1289e\""
      Date: 
      - Mon, 06 May 2013 17:12:01 GMT
      Content-Length: 
      - "99"
      Server: 
      - WEBrick/1.3.1 (Ruby/1.9.3/2012-11-10)
      Connection: 
      - Keep-Alive
      Cache-Control: 
      - max-age=0, private, must-revalidate
      X-Request-Id: 
      - 76f5fa29b18b32f5199bc0110a766d28
      Content-Type: 
      - application/json; charset=utf-8
      X-Ua-Compatible: 
      - IE=Edge
    body: 
      string: "{\"created_at\":\"2012-09-06T20:48:07Z\",\"id\":1,\"name\":\"GoodGuide\",\"updated_at\":\"2012-09-06T20:48:07Z\"}"
    http_version: 
  recorded_at: Mon, 06 May 2013 17:12:01 GMT
- request: 
    method: get
    uri: http://localhost:3000/v1/fields.json?catalog_id=163&entity_type=Product&include%5B0%5D=schema&name=name
    body: 
      string: ""
    headers: 
      Cookie: 
      - _session_id=BAh7B0kiD3Nlc3Npb25faWQGOgZFRkkiJTc0NjY1MWUyZGRiOTIxMzg3NTgzMmE2ZTE5YzRkMmQwBjsAVEkiGXdhcmRlbi51c2VyLnVzZXIua2V5BjsAVFsISSIJVXNlcgY7AEZbBmkGSSIiJDJhJDEwJGJYcVFsUHZpdnhSWnhUcE1TOHQ1cnUGOwBU--ae55c35dc382554589778d63adeb71e96efe6b8e
      User-Agent: 
      - Faraday v0.8.7
      Accept: 
      - "*/*"
  response: 
    status: 
      code: 200
      message: "OK "
    headers: 
      X-Runtime: 
      - "0.030493"
      Etag: 
      - "\"30908f29f12816bd41cbdc1edda3c19e\""
      Date: 
      - Mon, 06 May 2013 17:12:01 GMT
      Content-Length: 
      - "553"
      Server: 
      - WEBrick/1.3.1 (Ruby/1.9.3/2012-11-10)
      Connection: 
      - Keep-Alive
      Cache-Control: 
      - max-age=0, private, must-revalidate
      X-Request-Id: 
      - 7fab79ec90f70f1eb4bfa830431ebb28
      Content-Type: 
      - application/json; charset=utf-8
      X-Ua-Compatible: 
      - IE=Edge
    body: 
      string: "[{\"allow_nil\":true,\"catalog_id\":163,\"created_at\":\"2013-05-06T17:12:01Z\",\"default_value\":null,\"enforces_uniqueness\":false,\"entity_type\":\"Product\",\"enum\":null,\"enum_titles\":null,\"group\":null,\"hint\":null,\"id\":2216,\"is_autocompleting\":false,\"is_hidden\":false,\"is_identifier\":false,\"is_list\":false,\"max_items\":null,\"min_items\":null,\"name\":\"name\",\"position\":0,\"referenced_catalog_id\":null,\"referenced_field_id\":null,\"rule\":null,\"sort\":null,\"source_field_id\":null,\"title\":\"Name\",\"updated_at\":\"2013-05-06T17:12:01Z\",\"visualization\":null,\"type\":\"IdentityField\"}]"
    http_version: 
  recorded_at: Mon, 06 May 2013 17:12:01 GMT
- request: 
    method: post
    uri: http://localhost:3000/v1/entities.json
    body: 
      string: "{\"account_id\":1,\"value_bindings\":{\"2216\":\"Name\"},\"type\":\"Product\",\"catalog_id\":163}"
    headers: 
      Cookie: 
      - _session_id=BAh7B0kiD3Nlc3Npb25faWQGOgZFRkkiJTc0NjY1MWUyZGRiOTIxMzg3NTgzMmE2ZTE5YzRkMmQwBjsAVEkiGXdhcmRlbi51c2VyLnVzZXIua2V5BjsAVFsISSIJVXNlcgY7AEZbBmkGSSIiJDJhJDEwJGJYcVFsUHZpdnhSWnhUcE1TOHQ1cnUGOwBU--ae55c35dc382554589778d63adeb71e96efe6b8e
      User-Agent: 
      - Faraday v0.8.7
      Accept: 
      - "*/*"
      Content-Type: 
      - application/json
  response: 
    status: 
      code: 201
      message: "Created "
    headers: 
      X-Runtime: 
      - "0.069587"
      Etag: 
      - "\"e04da015f468dbbbed2639a4e119fb5b\""
      Date: 
      - Mon, 06 May 2013 17:12:01 GMT
      Content-Length: 
      - "109"
      Server: 
      - WEBrick/1.3.1 (Ruby/1.9.3/2012-11-10)
      Connection: 
      - Keep-Alive
      Cache-Control: 
      - max-age=0, private, must-revalidate
      X-Request-Id: 
      - 3e160da350e542df241df8914c588d30
      Content-Type: 
      - application/json; charset=utf-8
      Location: 
      - http://localhost:3000/v1/entities/189319
      X-Ua-Compatible: 
      - IE=Edge
    body: 
      string: "{\"id\":189319,\"type\":\"Product\",\"name\":\"Name\",\"value_bindings\":{\"2216\":\"Name\"},\"catalog_id\":163,\"account_id\":1}"
    http_version: 
  recorded_at: Mon, 06 May 2013 17:12:01 GMT
- request: 
    method: post
    uri: http://localhost:3000/v1/entities.json
    body: 
      string: "{\"account_id\":1,\"value_bindings\":{\"2216\":\"Name 2\"},\"type\":\"Product\",\"catalog_id\":163}"
    headers: 
      Cookie: 
      - _session_id=BAh7B0kiD3Nlc3Npb25faWQGOgZFRkkiJTc0NjY1MWUyZGRiOTIxMzg3NTgzMmE2ZTE5YzRkMmQwBjsAVEkiGXdhcmRlbi51c2VyLnVzZXIua2V5BjsAVFsISSIJVXNlcgY7AEZbBmkGSSIiJDJhJDEwJGJYcVFsUHZpdnhSWnhUcE1TOHQ1cnUGOwBU--ae55c35dc382554589778d63adeb71e96efe6b8e
      User-Agent: 
      - Faraday v0.8.7
      Accept: 
      - "*/*"
      Content-Type: 
      - application/json
  response: 
    status: 
      code: 201
      message: "Created "
    headers: 
      X-Runtime: 
      - "0.151959"
      Etag: 
      - "\"cd4e46084da645b9edf76b1e2eb6b0d8\""
      Date: 
      - Mon, 06 May 2013 17:12:01 GMT
      Content-Length: 
      - "113"
      Server: 
      - WEBrick/1.3.1 (Ruby/1.9.3/2012-11-10)
      Connection: 
      - Keep-Alive
      Cache-Control: 
      - max-age=0, private, must-revalidate
      X-Request-Id: 
      - ee8da62d67dbeac486c72d2b14adc1ac
      Content-Type: 
      - application/json; charset=utf-8
      Location: 
      - http://localhost:3000/v1/entities/189320
      X-Ua-Compatible: 
      - IE=Edge
    body: 
      string: "{\"id\":189320,\"type\":\"Product\",\"name\":\"Name 2\",\"value_bindings\":{\"2216\":\"Name 2\"},\"catalog_id\":163,\"account_id\":1}"
    http_version: 
  recorded_at: Mon, 06 May 2013 17:12:01 GMT
- request: 
    method: get
    uri: http://localhost:3000/v1/entities.json?id%5B0%5D=189319&id%5B1%5D=189320
    body: 
      string: ""
    headers: 
      Cookie: 
      - _session_id=BAh7B0kiD3Nlc3Npb25faWQGOgZFRkkiJTc0NjY1MWUyZGRiOTIxMzg3NTgzMmE2ZTE5YzRkMmQwBjsAVEkiGXdhcmRlbi51c2VyLnVzZXIua2V5BjsAVFsISSIJVXNlcgY7AEZbBmkGSSIiJDJhJDEwJGJYcVFsUHZpdnhSWnhUcE1TOHQ1cnUGOwBU--ae55c35dc382554589778d63adeb71e96efe6b8e
      User-Agent: 
      - Faraday v0.8.7
      Accept: 
      - "*/*"
  response: 
    status: 
      code: 200
      message: "OK "
    headers: 
      X-Runtime: 
      - "0.083659"
      Etag: 
      - "\"b7cbb1013cafea77499a0e9f6bb30daf\""
      Date: 
      - Mon, 06 May 2013 17:12:01 GMT
      Content-Length: 
      - "248"
      Server: 
      - WEBrick/1.3.1 (Ruby/1.9.3/2012-11-10)
      Connection: 
      - Keep-Alive
      Cache-Control: 
      - max-age=0, private, must-revalidate
      X-Request-Id: 
      - 02ca783dbbdbc0f6761ada1681ecef36
      Content-Type: 
      - application/json; charset=utf-8
      X-Ua-Compatible: 
      - IE=Edge
    body: 
      string: "{\"count\":2,\"entities\":[{\"id\":189319,\"type\":\"Product\",\"name\":\"Name\",\"value_bindings\":{\"2216\":\"Name\"},\"catalog_id\":163,\"account_id\":1},{\"id\":189320,\"type\":\"Product\",\"name\":\"Name 2\",\"value_bindings\":{\"2216\":\"Name 2\"},\"catalog_id\":163,\"account_id\":1}]}"
    http_version: 
  recorded_at: Mon, 06 May 2013 17:12:01 GMT
- request: 
    method: get
    uri: http://localhost:3000/v1/entities.json?id%5B0%5D=189319&id%5B1%5D=189321
    body: 
      string: ""
    headers: 
      Cookie: 
      - _session_id=BAh7B0kiD3Nlc3Npb25faWQGOgZFRkkiJTc0NjY1MWUyZGRiOTIxMzg3NTgzMmE2ZTE5YzRkMmQwBjsAVEkiGXdhcmRlbi51c2VyLnVzZXIua2V5BjsAVFsISSIJVXNlcgY7AEZbBmkGSSIiJDJhJDEwJGJYcVFsUHZpdnhSWnhUcE1TOHQ1cnUGOwBU--ae55c35dc382554589778d63adeb71e96efe6b8e
      User-Agent: 
      - Faraday v0.8.7
      Accept: 
      - "*/*"
  response: 
    status: 
      code: 200
      message: "OK "
    headers: 
      X-Runtime: 
      - "0.053630"
      Etag: 
      - "\"8502939c4a821b5ba370a11970d4ba86\""
      Date: 
      - Mon, 06 May 2013 17:12:01 GMT
      Content-Length: 
      - "134"
      Server: 
      - WEBrick/1.3.1 (Ruby/1.9.3/2012-11-10)
      Connection: 
      - Keep-Alive
      Cache-Control: 
      - max-age=0, private, must-revalidate
      X-Request-Id: 
      - ca7be4be97d7aca13e70d6c228a83687
      Content-Type: 
      - application/json; charset=utf-8
      X-Ua-Compatible: 
      - IE=Edge
    body: 
      string: "{\"count\":1,\"entities\":[{\"id\":189319,\"type\":\"Product\",\"name\":\"Name\",\"value_bindings\":{\"2216\":\"Name\"},\"catalog_id\":163,\"account_id\":1}]}"
    http_version: 
  recorded_at: Mon, 06 May 2013 17:12:01 GMT
- request: 
    method: get
    uri: http://localhost:3000/v1/entities.json?id%5B0%5D=189319&id%5B1%5D=189320&type=Product
    body: 
      string: ""
    headers: 
      Cookie: 
      - _session_id=BAh7B0kiD3Nlc3Npb25faWQGOgZFRkkiJTc0NjY1MWUyZGRiOTIxMzg3NTgzMmE2ZTE5YzRkMmQwBjsAVEkiGXdhcmRlbi51c2VyLnVzZXIua2V5BjsAVFsISSIJVXNlcgY7AEZbBmkGSSIiJDJhJDEwJGJYcVFsUHZpdnhSWnhUcE1TOHQ1cnUGOwBU--ae55c35dc382554589778d63adeb71e96efe6b8e
      User-Agent: 
      - Faraday v0.8.7
      Accept: 
      - "*/*"
  response: 
    status: 
      code: 200
      message: "OK "
    headers: 
      X-Runtime: 
      - "0.125028"
      Etag: 
      - "\"b7cbb1013cafea77499a0e9f6bb30daf\""
      Date: 
      - Mon, 06 May 2013 17:12:01 GMT
      Content-Length: 
      - "248"
      Server: 
      - WEBrick/1.3.1 (Ruby/1.9.3/2012-11-10)
      Connection: 
      - Keep-Alive
      Cache-Control: 
      - max-age=0, private, must-revalidate
      X-Request-Id: 
      - 21ba8f50e307d4572ebeeebb95fa6b0f
      Content-Type: 
      - application/json; charset=utf-8
      X-Ua-Compatible: 
      - IE=Edge
    body: 
      string: "{\"count\":2,\"entities\":[{\"id\":189319,\"type\":\"Product\",\"name\":\"Name\",\"value_bindings\":{\"2216\":\"Name\"},\"catalog_id\":163,\"account_id\":1},{\"id\":189320,\"type\":\"Product\",\"name\":\"Name 2\",\"value_bindings\":{\"2216\":\"Name 2\"},\"catalog_id\":163,\"account_id\":1}]}"
    http_version: 
  recorded_at: Mon, 06 May 2013 17:12:01 GMT
- request: 
    method: get
    uri: http://localhost:3000/v1/entities.json?id%5B0%5D=189319&id%5B1%5D=189320&type=Brand
    body: 
      string: ""
    headers: 
      Cookie: 
      - _session_id=BAh7B0kiD3Nlc3Npb25faWQGOgZFRkkiJTc0NjY1MWUyZGRiOTIxMzg3NTgzMmE2ZTE5YzRkMmQwBjsAVEkiGXdhcmRlbi51c2VyLnVzZXIua2V5BjsAVFsISSIJVXNlcgY7AEZbBmkGSSIiJDJhJDEwJGJYcVFsUHZpdnhSWnhUcE1TOHQ1cnUGOwBU--ae55c35dc382554589778d63adeb71e96efe6b8e
      User-Agent: 
      - Faraday v0.8.7
      Accept: 
      - "*/*"
  response: 
    status: 
      code: 200
      message: "OK "
    headers: 
      X-Runtime: 
      - "0.027833"
      Etag: 
      - "\"95fd5bb84cecd559b5ed9c603d45f593\""
      Date: 
      - Mon, 06 May 2013 17:12:01 GMT
      Content-Length: 
      - "25"
      Server: 
      - WEBrick/1.3.1 (Ruby/1.9.3/2012-11-10)
      Connection: 
      - Keep-Alive
      Cache-Control: 
      - max-age=0, private, must-revalidate
      X-Request-Id: 
      - 7af54203709cd1fda15572a2c9f59dbf
      Content-Type: 
      - application/json; charset=utf-8
      X-Ua-Compatible: 
      - IE=Edge
    body: 
      string: "{\"count\":0,\"entities\":[]}"
    http_version: 
  recorded_at: Mon, 06 May 2013 17:12:01 GMT
- request: 
    method: delete
    uri: http://localhost:3000/v1/catalogs/163.json
    body: 
      string: ""
    headers: 
      Cookie: 
      - _session_id=BAh7B0kiD3Nlc3Npb25faWQGOgZFRkkiJTc0NjY1MWUyZGRiOTIxMzg3NTgzMmE2ZTE5YzRkMmQwBjsAVEkiGXdhcmRlbi51c2VyLnVzZXIua2V5BjsAVFsISSIJVXNlcgY7AEZbBmkGSSIiJDJhJDEwJGJYcVFsUHZpdnhSWnhUcE1TOHQ1cnUGOwBU--ae55c35dc382554589778d63adeb71e96efe6b8e
      User-Agent: 
      - Faraday v0.8.7
      Accept: 
      - "*/*"
  response: 
    status: 
      code: 204
      message: "No Content "
    headers: 
      X-Runtime: 
      - "0.163936"
      Date: 
      - Mon, 06 May 2013 17:12:02 GMT
      Server: 
      - WEBrick/1.3.1 (Ruby/1.9.3/2012-11-10)
      Connection: 
      - close
      Cache-Control: 
      - no-cache
      X-Request-Id: 
      - 92d18b5c3687e3e88371ea1612f05ca1
      X-Ua-Compatible: 
      - IE=Edge
    body: 
      string: ""
    http_version: 
  recorded_at: Mon, 06 May 2013 17:12:02 GMT
